54.36.115.221 - - [17/May/2023:21:14:05 +0000] "POST / HTTP/1.1" 405 401 "-" "Mozilla/5.0 (X11; Linux x86_64) AppleWebKit/537.36 (KHTML, like Gecko) Chrome/81.0.4044.129 Safari/537.36"
54.36.115.221 - - [17/May/2023:21:14:05 +0000] "GET /.env HTTP/1.1" 404 419 "-" "Mozilla/5.0 (X11; Linux x86_64) AppleWebKit/537.36 (KHTML, like Gecko) Chrome/81.0.4044.129 Safari/537.36"
20.62.200.27 - - [17/May/2023:21:26:16 +0000] "GET / HTTP/1.1" 200 6640 "-" "Mozilla/5.0 (Windows NT 10.0; Win64; x64) AppleWebKit/537.36 (KHTML, like Gecko) Chrome/95.0.4638.69 Safari/537.36"
20.62.200.27 - - [17/May/2023:21:26:21 +0000] "GET / HTTP/1.1" 200 6639 "-" "Mozilla/5.0 (Windows NT 10.0; Win64; x64) AppleWebKit/537.36 (KHTML, like Gecko) Chrome/95.0.4638.69 Safari/537.36"
20.62.200.27 - - [17/May/2023:21:26:22 +0000] "GET /feed/ HTTP/1.1" 404 418 "-" "Mozilla/5.0 (Windows NT 10.0; Win64; x64) AppleWebKit/537.36 (KHTML, like Gecko) Chrome/95.0.4638.69 Safari/537.36"
20.62.200.27 - - [17/May/2023:21:26:23 +0000] "GET /xmlrpc.php?rsd HTTP/1.1" 404 418 "-" "Mozilla/5.0 (Windows NT 10.0; Win64; x64) AppleWebKit/537.36 (KHTML, like Gecko) Chrome/95.0.4638.69 Safari/537.36"
20.62.200.27 - - [17/May/2023:21:26:23 +0000] "GET /blog/wp-includes/wlwmanifest.xml HTTP/1.1" 404 418 "-" "Mozilla/5.0 (Windows NT 10.0; Win64; x64) AppleWebKit/537.36 (KHTML, like Gecko) Chrome/95.0.4638.69 Safari/537.36"
20.62.200.27 - - [17/May/2023:21:26:24 +0000] "GET /web/wp-includes/wlwmanifest.xml HTTP/1.1" 404 418 "-" "Mozilla/5.0 (Windows NT 10.0; Win64; x64) AppleWebKit/537.36 (KHTML, like Gecko) Chrome/95.0.4638.69 Safari/537.36"
20.62.200.27 - - [17/May/2023:21:26:24 +0000] "GET /wordpress/wp-includes/wlwmanifest.xml HTTP/1.1" 404 418 "-" "Mozilla/5.0 (Windows NT 10.0; Win64; x64) AppleWebKit/537.36 (KHTML, like Gecko) Chrome/95.0.4638.69 Safari/537.36"
20.62.200.27 - - [17/May/2023:21:26:24 +0000] "GET /wp/wp-includes/wlwmanifest.xml HTTP/1.1" 404 418 "-" "Mozilla/5.0 (Windows NT 10.0; Win64; x64) AppleWebKit/537.36 (KHTML, like Gecko) Chrome/95.0.4638.69 Safari/537.36"
20.62.200.27 - - [17/May/2023:21:26:24 +0000] "GET /2020/wp-includes/wlwmanifest.xml HTTP/1.1" 404 418 "-" "Mozilla/5.0 (Windows NT 10.0; Win64; x64) AppleWebKit/537.36 (KHTML, like Gecko) Chrome/95.0.4638.69 Safari/537.36"
20.62.200.27 - - [17/May/2023:21:26:25 +0000] "GET /2019/wp-includes/wlwmanifest.xml HTTP/1.1" 404 418 "-" "Mozilla/5.0 (Windows NT 10.0; Win64; x64) AppleWebKit/537.36 (KHTML, like Gecko) Chrome/95.0.4638.69 Safari/537.36"
20.62.200.27 - - [17/May/2023:21:26:25 +0000] "GET /2021/wp-includes/wlwmanifest.xml HTTP/1.1" 404 418 "-" "Mozilla/5.0 (Windows NT 10.0; Win64; x64) AppleWebKit/537.36 (KHTML, like Gecko) Chrome/95.0.4638.69 Safari/537.36"
20.62.200.27 - - [17/May/2023:21:26:25 +0000] "GET /shop/wp-includes/wlwmanifest.xml HTTP/1.1" 404 418 "-" "Mozilla/5.0 (Windows NT 10.0; Win64; x64) AppleWebKit/537.36 (KHTML, like Gecko) Chrome/95.0.4638.69 Safari/537.36"
20.62.200.27 - - [17/May/2023:21:26:26 +0000] "GET /wp1/wp-includes/wlwmanifest.xml HTTP/1.1" 404 418 "-" "Mozilla/5.0 (Windows NT 10.0; Win64; x64) AppleWebKit/537.36 (KHTML, like Gecko) Chrome/95.0.4638.69 Safari/537.36"
20.62.200.27 - - [17/May/2023:21:26:26 +0000] "GET /test/wp-includes/wlwmanifest.xml HTTP/1.1" 404 418 "-" "Mozilla/5.0 (Windows NT 10.0; Win64; x64) AppleWebKit/537.36 (KHTML, like Gecko) Chrome/95.0.4638.69 Safari/537.36"
20.62.200.27 - - [17/May/2023:21:26:26 +0000] "GET /site/wp-includes/wlwmanifest.xml HTTP/1.1" 404 418 "-" "Mozilla/5.0 (Windows NT 10.0; Win64; x64) AppleWebKit/537.36 (KHTML, like Gecko) Chrome/95.0.4638.69 Safari/537.36"
20.62.200.27 - - [17/May/2023:21:26:26 +0000] "GET /cms/wp-includes/wlwmanifest.xml HTTP/1.1" 404 418 "-" "Mozilla/5.0 (Windows NT 10.0; Win64; x64) AppleWebKit/537.36 (KHTML, like Gecko) Chrome/95.0.4638.69 Safari/537.36"
54.36.115.221 - - [17/May/2023:21:55:29 +0000] "POST / HTTP/1.1" 405 401 "-" "Mozilla/5.0 (X11; Linux x86_64) AppleWebKit/537.36 (KHTML, like Gecko) Chrome/81.0.4044.129 Safari/537.36"
54.36.115.221 - - [17/May/2023:21:55:29 +0000] "GET /.env HTTP/1.1" 404 419 "-" "Mozilla/5.0 (X11; Linux x86_64) AppleWebKit/537.36 (KHTML, like Gecko) Chrome/81.0.4044.129 Safari/537.36"
177.39.131.52 - - [17/May/2023:22:25:43 +0000] "GET /.env',%20'/core/.env',%20'/app/.env',%20'/public/.env','/laravel/.env','/laravel/core/.env','/beta/.env','/kyc/.env','/admin/.env','/prod/.env','/api/.env HTTP/1.1" 404 419 "-" "Mozilla/5.0 (Linux; U; Android 4.4.2; en-US; HM NOTE 1W Build/KOT49H) AppleWebKit/534.30 (KHTML, like Gecko) Version/4.0 UCBrowser/11.0.5.850 U3/0.8.0 Mobile Safari/534.30"
177.39.131.52 - - [17/May/2023:22:25:43 +0000] "POST / HTTP/1.1" 405 401 "-" "Mozilla/5.0 (Linux; U; Android 4.4.2; en-US; HM NOTE 1W Build/KOT49H) AppleWebKit/534.30 (KHTML, like Gecko) Version/4.0 UCBrowser/11.0.5.850 U3/0.8.0 Mobile Safari/534.30"
78.142.18.220 - - [17/May/2023:22:31:18 +0000] "GET / HTTP/1.1" 200 2113 "-" "Linux Gnu (cow)"
54.36.115.221 - - [17/May/2023:22:34:33 +0000] "POST / HTTP/1.1" 405 401 "-" "Mozilla/5.0 (X11; Linux x86_64) AppleWebKit/537.36 (KHTML, like Gecko) Chrome/81.0.4044.129 Safari/537.36"
54.36.115.221 - - [17/May/2023:22:34:33 +0000] "GET /.env HTTP/1.1" 404 419 "-" "Mozilla/5.0 (X11; Linux x86_64) AppleWebKit/537.36 (KHTML, like Gecko) Chrome/81.0.4044.129 Safari/537.36"
13.49.238.92 - - [17/May/2023:22:38:15 +0000] "GET /.env HTTP/1.1" 404 419 "-" "Mozilla/5.0 (X11; Linux x86_64) AppleWebKit/537.36 (KHTML, like Gecko) Chrome/81.0.4044.129 Safari/537.36"
13.49.238.92 - - [17/May/2023:22:38:16 +0000] "POST / HTTP/1.1" 405 401 "-" "Mozilla/5.0 (X11; Linux x86_64) AppleWebKit/537.36 (KHTML, like Gecko) Chrome/81.0.4044.129 Safari/537.36"
167.94.138.50 - - [17/May/2023:23:11:13 +0000] "GET / HTTP/1.1" 200 6584 "-" "-"
167.94.138.50 - - [17/May/2023:23:11:13 +0000] "GET / HTTP/1.1" 200 2094 "-" "Mozilla/5.0 (compatible; CensysInspect/1.1; +https://about.censys.io/)"
167.94.138.50 - - [17/May/2023:23:11:13 +0000] "GET /logo.jpg HTTP/1.1" 404 382 "-" "Mozilla/5.0 (compatible; CensysInspect/1.1; +https://about.censys.io/)"
167.94.138.50 - - [17/May/2023:23:11:13 +0000] "GET /favicon.ico HTTP/1.1" 404 382 "-" "Mozilla/5.0 (compatible; CensysInspect/1.1; +https://about.censys.io/)"
54.36.115.221 - - [17/May/2023:23:23:21 +0000] "POST / HTTP/1.1" 405 401 "-" "Mozilla/5.0 (X11; Linux x86_64) AppleWebKit/537.36 (KHTML, like Gecko) Chrome/81.0.4044.129 Safari/537.36"
54.36.115.221 - - [17/May/2023:23:23:22 +0000] "GET /.env HTTP/1.1" 404 419 "-" "Mozilla/5.0 (X11; Linux x86_64) AppleWebKit/537.36 (KHTML, like Gecko) Chrome/81.0.4044.129 Safari/537.36"
223.247.179.42 - - [17/May/2023:23:25:01 +0000] "GET / HTTP/1.1" 200 2113 "-" "Mozilla/5.0 (iPhone; CPU iPhone OS 13_2_3 like Mac OS X) AppleWebKit/605.1.15 (KHTML, like Gecko) Version/13.0.3 Mobile/15E148 Safari/604.1"
130.211.54.158 - - [17/May/2023:23:48:33 +0000] "GET / HTTP/1.1" 200 2150 "-" "python-requests/2.28.2"
54.36.115.221 - - [17/May/2023:23:55:36 +0000] "POST / HTTP/1.1" 405 401 "-" "Mozilla/5.0 (X11; Linux x86_64) AppleWebKit/537.36 (KHTML, like Gecko) Chrome/81.0.4044.129 Safari/537.36"
54.36.115.221 - - [17/May/2023:23:55:36 +0000] "GET /.env HTTP/1.1" 404 419 "-" "Mozilla/5.0 (X11; Linux x86_64) AppleWebKit/537.36 (KHTML, like Gecko) Chrome/81.0.4044.129 Safari/537.36"
113.30.148.166 - - [17/May/2023:23:56:24 +0000] "GET /.git/config HTTP/1.1" 404 419 "-" "Mozilla/5.0 (X11; Linux x86_64) AppleWebKit/537.36 (KHTML, like Gecko) Chrome/81.0.4044.129 Safari/537.36"
54.36.115.221 - - [18/May/2023:00:25:06 +0000] "POST / HTTP/1.1" 405 401 "-" "Mozilla/5.0 (X11; Linux x86_64) AppleWebKit/537.36 (KHTML, like Gecko) Chrome/81.0.4044.129 Safari/537.36"
54.36.115.221 - - [18/May/2023:00:25:07 +0000] "GET /.env HTTP/1.1" 404 419 "-" "Mozilla/5.0 (X11; Linux x86_64) AppleWebKit/537.36 (KHTML, like Gecko) Chrome/81.0.4044.129 Safari/537.36"
103.149.192.16 - - [18/May/2023:00:36:50 +0000] "GET / HTTP/1.1" 200 2094 "-" "Mozilla/5.0 (Windows NT 10.0; Win64; x64) AppleWebKit/537.36 (KHTML, like Gecko) Chrome/79.0.3945.130 Safari/537.36"
54.36.115.221 - - [18/May/2023:01:11:26 +0000] "POST / HTTP/1.1" 405 401 "-" "Mozilla/5.0 (X11; Linux x86_64) AppleWebKit/537.36 (KHTML, like Gecko) Chrome/81.0.4044.129 Safari/537.36"
54.36.115.221 - - [18/May/2023:01:11:26 +0000] "GET /.env HTTP/1.1" 404 419 "-" "Mozilla/5.0 (X11; Linux x86_64) AppleWebKit/537.36 (KHTML, like Gecko) Chrome/81.0.4044.129 Safari/537.36"
162.216.150.112 - - [18/May/2023:01:13:37 +0000] "GET / HTTP/1.1" 200 6584 "-" "Expanse, a Palo Alto Networks company, searches across the global IPv4 space multiple times per day to identify customers&#39; presences on the Internet. If you would like to be excluded from our scans, please send IP addresses/domains to: scaninfo@paloaltonetworks.com"
66.249.69.203 - - [18/May/2023:01:14:29 +0000] "GET /robots.txt HTTP/1.1" 404 419 "-" "Mozilla/5.0 (compatible; Googlebot/2.1; +http://www.google.com/bot.html)"
66.249.69.201 - - [18/May/2023:01:14:29 +0000] "GET /db.py HTTP/1.1" 404 419 "-" "Mozilla/5.0 (Linux; Android 6.0.1; Nexus 5X Build/MMB29P) AppleWebKit/537.36 (KHTML, like Gecko) Chrome/113.0.5672.92 Mobile Safari/537.36 (compatible; Googlebot/2.1; +http://www.google.com/bot.html)"
66.249.69.203 - - [18/May/2023:01:27:56 +0000] "GET /about.html HTTP/1.1" 404 419 "-" "Mozilla/5.0 (Linux; Android 6.0.1; Nexus 5X Build/MMB29P) AppleWebKit/537.36 (KHTML, like Gecko) Chrome/113.0.5672.92 Mobile Safari/537.36 (compatible; Googlebot/2.1; +http://www.google.com/bot.html)"
3.87.208.7 - - [18/May/2023:01:52:55 +0000] "GET / HTTP/1.1" 200 2150 "-" "Mozilla/5.0 (Windows NT 6.2;en-US) AppleWebKit/537.32.36 (KHTML, live Gecko) Chrome/50.0.3091.55 Safari/537.32"
20.1.154.236 - - [18/May/2023:01:56:28 +0000] "GET /.env HTTP/1.1" 404 419 "-" "Mozilla/5.0 (X11; Linux x86_64) AppleWebKit/537.36 (KHTML, like Gecko) Chrome/81.0.4044.129 Safari/537.36"
20.1.154.236 - - [18/May/2023:01:56:28 +0000] "POST / HTTP/1.1" 405 401 "-" "Mozilla/5.0 (X11; Linux x86_64) AppleWebKit/537.36 (KHTML, like Gecko) Chrome/81.0.4044.129 Safari/537.36"
54.36.115.221 - - [18/May/2023:01:59:30 +0000] "POST / HTTP/1.1" 405 401 "-" "Mozilla/5.0 (X11; Linux x86_64) AppleWebKit/537.36 (KHTML, like Gecko) Chrome/81.0.4044.129 Safari/537.36"
54.36.115.221 - - [18/May/2023:01:59:30 +0000] "GET /.env HTTP/1.1" 404 419 "-" "Mozilla/5.0 (X11; Linux x86_64) AppleWebKit/537.36 (KHTML, like Gecko) Chrome/81.0.4044.129 Safari/537.36"
113.30.148.166 - - [18/May/2023:02:05:40 +0000] "GET /.git/config HTTP/1.1" 404 419 "-" "Mozilla/5.0 (X11; Linux x86_64) AppleWebKit/537.36 (KHTML, like Gecko) Chrome/81.0.4044.129 Safari/537.36"
152.89.196.144 - - [18/May/2023:02:49:02 +0000] "GET /?XDEBUG_SESSION_START=phpstorm HTTP/1.1" 200 2113 "-" "Mozilla/5.0 (Windows NT 10.0; Win64; x64) AppleWebKit/537.36 (KHTML, like Gecko) Chrome/78.0.3904.108 Safari/537.36"
54.36.115.221 - - [18/May/2023:02:57:17 +0000] "POST / HTTP/1.1" 405 401 "-" "Mozilla/5.0 (X11; Linux x86_64) AppleWebKit/537.36 (KHTML, like Gecko) Chrome/81.0.4044.129 Safari/537.36"
54.36.115.221 - - [18/May/2023:02:57:17 +0000] "GET /.env HTTP/1.1" 404 419 "-" "Mozilla/5.0 (X11; Linux x86_64) AppleWebKit/537.36 (KHTML, like Gecko) Chrome/81.0.4044.129 Safari/537.36"
193.35.18.35 - - [18/May/2023:03:18:03 +0000] "GET / HTTP/1.1" 200 6640 "-" "Mozilla/5.0 (Windows NT 10.0; Win64; x64) AppleWebKit/537.36 (KHTML, like Gecko) Chrome/112.0.5615.138 Safari/537.36"
54.36.115.221 - - [18/May/2023:04:00:51 +0000] "POST / HTTP/1.1" 405 401 "-" "Mozilla/5.0 (X11; Linux x86_64) AppleWebKit/537.36 (KHTML, like Gecko) Chrome/81.0.4044.129 Safari/537.36"
54.36.115.221 - - [18/May/2023:04:00:51 +0000] "GET /.env HTTP/1.1" 404 419 "-" "Mozilla/5.0 (X11; Linux x86_64) AppleWebKit/537.36 (KHTML, like Gecko) Chrome/81.0.4044.129 Safari/537.36"
152.89.196.144 - - [18/May/2023:04:16:28 +0000] "GET /actuator/gateway/routes HTTP/1.1" 404 382 "-" "Mozilla/5.0 (Windows NT 10.0; Win64; x64) AppleWebKit/537.36 (KHTML, like Gecko) Chrome/78.0.3904.108 Safari/537.36"
103.89.88.147 - - [18/May/2023:04:32:49 +0000] "GET /.env HTTP/1.1" 404 419 "-" "Mozilla/5.0 (X11; Linux x86_64) AppleWebKit/537.36 (KHTML, like Gecko) Chrome/81.0.4044.129 Safari/537.36"
103.89.88.147 - - [18/May/2023:04:32:49 +0000] "POST / HTTP/1.1" 405 401 "-" "Mozilla/5.0 (X11; Linux x86_64) AppleWebKit/537.36 (KHTML, like Gecko) Chrome/81.0.4044.129 Safari/537.36"
66.249.69.205 - - [18/May/2023:04:39:42 +0000] "GET / HTTP/1.1" 200 2150 "-" "Mozilla/5.0 (Linux; Android 6.0.1; Nexus 5X Build/MMB29P) AppleWebKit/537.36 (KHTML, like Gecko) Chrome/113.0.5672.92 Mobile Safari/537.36 (compatible; Googlebot/2.1; +http://www.google.com/bot.html)"
54.36.115.221 - - [18/May/2023:04:44:33 +0000] "POST / HTTP/1.1" 405 401 "-" "Mozilla/5.0 (X11; Linux x86_64) AppleWebKit/537.36 (KHTML, like Gecko) Chrome/81.0.4044.129 Safari/537.36"
54.36.115.221 - - [18/May/2023:04:44:33 +0000] "GET /.env HTTP/1.1" 404 419 "-" "Mozilla/5.0 (X11; Linux x86_64) AppleWebKit/537.36 (KHTML, like Gecko) Chrome/81.0.4044.129 Safari/537.36"
103.38.237.172 - - [18/May/2023:05:02:11 +0000] "GET / HTTP/1.1" 200 2113 "-" "Linux Gnu (cow)"
54.36.115.221 - - [18/May/2023:05:12:07 +0000] "POST / HTTP/1.1" 405 401 "-" "Mozilla/5.0 (X11; Linux x86_64) AppleWebKit/537.36 (KHTML, like Gecko) Chrome/81.0.4044.129 Safari/537.36"
54.36.115.221 - - [18/May/2023:05:12:07 +0000] "GET /.env HTTP/1.1" 404 419 "-" "Mozilla/5.0 (X11; Linux x86_64) AppleWebKit/537.36 (KHTML, like Gecko) Chrome/81.0.4044.129 Safari/537.36"
54.36.115.221 - - [18/May/2023:05:34:52 +0000] "POST / HTTP/1.1" 405 401 "-" "Mozilla/5.0 (X11; Linux x86_64) AppleWebKit/537.36 (KHTML, like Gecko) Chrome/81.0.4044.129 Safari/537.36"
54.36.115.221 - - [18/May/2023:05:34:53 +0000] "GET /.env HTTP/1.1" 404 419 "-" "Mozilla/5.0 (X11; Linux x86_64) AppleWebKit/537.36 (KHTML, like Gecko) Chrome/81.0.4044.129 Safari/537.36"
66.249.69.205 - - [18/May/2023:05:45:34 +0000] "GET / HTTP/1.1" 200 2150 "-" "Mozilla/5.0 (compatible; Googlebot/2.1; +http://www.google.com/bot.html)"
185.142.236.43 - - [18/May/2023:05:45:34 +0000] "GET / HTTP/1.1" 200 6584 "-" "Mozilla/5.0 (Windows NT 6.1) AppleWebKit/537.36 (KHTML, like Gecko) Chrome/41.0.2228.0 Safari/537.36"
185.142.236.43 - - [18/May/2023:05:45:36 +0000] "GET /robots.txt HTTP/1.1" 404 363 "-" "-"
185.142.236.43 - - [18/May/2023:05:45:37 +0000] "GET /sitemap.xml HTTP/1.1" 404 363 "-" "-"
185.142.236.43 - - [18/May/2023:05:45:38 +0000] "GET /.well-known/security.txt HTTP/1.1" 404 363 "-" "-"
185.142.236.43 - - [18/May/2023:05:45:44 +0000] "GET /logo.jpg HTTP/1.1" 404 419 "-" "Mozilla/5.0 (Macintosh; Intel Mac OS X 10.15; rv:80.0) Gecko/20100101 Firefox/80.0"
193.35.18.65 - - [18/May/2023:05:48:35 +0000] "GET / HTTP/1.1" 200 6584 "-" "-"
193.35.18.65 - - [18/May/2023:05:48:36 +0000] "POST /HNAP1/ HTTP/1.1" 404 419 "-" "Mozila/5.0"
45.95.169.240 - - [18/May/2023:06:00:59 +0000] "POST /boaform/admin/formLogin HTTP/1.1" 404 419 "http://35.226.208.247:80/admin/login.asp" "Mozilla/5.0 (X11; Ubuntu; Linux x86_64; rv:71.0) Gecko/20100101 Firefox/71.0"
54.36.115.221 - - [18/May/2023:06:25:21 +0000] "POST / HTTP/1.1" 405 401 "-" "Mozilla/5.0 (X11; Linux x86_64) AppleWebKit/537.36 (KHTML, like Gecko) Chrome/81.0.4044.129 Safari/537.36"
54.36.115.221 - - [18/May/2023:06:25:21 +0000] "GET /.env HTTP/1.1" 404 419 "-" "Mozilla/5.0 (X11; Linux x86_64) AppleWebKit/537.36 (KHTML, like Gecko) Chrome/81.0.4044.129 Safari/537.36"
54.36.115.221 - - [18/May/2023:07:41:40 +0000] "POST / HTTP/1.1" 405 401 "-" "Mozilla/5.0 (X11; Linux x86_64) AppleWebKit/537.36 (KHTML, like Gecko) Chrome/81.0.4044.129 Safari/537.36"
54.36.115.221 - - [18/May/2023:07:41:40 +0000] "GET /.env HTTP/1.1" 404 419 "-" "Mozilla/5.0 (X11; Linux x86_64) AppleWebKit/537.36 (KHTML, like Gecko) Chrome/81.0.4044.129 Safari/537.36"
161.35.157.58 - - [18/May/2023:08:01:05 +0000] "GET / HTTP/1.1" 200 6584 "-" "Mozilla/5.0 (Windows NT 10.0; Win64; x64; rv:79.0) Gecko/20100101 Firefox/79.0"
54.36.115.221 - - [18/May/2023:08:14:32 +0000] "POST / HTTP/1.1" 405 401 "-" "Mozilla/5.0 (X11; Linux x86_64) AppleWebKit/537.36 (KHTML, like Gecko) Chrome/81.0.4044.129 Safari/537.36"
54.36.115.221 - - [18/May/2023:08:14:32 +0000] "GET /.env HTTP/1.1" 404 419 "-" "Mozilla/5.0 (X11; Linux x86_64) AppleWebKit/537.36 (KHTML, like Gecko) Chrome/81.0.4044.129 Safari/537.36"
54.36.115.221 - - [18/May/2023:09:16:20 +0000] "POST / HTTP/1.1" 405 401 "-" "Mozilla/5.0 (X11; Linux x86_64) AppleWebKit/537.36 (KHTML, like Gecko) Chrome/81.0.4044.129 Safari/537.36"
54.36.115.221 - - [18/May/2023:09:16:21 +0000] "GET /.env HTTP/1.1" 404 419 "-" "Mozilla/5.0 (X11; Linux x86_64) AppleWebKit/537.36 (KHTML, like Gecko) Chrome/81.0.4044.129 Safari/537.36"
54.36.115.221 - - [18/May/2023:10:37:59 +0000] "POST / HTTP/1.1" 405 401 "-" "Mozilla/5.0 (X11; Linux x86_64) AppleWebKit/537.36 (KHTML, like Gecko) Chrome/81.0.4044.129 Safari/537.36"
54.36.115.221 - - [18/May/2023:10:38:00 +0000] "GET /.env HTTP/1.1" 404 419 "-" "Mozilla/5.0 (X11; Linux x86_64) AppleWebKit/537.36 (KHTML, like Gecko) Chrome/81.0.4044.129 Safari/537.36"
103.38.237.172 - - [18/May/2023:11:06:01 +0000] "GET / HTTP/1.1" 200 2113 "-" "Linux Gnu (cow)"
54.36.115.221 - - [18/May/2023:11:15:50 +0000] "POST / HTTP/1.1" 405 401 "-" "Mozilla/5.0 (X11; Linux x86_64) AppleWebKit/537.36 (KHTML, like Gecko) Chrome/81.0.4044.129 Safari/537.36"
54.36.115.221 - - [18/May/2023:11:15:51 +0000] "GET /.env HTTP/1.1" 404 419 "-" "Mozilla/5.0 (X11; Linux x86_64) AppleWebKit/537.36 (KHTML, like Gecko) Chrome/81.0.4044.129 Safari/537.36"
193.42.32.124 - - [18/May/2023:11:22:58 +0000] "GET / HTTP/1.1" 200 2113 "-" "Mozilla/5.0 (X11; Ubuntu; Linux x86_64; rv:76.0) Gecko/20100101 Firefox/76.0"
114.116.220.83 - - [18/May/2023:11:31:45 +0000] "GET /admin/config.php HTTP/1.1" 404 363 "-" "curl/7.29.0"
66.249.72.6 - - [18/May/2023:11:41:04 +0000] "GET / HTTP/1.1" 200 2150 "http://pisscounter.com/" "Mozilla/5.0 AppleWebKit/537.36 (KHTML, like Gecko; compatible; Googlebot/2.1; +http://www.google.com/bot.html) Chrome/113.0.5672.63 Safari/537.36"
54.36.115.221 - - [18/May/2023:11:52:18 +0000] "POST / HTTP/1.1" 405 401 "-" "Mozilla/5.0 (X11; Linux x86_64) AppleWebKit/537.36 (KHTML, like Gecko) Chrome/81.0.4044.129 Safari/537.36"
54.36.115.221 - - [18/May/2023:11:52:18 +0000] "GET /.env HTTP/1.1" 404 419 "-" "Mozilla/5.0 (X11; Linux x86_64) AppleWebKit/537.36 (KHTML, like Gecko) Chrome/81.0.4044.129 Safari/537.36"
64.62.197.188 - - [18/May/2023:12:31:10 +0000] "GET / HTTP/1.1" 200 2094 "-" "Mozilla/5.0 (Windows NT 10.0; Win64; x64; rv:109.0) Gecko/20100101 Firefox/112.0"
64.62.197.186 - - [18/May/2023:12:32:43 +0000] "GET /favicon.ico HTTP/1.1" 404 363 "-" "Mozilla/5.0 (Windows NT 10.0; Win64; x64) AppleWebKit/537.36 (KHTML, like Gecko) Chrome/109.0.0.0 Safari/537.36 Edg/109.0.1518.70"
64.62.197.196 - - [18/May/2023:12:33:21 +0000] "GET /geoserver/web/ HTTP/1.1" 404 363 "-" "Mozilla/5.0 (Windows NT 10.0; Win64; x64; rv:109.0) Gecko/20100101 Firefox/112.0"
54.36.115.221 - - [18/May/2023:12:36:13 +0000] "POST / HTTP/1.1" 405 401 "-" "Mozilla/5.0 (X11; Linux x86_64) AppleWebKit/537.36 (KHTML, like Gecko) Chrome/81.0.4044.129 Safari/537.36"
54.36.115.221 - - [18/May/2023:12:36:14 +0000] "GET /.env HTTP/1.1" 404 419 "-" "Mozilla/5.0 (X11; Linux x86_64) AppleWebKit/537.36 (KHTML, like Gecko) Chrome/81.0.4044.129 Safari/537.36"
106.75.34.68 - - [18/May/2023:12:42:42 +0000] "GET / HTTP/1.1" 200 6584 "-" "-"
54.36.115.221 - - [18/May/2023:13:36:14 +0000] "POST / HTTP/1.1" 405 401 "-" "Mozilla/5.0 (X11; Linux x86_64) AppleWebKit/537.36 (KHTML, like Gecko) Chrome/81.0.4044.129 Safari/537.36"
54.36.115.221 - - [18/May/2023:13:36:14 +0000] "GET /.env HTTP/1.1" 404 419 "-" "Mozilla/5.0 (X11; Linux x86_64) AppleWebKit/537.36 (KHTML, like Gecko) Chrome/81.0.4044.129 Safari/537.36"
66.249.69.196 - - [18/May/2023:13:43:45 +0000] "GET /robots.txt HTTP/1.1" 404 419 "-" "Mozilla/5.0 (compatible; Googlebot/2.1; +http://www.google.com/bot.html)"
66.249.69.203 - - [18/May/2023:13:43:45 +0000] "GET / HTTP/1.1" 200 2150 "http://pisscounter.com/" "Mozilla/5.0 (Linux; Android 6.0.1; Nexus 5X Build/MMB29P) AppleWebKit/537.36 (KHTML, like Gecko) Chrome/113.0.5672.63 Mobile Safari/537.36 (compatible; Googlebot/2.1; +http://www.google.com/bot.html)"
54.36.115.221 - - [18/May/2023:14:11:40 +0000] "POST / HTTP/1.1" 405 401 "-" "Mozilla/5.0 (X11; Linux x86_64) AppleWebKit/537.36 (KHTML, like Gecko) Chrome/81.0.4044.129 Safari/537.36"
54.36.115.221 - - [18/May/2023:14:11:41 +0000] "GET /.env HTTP/1.1" 404 419 "-" "Mozilla/5.0 (X11; Linux x86_64) AppleWebKit/537.36 (KHTML, like Gecko) Chrome/81.0.4044.129 Safari/537.36"
45.128.232.121 - - [18/May/2023:14:57:51 +0000] "POST /boaform/admin/formLogin HTTP/1.1" 404 419 "http://35.226.208.247:80/admin/login.asp" "Mozilla/5.0 (X11; Ubuntu; Linux x86_64; rv:71.0) Gecko/20100101 Firefox/71.0"
54.36.115.221 - - [18/May/2023:15:11:59 +0000] "POST / HTTP/1.1" 405 401 "-" "Mozilla/5.0 (X11; Linux x86_64) AppleWebKit/537.36 (KHTML, like Gecko) Chrome/81.0.4044.129 Safari/537.36"
54.36.115.221 - - [18/May/2023:15:12:00 +0000] "GET /.env HTTP/1.1" 404 419 "-" "Mozilla/5.0 (X11; Linux x86_64) AppleWebKit/537.36 (KHTML, like Gecko) Chrome/81.0.4044.129 Safari/537.36"
54.36.115.221 - - [18/May/2023:15:29:24 +0000] "POST / HTTP/1.1" 405 401 "-" "Mozilla/5.0 (X11; Linux x86_64) AppleWebKit/537.36 (KHTML, like Gecko) Chrome/81.0.4044.129 Safari/537.36"
54.36.115.221 - - [18/May/2023:15:29:25 +0000] "GET /.env HTTP/1.1" 404 419 "-" "Mozilla/5.0 (X11; Linux x86_64) AppleWebKit/537.36 (KHTML, like Gecko) Chrome/81.0.4044.129 Safari/537.36"
66.249.69.205 - - [18/May/2023:15:38:09 +0000] "GET /icons/back.gif HTTP/1.1" 200 500 "-" "Googlebot-Image/1.0"
192.241.230.18 - - [18/May/2023:15:49:34 +0000] "GET / HTTP/1.1" 200 2094 "-" "Mozilla/5.0 zgrab/0.x"
23.251.102.74 - - [18/May/2023:15:51:06 +0000] "GET / HTTP/1.1" 200 2094 "-" "Mozilla/5.0 (Windows NT 10.0; Win64; x64) AppleWebKit/537.36 (KHTML, like Gecko) Chrome/60.0.3112.113 Safari/537.36"
103.38.237.172 - - [18/May/2023:15:55:41 +0000] "GET / HTTP/1.1" 200 2113 "-" "Linux Gnu (cow)"
14.189.122.5 - - [18/May/2023:16:02:29 +0000] "GET /app/.env HTTP/1.1" 404 419 "-" "Mozilla/5.0 (X11; Linux x86_64) AppleWebKit/537.36 (KHTML, like Gecko) Chrome/81.0.4044.129 Safari/537.36"
14.189.122.5 - - [18/May/2023:16:02:30 +0000] "POST /app HTTP/1.1" 404 419 "-" "Mozilla/5.0 (X11; Linux x86_64) AppleWebKit/537.36 (KHTML, like Gecko) Chrome/81.0.4044.129 Safari/537.36"
54.36.115.221 - - [18/May/2023:16:07:52 +0000] "POST / HTTP/1.1" 405 401 "-" "Mozilla/5.0 (X11; Linux x86_64) AppleWebKit/537.36 (KHTML, like Gecko) Chrome/81.0.4044.129 Safari/537.36"
54.36.115.221 - - [18/May/2023:16:07:52 +0000] "GET /.env HTTP/1.1" 404 419 "-" "Mozilla/5.0 (X11; Linux x86_64) AppleWebKit/537.36 (KHTML, like Gecko) Chrome/81.0.4044.129 Safari/537.36"
185.233.19.118 - - [18/May/2023:16:20:19 +0000] "GET / HTTP/1.1" 200 6584 "-" "-"
66.249.69.203 - - [18/May/2023:16:44:07 +0000] "GET /pisscounter.conf HTTP/1.1" 404 419 "-" "Mozilla/5.0 (Linux; Android 6.0.1; Nexus 5X Build/MMB29P) AppleWebKit/537.36 (KHTML, like Gecko) Chrome/113.0.5672.92 Mobile Safari/537.36 (compatible; Googlebot/2.1; +http://www.google.com/bot.html)"
172.104.210.105 - - [18/May/2023:17:03:19 +0000] "GET / HTTP/1.1" 200 2094 "-" "Mozilla/5.0 zgrab/0.x"
103.89.88.147 - - [18/May/2023:17:14:24 +0000] "GET /.env HTTP/1.1" 404 419 "-" "Mozilla/5.0 (Macintosh; Intel Mac OS X 10.15; rv:77.0) Gecko/20100101 Firefox/77.0"
4.17.224.134 - - [18/May/2023:17:20:14 +0000] "GET /backend/.env HTTP/1.1" 404 419 "-" "Mozilla/5.0 (X11; Linux x86_64) AppleWebKit/537.36 (KHTML, like Gecko) Chrome/81.0.4044.129 Safari/537.36"
4.17.224.134 - - [18/May/2023:17:20:14 +0000] "POST /backend HTTP/1.1" 404 419 "-" "Mozilla/5.0 (X11; Linux x86_64) AppleWebKit/537.36 (KHTML, like Gecko) Chrome/81.0.4044.129 Safari/537.36"
54.36.115.221 - - [18/May/2023:17:24:04 +0000] "POST / HTTP/1.1" 405 401 "-" "Mozilla/5.0 (X11; Linux x86_64) AppleWebKit/537.36 (KHTML, like Gecko) Chrome/81.0.4044.129 Safari/537.36"
54.36.115.221 - - [18/May/2023:17:24:04 +0000] "GET /.env HTTP/1.1" 404 419 "-" "Mozilla/5.0 (X11; Linux x86_64) AppleWebKit/537.36 (KHTML, like Gecko) Chrome/81.0.4044.129 Safari/537.36"
47.100.255.132 - - [18/May/2023:17:30:04 +0000] "GET /admin/config.php HTTP/1.1" 404 363 "-" "curl/7.29.0"
54.36.115.221 - - [18/May/2023:17:44:09 +0000] "POST / HTTP/1.1" 405 401 "-" "Mozilla/5.0 (X11; Linux x86_64) AppleWebKit/537.36 (KHTML, like Gecko) Chrome/81.0.4044.129 Safari/537.36"
54.36.115.221 - - [18/May/2023:17:44:09 +0000] "GET /.env HTTP/1.1" 404 419 "-" "Mozilla/5.0 (X11; Linux x86_64) AppleWebKit/537.36 (KHTML, like Gecko) Chrome/81.0.4044.129 Safari/537.36"
223.247.179.42 - - [18/May/2023:18:24:14 +0000] "GET / HTTP/1.1" 200 2113 "-" "Mozilla/5.0 (iPhone; CPU iPhone OS 13_2_3 like Mac OS X) AppleWebKit/605.1.15 (KHTML, like Gecko) Version/13.0.3 Mobile/15E148 Safari/604.1"
87.121.221.49 - - [18/May/2023:18:28:53 +0000] "POST /boaform/admin/formLogin HTTP/1.1" 404 419 "http://35.226.208.247:80/admin/login.asp" "Mozilla/5.0 (X11; Ubuntu; Linux x86_64; rv:71.0) Gecko/20100101 Firefox/71.0"
66.249.69.203 - - [18/May/2023:18:40:50 +0000] "GET /logon HTTP/1.1" 200 1690 "-" "Mozilla/5.0 (Linux; Android 6.0.1; Nexus 5X Build/MMB29P) AppleWebKit/537.36 (KHTML, like Gecko) Chrome/113.0.5672.92 Mobile Safari/537.36 (compatible; Googlebot/2.1; +http://www.google.com/bot.html)"
54.36.115.221 - - [18/May/2023:18:43:17 +0000] "POST / HTTP/1.1" 405 401 "-" "Mozilla/5.0 (X11; Linux x86_64) AppleWebKit/537.36 (KHTML, like Gecko) Chrome/81.0.4044.129 Safari/537.36"
54.36.115.221 - - [18/May/2023:18:43:17 +0000] "GET /.env HTTP/1.1" 404 419 "-" "Mozilla/5.0 (X11; Linux x86_64) AppleWebKit/537.36 (KHTML, like Gecko) Chrome/81.0.4044.129 Safari/537.36"
54.36.115.221 - - [18/May/2023:19:14:29 +0000] "POST / HTTP/1.1" 405 401 "-" "Mozilla/5.0 (X11; Linux x86_64) AppleWebKit/537.36 (KHTML, like Gecko) Chrome/81.0.4044.129 Safari/537.36"
54.36.115.221 - - [18/May/2023:19:14:29 +0000] "GET /.env HTTP/1.1" 404 419 "-" "Mozilla/5.0 (X11; Linux x86_64) AppleWebKit/537.36 (KHTML, like Gecko) Chrome/81.0.4044.129 Safari/537.36"
103.90.207.102 - - [18/May/2023:20:01:58 +0000] "GET / HTTP/1.1" 200 6584 "-" "Mozilla/5.0 (Windows NT 6.1; WOW64) AppleWebKit/537.36 (KHTML, like Gecko) Chrome/51.0.2704.103 Safari/537.36"
54.36.115.221 - - [18/May/2023:20:09:17 +0000] "POST / HTTP/1.1" 405 401 "-" "Mozilla/5.0 (X11; Linux x86_64) AppleWebKit/537.36 (KHTML, like Gecko) Chrome/81.0.4044.129 Safari/537.36"
54.36.115.221 - - [18/May/2023:20:09:18 +0000] "GET /.env HTTP/1.1" 404 419 "-" "Mozilla/5.0 (X11; Linux x86_64) AppleWebKit/537.36 (KHTML, like Gecko) Chrome/81.0.4044.129 Safari/537.36"
220.94.228.163 - - [18/May/2023:20:35:03 +0000] "GET / HTTP/1.1" 200 2094 "-" "Mozilla/5.0 (Windows NT 10.0; Win64; x64) AppleWebKit/537.36 (KHTML, like Gecko) Chrome/113.0.0.0 Safari/537.36"
198.235.24.149 - - [18/May/2023:20:35:55 +0000] "GET / HTTP/1.1" 200 6584 "-" "Expanse, a Palo Alto Networks company, searches across the global IPv4 space multiple times per day to identify customers&#39; presences on the Internet. If you would like to be excluded from our scans, please send IP addresses/domains to: scaninfo@paloaltonetworks.com"
54.36.115.221 - - [18/May/2023:20:54:05 +0000] "POST / HTTP/1.1" 405 401 "-" "Mozilla/5.0 (X11; Linux x86_64) AppleWebKit/537.36 (KHTML, like Gecko) Chrome/81.0.4044.129 Safari/537.36"
54.36.115.221 - - [18/May/2023:20:54:05 +0000] "GET /.env HTTP/1.1" 404 419 "-" "Mozilla/5.0 (X11; Linux x86_64) AppleWebKit/537.36 (KHTML, like Gecko) Chrome/81.0.4044.129 Safari/537.36"
172.104.11.51 - - [18/May/2023:20:56:50 +0000] "GET / HTTP/1.1" 200 2094 "-" "Mozilla/5.0 (Macintosh; Intel Mac OS X 13_1) AppleWebKit/537.36 (KHTML, like Gecko) Chrome/108.0.0.0 Safari/537.36"
54.36.115.221 - - [18/May/2023:21:10:04 +0000] "POST / HTTP/1.1" 405 401 "-" "Mozilla/5.0 (X11; Linux x86_64) AppleWebKit/537.36 (KHTML, like Gecko) Chrome/81.0.4044.129 Safari/537.36"
54.36.115.221 - - [18/May/2023:21:10:04 +0000] "GET /.env HTTP/1.1" 404 419 "-" "Mozilla/5.0 (X11; Linux x86_64) AppleWebKit/537.36 (KHTML, like Gecko) Chrome/81.0.4044.129 Safari/537.36"
54.36.115.221 - - [18/May/2023:22:06:04 +0000] "POST / HTTP/1.1" 405 401 "-" "Mozilla/5.0 (X11; Linux x86_64) AppleWebKit/537.36 (KHTML, like Gecko) Chrome/81.0.4044.129 Safari/537.36"
54.36.115.221 - - [18/May/2023:22:06:04 +0000] "GET /.env HTTP/1.1" 404 419 "-" "Mozilla/5.0 (X11; Linux x86_64) AppleWebKit/537.36 (KHTML, like Gecko) Chrome/81.0.4044.129 Safari/537.36"
205.210.31.211 - - [18/May/2023:22:11:10 +0000] "GET / HTTP/1.1" 200 6584 "-" "Expanse, a Palo Alto Networks company, searches across the global IPv4 space multiple times per day to identify customers&#39; presences on the Internet. If you would like to be excluded from our scans, please send IP addresses/domains to: scaninfo@paloaltonetworks.com"
54.36.115.221 - - [18/May/2023:22:48:56 +0000] "POST / HTTP/1.1" 405 401 "-" "Mozilla/5.0 (X11; Linux x86_64) AppleWebKit/537.36 (KHTML, like Gecko) Chrome/81.0.4044.129 Safari/537.36"
54.36.115.221 - - [18/May/2023:22:48:56 +0000] "GET /.env HTTP/1.1" 404 419 "-" "Mozilla/5.0 (X11; Linux x86_64) AppleWebKit/537.36 (KHTML, like Gecko) Chrome/81.0.4044.129 Safari/537.36"
198.57.27.37 - - [18/May/2023:23:04:36 +0000] "GET /.env HTTP/1.1" 404 363 "-" "Mozilla/5.0 (Macintosh; Intel Mac OS X 10.15; rv:77.0) Gecko/20100101 Firefox/77.0"
198.57.27.37 - - [18/May/2023:23:04:36 +0000] "GET /wp-content/ HTTP/1.1" 404 363 "-" "Mozilla/5.0 (Macintosh; Intel Mac OS X 10.15; rv:77.0) Gecko/20100101 Firefox/77.0"
117.33.227.207 - - [18/May/2023:23:27:15 +0000] "GET / HTTP/1.1" 200 2113 "-" "Mozilla/5.0 (iPhone; CPU iPhone OS 13_2_3 like Mac OS X) AppleWebKit/605.1.15 (KHTML, like Gecko) Version/13.0.3 Mobile/15E148 Safari/604.1"
66.249.69.205 - - [18/May/2023:23:28:40 +0000] "GET /about HTTP/1.1" 200 2235 "-" "Mozilla/5.0 (Linux; Android 6.0.1; Nexus 5X Build/MMB29P) AppleWebKit/537.36 (KHTML, like Gecko) Chrome/113.0.5672.92 Mobile Safari/537.36 (compatible; Googlebot/2.1; +http://www.google.com/bot.html)"
54.36.115.221 - - [18/May/2023:23:40:46 +0000] "POST / HTTP/1.1" 405 401 "-" "Mozilla/5.0 (X11; Linux x86_64) AppleWebKit/537.36 (KHTML, like Gecko) Chrome/81.0.4044.129 Safari/537.36"
54.36.115.221 - - [18/May/2023:23:40:46 +0000] "GET /.env HTTP/1.1" 404 419 "-" "Mozilla/5.0 (X11; Linux x86_64) AppleWebKit/537.36 (KHTML, like Gecko) Chrome/81.0.4044.129 Safari/537.36"
34.76.158.233 - - [18/May/2023:23:41:34 +0000] "GET / HTTP/1.1" 200 2150 "-" "python-requests/2.28.2"
54.36.115.221 - - [19/May/2023:00:26:39 +0000] "POST / HTTP/1.1" 405 401 "-" "Mozilla/5.0 (X11; Linux x86_64) AppleWebKit/537.36 (KHTML, like Gecko) Chrome/81.0.4044.129 Safari/537.36"
54.36.115.221 - - [19/May/2023:00:26:39 +0000] "GET /.env HTTP/1.1" 404 419 "-" "Mozilla/5.0 (X11; Linux x86_64) AppleWebKit/537.36 (KHTML, like Gecko) Chrome/81.0.4044.129 Safari/537.36"
45.128.232.62 - - [19/May/2023:00:31:03 +0000] "POST /boaform/admin/formLogin HTTP/1.1" 404 419 "http://35.226.208.247:80/admin/login.asp" "Mozilla/5.0 (X11; Ubuntu; Linux x86_64; rv:71.0) Gecko/20100101 Firefox/71.0"
209.222.252.91 - - [19/May/2023:00:35:50 +0000] "GET / HTTP/1.1" 200 6640 "-" "Java/1.8.0_362"
162.216.149.87 - - [19/May/2023:00:47:46 +0000] "GET / HTTP/1.1" 200 6584 "-" "Expanse, a Palo Alto Networks company, searches across the global IPv4 space multiple times per day to identify customers&#39; presences on the Internet. If you would like to be excluded from our scans, please send IP addresses/domains to: scaninfo@paloaltonetworks.com"
109.207.200.43 - - [19/May/2023:01:11:14 +0000] "POST /boaform/admin/formLogin HTTP/1.1" 404 419 "http://35.226.208.247:80/admin/login.asp" "Mozilla/5.0 (X11; Ubuntu; Linux x86_64; rv:71.0) Gecko/20100101 Firefox/71.0"
66.249.69.201 - - [19/May/2023:01:17:27 +0000] "GET /icons/blank.gif HTTP/1.1" 200 432 "-" "Googlebot-Image/1.0"
54.36.115.221 - - [19/May/2023:01:19:30 +0000] "POST / HTTP/1.1" 405 401 "-" "Mozilla/5.0 (X11; Linux x86_64) AppleWebKit/537.36 (KHTML, like Gecko) Chrome/81.0.4044.129 Safari/537.36"
54.36.115.221 - - [19/May/2023:01:19:30 +0000] "GET /.env HTTP/1.1" 404 419 "-" "Mozilla/5.0 (X11; Linux x86_64) AppleWebKit/537.36 (KHTML, like Gecko) Chrome/81.0.4044.129 Safari/537.36"
109.207.200.42 - - [19/May/2023:01:19:35 +0000] "GET / HTTP/1.1" 200 2094 "-" "Mozilla/5.0 zgrab/0.x"
66.249.69.205 - - [19/May/2023:01:26:32 +0000] "GET /db.py HTTP/1.1" 404 419 "-" "Mozilla/5.0 (Linux; Android 6.0.1; Nexus 5X Build/MMB29P) AppleWebKit/537.36 (KHTML, like Gecko) Chrome/113.0.5672.92 Mobile Safari/537.36 (compatible; Googlebot/2.1; +http://www.google.com/bot.html)"
66.249.69.201 - - [19/May/2023:01:28:27 +0000] "GET /about.html HTTP/1.1" 404 419 "-" "Mozilla/5.0 (Linux; Android 6.0.1; Nexus 5X Build/MMB29P) AppleWebKit/537.36 (KHTML, like Gecko) Chrome/113.0.5672.92 Mobile Safari/537.36 (compatible; Googlebot/2.1; +http://www.google.com/bot.html)"
109.207.200.42 - - [19/May/2023:01:31:05 +0000] "POST /boaform/admin/formLogin HTTP/1.1" 404 419 "http://35.226.208.247:80/admin/login.asp" "Mozilla/5.0 (X11; Ubuntu; Linux x86_64; rv:71.0) Gecko/20100101 Firefox/71.0"
65.157.23.94 - - [19/May/2023:01:35:04 +0000] "GET /api/.env HTTP/1.1" 404 419 "-" "Mozilla/5.0 (X11; Linux x86_64) AppleWebKit/537.36 (KHTML, like Gecko) Chrome/81.0.4044.129 Safari/537.36"
65.157.23.94 - - [19/May/2023:01:35:04 +0000] "POST /api HTTP/1.1" 404 419 "-" "Mozilla/5.0 (X11; Linux x86_64) AppleWebKit/537.36 (KHTML, like Gecko) Chrome/81.0.4044.129 Safari/537.36"
54.36.115.221 - - [19/May/2023:01:43:03 +0000] "POST / HTTP/1.1" 405 401 "-" "Mozilla/5.0 (X11; Linux x86_64) AppleWebKit/537.36 (KHTML, like Gecko) Chrome/81.0.4044.129 Safari/537.36"
54.36.115.221 - - [19/May/2023:01:43:03 +0000] "GET /.env HTTP/1.1" 404 419 "-" "Mozilla/5.0 (X11; Linux x86_64) AppleWebKit/537.36 (KHTML, like Gecko) Chrome/81.0.4044.129 Safari/537.36"
128.14.141.34 - - [19/May/2023:01:55:20 +0000] "GET / HTTP/1.1" 200 2094 "-" "Mozilla/5.0 (Windows NT 10.0; Win64; x64) AppleWebKit/537.36 (KHTML, like Gecko) Chrome/60.0.3112.113 Safari/537.36"
66.249.69.205 - - [19/May/2023:01:55:49 +0000] "GET /robots.txt HTTP/1.1" 404 419 "-" "Mozilla/5.0 (compatible; Googlebot/2.1; +http://www.google.com/bot.html)"
66.249.69.201 - - [19/May/2023:01:55:49 +0000] "GET /about HTTP/1.1" 200 2235 "-" "Mozilla/5.0 (compatible; Googlebot/2.1; +http://www.google.com/bot.html)"
54.36.115.221 - - [19/May/2023:02:19:56 +0000] "POST / HTTP/1.1" 405 401 "-" "Mozilla/5.0 (X11; Linux x86_64) AppleWebKit/537.36 (KHTML, like Gecko) Chrome/81.0.4044.129 Safari/537.36"
54.36.115.221 - - [19/May/2023:02:19:56 +0000] "GET /.env HTTP/1.1" 404 419 "-" "Mozilla/5.0 (X11; Linux x86_64) AppleWebKit/537.36 (KHTML, like Gecko) Chrome/81.0.4044.129 Safari/537.36"
71.127.254.129 - - [19/May/2023:02:31:11 +0000] "GET /admin/.env HTTP/1.1" 404 419 "-" "Mozilla/5.0 (X11; Linux x86_64) AppleWebKit/537.36 (KHTML, like Gecko) Chrome/81.0.4044.129 Safari/537.36"
71.127.254.129 - - [19/May/2023:02:31:13 +0000] "POST /admin HTTP/1.1" 404 419 "-" "Mozilla/5.0 (X11; Linux x86_64) AppleWebKit/537.36 (KHTML, like Gecko) Chrome/81.0.4044.129 Safari/537.36"
4.17.224.132 - - [19/May/2023:02:37:55 +0000] "GET /.env HTTP/1.1" 404 419 "-" "Mozilla/5.0 (X11; Linux x86_64) AppleWebKit/537.36 (KHTML, like Gecko) Chrome/81.0.4044.129 Safari/537.36"
4.17.224.132 - - [19/May/2023:02:37:55 +0000] "POST / HTTP/1.1" 405 401 "-" "Mozilla/5.0 (X11; Linux x86_64) AppleWebKit/537.36 (KHTML, like Gecko) Chrome/81.0.4044.129 Safari/537.36"
193.35.18.35 - - [19/May/2023:02:38:11 +0000] "GET / HTTP/1.1" 200 6640 "-" "Mozilla/5.0 (Windows NT 10.0; Win64; x64) AppleWebKit/537.36 (KHTML, like Gecko) Chrome/112.0.5615.138 Safari/537.36"
54.36.115.221 - - [19/May/2023:03:24:48 +0000] "POST / HTTP/1.1" 405 401 "-" "Mozilla/5.0 (X11; Linux x86_64) AppleWebKit/537.36 (KHTML, like Gecko) Chrome/81.0.4044.129 Safari/537.36"
54.36.115.221 - - [19/May/2023:03:24:48 +0000] "GET /.env HTTP/1.1" 404 419 "-" "Mozilla/5.0 (X11; Linux x86_64) AppleWebKit/537.36 (KHTML, like Gecko) Chrome/81.0.4044.129 Safari/537.36"
179.43.177.244 - - [19/May/2023:03:31:19 +0000] "GET / HTTP/1.1" 200 6584 "-" "Hello World"
54.36.115.221 - - [19/May/2023:03:40:51 +0000] "POST / HTTP/1.1" 405 401 "-" "Mozilla/5.0 (X11; Linux x86_64) AppleWebKit/537.36 (KHTML, like Gecko) Chrome/81.0.4044.129 Safari/537.36"
54.36.115.221 - - [19/May/2023:03:40:52 +0000] "GET /.env HTTP/1.1" 404 419 "-" "Mozilla/5.0 (X11; Linux x86_64) AppleWebKit/537.36 (KHTML, like Gecko) Chrome/81.0.4044.129 Safari/537.36"
167.99.118.235 - - [19/May/2023:03:42:51 +0000] "GET / HTTP/1.1" 200 2094 "-" "Mozilla/5.0 (Windows NT 10.0; Win64; x64) AppleWebKit/537.36 (KHTML, like Gecko) Chrome/108.0.0.0 Safari/537.36"
167.99.118.235 - - [19/May/2023:03:42:51 +0000] "GET /client/get_targets HTTP/1.1" 404 363 "-" "Mozilla/5.0 (Windows NT 10.0; Win64; x64) AppleWebKit/537.36 (KHTML, like Gecko) Chrome/108.0.0.0 Safari/537.36"
167.99.118.235 - - [19/May/2023:03:42:52 +0000] "GET /upl.php HTTP/1.1" 404 363 "-" "Mozilla/5.0"
167.99.118.235 - - [19/May/2023:03:42:52 +0000] "GET /geoip/ HTTP/1.1" 404 363 "-" "Mozilla/5.0 (Windows NT 10.0; Win64; x64) AppleWebKit/537.36 (KHTML, like Gecko) Chrome/108.0.0.0 Safari/537.36"
167.99.118.235 - - [19/May/2023:03:42:52 +0000] "GET / HTTP/1.1" 200 2094 "-" "Mozilla/5.0 (iPhone; CPU iPhone OS 13_3_1 like Mac OS X) AppleWebKit/605.1.15 (KHTML, like Gecko) Version/13.0.5 Mobile/15E148 Snapchat/10.77.0.54 (like Safari/604.1)"
167.99.118.235 - - [19/May/2023:03:42:52 +0000] "GET /favicon.ico HTTP/1.1" 404 363 "-" "Mozilla/5.0 (Windows NT 10.0; Win64; x64) AppleWebKit/537.36 (KHTML, like Gecko) Chrome/108.0.0.0 Safari/537.36"
167.99.118.235 - - [19/May/2023:03:42:52 +0000] "GET /1.php HTTP/1.1" 404 363 "-" "Mozilla/5.0 (Windows NT 10.0; Win64; x64) AppleWebKit/537.36 (KHTML, like Gecko) Chrome/108.0.0.0 Safari/537.36"
179.43.177.244 - - [19/May/2023:03:53:10 +0000] "GET / HTTP/1.1" 200 6584 "-" "Hello World"
103.38.237.172 - - [19/May/2023:04:19:00 +0000] "GET / HTTP/1.1" 200 2113 "-" "Linux Gnu (cow)"
196.127.66.168 - - [19/May/2023:04:34:38 +0000] "GET /.env HTTP/1.1" 404 419 "-" "Mozilla/5.0 (Linux; U; Android 4.4.2; en-US; HM NOTE 1W Build/KOT49H) AppleWebKit/534.30 (KHTML, like Gecko) Version/4.0 UCBrowser/11.0.5.850 U3/0.8.0 Mobile Safari/534.30"
196.127.66.168 - - [19/May/2023:04:34:38 +0000] "POST / HTTP/1.1" 405 401 "-" "Mozilla/5.0 (Linux; U; Android 4.4.2; en-US; HM NOTE 1W Build/KOT49H) AppleWebKit/534.30 (KHTML, like Gecko) Version/4.0 UCBrowser/11.0.5.850 U3/0.8.0 Mobile Safari/534.30"
54.36.115.221 - - [19/May/2023:04:54:59 +0000] "POST / HTTP/1.1" 405 401 "-" "Mozilla/5.0 (X11; Linux x86_64) AppleWebKit/537.36 (KHTML, like Gecko) Chrome/81.0.4044.129 Safari/537.36"
54.36.115.221 - - [19/May/2023:04:55:00 +0000] "GET /.env HTTP/1.1" 404 419 "-" "Mozilla/5.0 (X11; Linux x86_64) AppleWebKit/537.36 (KHTML, like Gecko) Chrome/81.0.4044.129 Safari/537.36"
20.1.154.236 - - [19/May/2023:05:24:05 +0000] "GET /.env HTTP/1.1" 404 419 "-" "Mozilla/5.0 (X11; Linux x86_64) AppleWebKit/537.36 (KHTML, like Gecko) Chrome/81.0.4044.129 Safari/537.36"
20.1.154.236 - - [19/May/2023:05:24:05 +0000] "POST / HTTP/1.1" 405 401 "-" "Mozilla/5.0 (X11; Linux x86_64) AppleWebKit/537.36 (KHTML, like Gecko) Chrome/81.0.4044.129 Safari/537.36"
54.36.115.221 - - [19/May/2023:05:27:04 +0000] "POST / HTTP/1.1" 405 401 "-" "Mozilla/5.0 (X11; Linux x86_64) AppleWebKit/537.36 (KHTML, like Gecko) Chrome/81.0.4044.129 Safari/537.36"
54.36.115.221 - - [19/May/2023:05:27:04 +0000] "GET /.env HTTP/1.1" 404 419 "-" "Mozilla/5.0 (X11; Linux x86_64) AppleWebKit/537.36 (KHTML, like Gecko) Chrome/81.0.4044.129 Safari/537.36"
34.139.211.50 - - [19/May/2023:05:31:58 +0000] "GET / HTTP/1.1" 200 2094 "-" "Mozilla/5.0 (Windows NT 6.1; WOW64; rv:8.0) Gecko/20100101 Firefox/8.0"
54.36.115.221 - - [19/May/2023:06:19:44 +0000] "POST / HTTP/1.1" 405 401 "-" "Mozilla/5.0 (X11; Linux x86_64) AppleWebKit/537.36 (KHTML, like Gecko) Chrome/81.0.4044.129 Safari/537.36"
54.36.115.221 - - [19/May/2023:06:19:44 +0000] "GET /.env HTTP/1.1" 404 419 "-" "Mozilla/5.0 (X11; Linux x86_64) AppleWebKit/537.36 (KHTML, like Gecko) Chrome/81.0.4044.129 Safari/537.36"
184.169.121.106 - - [19/May/2023:06:30:48 +0000] "GET / HTTP/1.1" 200 6584 "-" "-"
54.37.79.75 - - [19/May/2023:07:09:43 +0000] "POST / HTTP/1.1" 405 401 "-" "Mozilla/5.0 (X11; Linux x86_64) AppleWebKit/537.36 (KHTML, like Gecko) Chrome/81.0.4044.129 Safari/537.36"
54.37.79.75 - - [19/May/2023:07:09:43 +0000] "GET /.env HTTP/1.1" 404 419 "-" "Mozilla/5.0 (X11; Linux x86_64) AppleWebKit/537.36 (KHTML, like Gecko) Chrome/81.0.4044.129 Safari/537.36"
27.207.66.144 - - [19/May/2023:07:43:04 +0000] "POST /HNAP1/ HTTP/1.0" 500 803 "-" "-"
50.21.182.102 - - [19/May/2023:08:11:16 +0000] "GET /.env HTTP/1.1" 404 363 "-" "Mozilla/5.0 (Macintosh; Intel Mac OS X 10.15; rv:77.0) Gecko/20100101 Firefox/77.0"
50.21.182.102 - - [19/May/2023:08:11:16 +0000] "GET /wp-content/ HTTP/1.1" 404 363 "-" "Mozilla/5.0 (Macintosh; Intel Mac OS X 10.15; rv:77.0) Gecko/20100101 Firefox/77.0"
54.37.79.75 - - [19/May/2023:08:13:19 +0000] "POST / HTTP/1.1" 405 401 "-" "Mozilla/5.0 (X11; Linux x86_64) AppleWebKit/537.36 (KHTML, like Gecko) Chrome/81.0.4044.129 Safari/537.36"
54.37.79.75 - - [19/May/2023:08:13:19 +0000] "GET /.env HTTP/1.1" 404 419 "-" "Mozilla/5.0 (X11; Linux x86_64) AppleWebKit/537.36 (KHTML, like Gecko) Chrome/81.0.4044.129 Safari/537.36"
47.87.151.189 - - [19/May/2023:08:55:19 +0000] "GET / HTTP/1.1" 200 6584 "-" "Hello World"
54.37.79.75 - - [19/May/2023:09:27:12 +0000] "POST / HTTP/1.1" 405 401 "-" "Mozilla/5.0 (X11; Linux x86_64) AppleWebKit/537.36 (KHTML, like Gecko) Chrome/81.0.4044.129 Safari/537.36"
54.37.79.75 - - [19/May/2023:09:27:12 +0000] "GET /.env HTTP/1.1" 404 419 "-" "Mozilla/5.0 (X11; Linux x86_64) AppleWebKit/537.36 (KHTML, like Gecko) Chrome/81.0.4044.129 Safari/537.36"
139.162.248.201 - - [19/May/2023:09:51:05 +0000] "GET / HTTP/1.1" 200 2094 "-" "Mozilla/5.0 (Windows NT 6.1; WOW64; rv:8.0) Gecko/20100101 Firefox/8.0"
54.37.79.75 - - [19/May/2023:10:37:13 +0000] "POST / HTTP/1.1" 405 401 "-" "Mozilla/5.0 (X11; Linux x86_64) AppleWebKit/537.36 (KHTML, like Gecko) Chrome/81.0.4044.129 Safari/537.36"
54.37.79.75 - - [19/May/2023:10:37:13 +0000] "GET /.env HTTP/1.1" 404 419 "-" "Mozilla/5.0 (X11; Linux x86_64) AppleWebKit/537.36 (KHTML, like Gecko) Chrome/81.0.4044.129 Safari/537.36"
162.216.150.186 - - [19/May/2023:10:46:37 +0000] "GET / HTTP/1.1" 200 6584 "-" "Expanse, a Palo Alto Networks company, searches across the global IPv4 space multiple times per day to identify customers&#39; presences on the Internet. If you would like to be excluded from our scans, please send IP addresses/domains to: scaninfo@paloaltonetworks.com"
184.105.247.252 - - [19/May/2023:10:49:38 +0000] "GET / HTTP/1.1" 200 2094 "-" "Mozilla/5.0 (Macintosh; Intel Mac OS X 10_15_7) AppleWebKit/605.1.15 (KHTML, like Gecko) Version/16.1 Safari/605.1.15"
184.105.247.252 - - [19/May/2023:10:51:30 +0000] "GET /favicon.ico HTTP/1.1" 404 363 "-" "Mozilla/5.0 (Windows NT 10.0; Win64; x64) AppleWebKit/537.36 (KHTML, like Gecko) Chrome/110.0.0.0 Safari/537.36 Edg/110.0.1587.41"
184.105.247.252 - - [19/May/2023:10:52:37 +0000] "GET /geoserver/web/ HTTP/1.1" 404 363 "-" "Mozilla/5.0 (Macintosh; Intel Mac OS X 10_15_7) AppleWebKit/605.1.15 (KHTML, like Gecko) Version/16.1 Safari/605.1.15"
87.236.176.9 - - [19/May/2023:11:17:53 +0000] "GET / HTTP/1.1" 200 2113 "-" "Mozilla/5.0 (compatible; InternetMeasurement/1.0; +https://internet-measurement.com/)"
87.236.176.17 - - [19/May/2023:11:17:57 +0000] "GET /logo.jpg HTTP/1.1" 404 382 "-" "Mozilla/5.0 (compatible; InternetMeasurement/1.0; +https://internet-measurement.com/)"
142.93.191.98 - - [19/May/2023:11:17:57 +0000] "GET /logo.jpg HTTP/1.1" 404 382 "-" "Mozilla/5.0 (compatible; InternetMeasurement/1.0; +https://internet-measurement.com/)"
54.37.79.75 - - [19/May/2023:11:25:32 +0000] "POST / HTTP/1.1" 405 401 "-" "Mozilla/5.0 (X11; Linux x86_64) AppleWebKit/537.36 (KHTML, like Gecko) Chrome/81.0.4044.129 Safari/537.36"
54.37.79.75 - - [19/May/2023:11:25:32 +0000] "GET /.env HTTP/1.1" 404 419 "-" "Mozilla/5.0 (X11; Linux x86_64) AppleWebKit/537.36 (KHTML, like Gecko) Chrome/81.0.4044.129 Safari/537.36"
66.249.72.14 - - [19/May/2023:11:29:57 +0000] "GET /logon HTTP/1.1" 200 1690 "-" "Mozilla/5.0 (Linux; Android 6.0.1; Nexus 5X Build/MMB29P) AppleWebKit/537.36 (KHTML, like Gecko) Chrome/113.0.5672.92 Mobile Safari/537.36 (compatible; Googlebot/2.1; +http://www.google.com/bot.html)"
51.254.59.113 - - [19/May/2023:11:33:39 +0000] "GET / HTTP/1.1" 200 6603 "-" "Mozilla/5.0 (Windows NT 6.1) AppleWebKit/537.36 (KHTML, like Gecko) Chrome/41.0.2228.0 Safari/537.36"
175.178.62.19 - - [19/May/2023:11:43:31 +0000] "GET http://35.226.208.247:80/phpMyAdmin/scripts/setup.php HTTP/1.0" 404 382 "-" "-"
175.178.62.19 - - [19/May/2023:11:43:32 +0000] "GET http://35.226.208.247:80/phpmyadmin/scripts/setup.php HTTP/1.0" 404 382 "-" "-"
175.178.62.19 - - [19/May/2023:11:43:33 +0000] "GET http://35.226.208.247:80/phpMyAdmin-2.11.4/scripts/setup.php HTTP/1.0" 404 382 "-" "-"
175.178.62.19 - - [19/May/2023:11:43:33 +0000] "GET http://35.226.208.247:80/phpMyAdmin-2.11.3/scripts/setup.php HTTP/1.0" 404 382 "-" "-"
175.178.62.19 - - [19/May/2023:11:43:34 +0000] "GET http://35.226.208.247:80/phpMyAdmin-2.10.0.2/scripts/setup.php HTTP/1.0" 404 382 "-" "-"
175.178.62.19 - - [19/May/2023:11:43:34 +0000] "GET http://35.226.208.247:80/phpMyAdmin-2.10.3/scripts/setup.php HTTP/1.0" 404 382 "-" "-"
175.178.62.19 - - [19/May/2023:11:43:36 +0000] "GET http://35.226.208.247:80/phpMyAdmin-2.8.0.2/scripts/setup.php HTTP/1.0" 404 382 "-" "-"
175.178.62.19 - - [19/May/2023:11:43:36 +0000] "GET http://35.226.208.247:80/phpMyAdmin-2.10.2/scripts/setup.php HTTP/1.0" 404 382 "-" "-"
175.178.62.19 - - [19/May/2023:11:43:37 +0000] "GET http://35.226.208.247:80/phpMyAdmin-2.11.9.2/scripts/setup.php HTTP/1.0" 404 382 "-" "-"
175.178.62.19 - - [19/May/2023:11:43:41 +0000] "GET http://35.226.208.247:80/phpMyAdmin-2.11.0/scripts/setup.php HTTP/1.0" 404 382 "-" "-"
175.178.62.19 - - [19/May/2023:11:43:41 +0000] "GET http://35.226.208.247:80/phpMyAdmin-2.11.7/scripts/setup.php HTTP/1.0" 404 382 "-" "-"
175.178.62.19 - - [19/May/2023:11:43:42 +0000] "GET http://35.226.208.247:80/phpMyAdmin-2.11.1.2/scripts/setup.php HTTP/1.0" 404 382 "-" "-"
175.178.62.19 - - [19/May/2023:11:43:42 +0000] "GET http://35.226.208.247:80/pma/scripts/setup.php HTTP/1.0" 404 382 "-" "-"
175.178.62.19 - - [19/May/2023:11:43:43 +0000] "GET http://35.226.208.247:80/phpMyAdmin3/scripts/setup.php HTTP/1.0" 404 382 "-" "-"
175.178.62.19 - - [19/May/2023:11:43:46 +0000] "GET http://35.226.208.247:80/myadmin/scripts/setup.php HTTP/1.0" 404 382 "-" "-"
175.178.62.19 - - [19/May/2023:11:43:49 +0000] "GET http://35.226.208.247:80/MyAdmin/scripts/setup.php HTTP/1.0" 404 382 "-" "-"
175.178.62.19 - - [19/May/2023:11:43:49 +0000] "GET http://35.226.208.247:80/PHPMYADMIN/scripts/setup.php HTTP/1.0" 404 382 "-" "-"
175.178.62.19 - - [19/May/2023:11:43:49 +0000] "GET http://35.226.208.247:80/mysqladmin/scripts/setup.php HTTP/1.0" 404 382 "-" "-"
175.178.62.19 - - [19/May/2023:11:43:50 +0000] "GET http://35.226.208.247:80/SQL/scripts/setup.php HTTP/1.0" 404 382 "-" "-"
175.178.62.19 - - [19/May/2023:11:44:05 +0000] "GET http://35.226.208.247:80/phpMyAdmin-2.5.5-pl1/scripts/setup.php HTTP/1.0" 404 382 "-" "-"
175.178.62.19 - - [19/May/2023:11:44:06 +0000] "GET http://35.226.208.247:80/phpMyAdmin-2.5.5/scripts/setup.php HTTP/1.0" 404 382 "-" "-"
175.178.62.19 - - [19/May/2023:11:44:06 +0000] "GET http://35.226.208.247:80/phpMyAdmin-2.5.4/scripts/setup.php HTTP/1.0" 404 382 "-" "-"
175.178.62.19 - - [19/May/2023:11:44:08 +0000] "GET http://35.226.208.247:80/phpMyAdmin-2.5.7-pl1/scripts/setup.php HTTP/1.0" 404 382 "-" "-"
175.178.62.19 - - [19/May/2023:11:44:09 +0000] "GET http://35.226.208.247:80/admin/pma/scripts/setup.php HTTP/1.0" 404 382 "-" "-"
175.178.62.19 - - [19/May/2023:11:44:11 +0000] "GET http://35.226.208.247:80/phpMyAdmin-2/scripts/setup.php HTTP/1.0" 404 382 "-" "-"
175.178.62.19 - - [19/May/2023:11:44:12 +0000] "GET http://35.226.208.247:80/web/phpMyAdmin/scripts/setup.php HTTP/1.0" 404 382 "-" "-"
175.178.62.19 - - [19/May/2023:11:44:12 +0000] "GET http://35.226.208.247:80/webadmin/scripts/setup.php HTTP/1.0" 404 382 "-" "-"
175.178.62.19 - - [19/May/2023:11:44:13 +0000] "GET http://35.226.208.247:80/admin/scripts/setup.php HTTP/1.0" 404 382 "-" "-"
175.178.62.19 - - [19/May/2023:11:44:16 +0000] "GET http://35.226.208.247:80/dbadmin/scripts/setup.php HTTP/1.0" 404 382 "-" "-"
175.178.62.19 - - [19/May/2023:11:44:18 +0000] "GET http://35.226.208.247:80/mysql/scripts/setup.php HTTP/1.0" 404 382 "-" "-"
175.178.62.19 - - [19/May/2023:11:44:25 +0000] "GET http://35.226.208.247:80/phpMyAdmin2/scripts/setup.php HTTP/1.0" 404 382 "-" "-"
175.178.62.19 - - [19/May/2023:11:44:26 +0000] "GET http://35.226.208.247:80/phpma/scripts/setup.php HTTP/1.0" 404 382 "-" "-"
175.178.62.19 - - [19/May/2023:11:44:27 +0000] "GET http://35.226.208.247:80/sqlweb/scripts/setup.php HTTP/1.0" 404 382 "-" "-"
175.178.62.19 - - [19/May/2023:11:44:27 +0000] "GET http://35.226.208.247:80/webdb/scripts/setup.php HTTP/1.0" 404 382 "-" "-"
175.178.62.19 - - [19/May/2023:11:44:29 +0000] "GET http://35.226.208.247:80/websql/scripts/setup.php HTTP/1.0" 404 382 "-" "-"
175.178.62.19 - - [19/May/2023:11:44:30 +0000] "GET http://35.226.208.247:80/_phpMyAdmin/scripts/setup.php HTTP/1.0" 404 382 "-" "-"
175.178.62.19 - - [19/May/2023:11:44:31 +0000] "GET http://35.226.208.247:80/php/scripts/setup.php HTTP/1.0" 404 382 "-" "-"
