66.249.72.14 - - [10/May/2023:13:11:24 +0000] "GET /pisscounter.conf HTTP/1.1" 404 419 "-" "Mozilla/5.0 (Linux; Android 6.0.1; Nexus 5X Build/MMB29P) AppleWebKit/537.36 (KHTML, like Gecko) Chrome/112.0.5615.142 Mobile Safari/537.36 (compatible; Googlebot/2.1; +http://www.google.com/bot.html)"
87.121.221.49 - - [10/May/2023:13:25:17 +0000] "POST /boaform/admin/formLogin HTTP/1.1" 404 419 "http://35.226.208.247:80/admin/login.asp" "Mozilla/5.0 (X11; Ubuntu; Linux x86_64; rv:71.0) Gecko/20100101 Firefox/71.0"
170.64.161.242 - - [10/May/2023:13:35:59 +0000] "GET / HTTP/1.1" 200 2094 "-" "Mozilla/5.0 (Windows NT 10.0; Win64; x64) AppleWebKit/537.36 (KHTML, like Gecko) Chrome/108.0.0.0 Safari/537.36"
170.64.161.242 - - [10/May/2023:13:35:59 +0000] "GET /client/get_targets HTTP/1.1" 404 363 "-" "Mozilla/5.0 (Windows NT 10.0; Win64; x64) AppleWebKit/537.36 (KHTML, like Gecko) Chrome/108.0.0.0 Safari/537.36"
170.64.161.242 - - [10/May/2023:13:36:00 +0000] "GET /upl.php HTTP/1.1" 404 363 "-" "Mozilla/5.0"
170.64.161.242 - - [10/May/2023:13:36:00 +0000] "GET /geoip/ HTTP/1.1" 404 363 "-" "Mozilla/5.0 (Windows NT 10.0; Win64; x64) AppleWebKit/537.36 (KHTML, like Gecko) Chrome/108.0.0.0 Safari/537.36"
170.64.161.242 - - [10/May/2023:13:36:01 +0000] "GET / HTTP/1.1" 200 2094 "-" "Mozilla/5.0 (iPhone; CPU iPhone OS 13_3_1 like Mac OS X) AppleWebKit/605.1.15 (KHTML, like Gecko) Version/13.0.5 Mobile/15E148 Snapchat/10.77.0.54 (like Safari/604.1)"
170.64.161.242 - - [10/May/2023:13:36:01 +0000] "GET /favicon.ico HTTP/1.1" 404 363 "-" "Mozilla/5.0 (Windows NT 10.0; Win64; x64) AppleWebKit/537.36 (KHTML, like Gecko) Chrome/108.0.0.0 Safari/537.36"
193.35.18.61 - - [10/May/2023:14:09:49 +0000] "POST /boaform/admin/formLogin HTTP/1.1" 404 419 "http://35.226.208.247:80/admin/login.asp" "Mozilla/5.0 (X11; Ubuntu; Linux x86_64; rv:71.0) Gecko/20100101 Firefox/71.0"
66.249.72.6 - - [10/May/2023:14:28:03 +0000] "GET /db.py HTTP/1.1" 404 419 "-" "Mozilla/5.0 (Linux; Android 6.0.1; Nexus 5X Build/MMB29P) AppleWebKit/537.36 (KHTML, like Gecko) Chrome/112.0.5615.142 Mobile Safari/537.36 (compatible; Googlebot/2.1; +http://www.google.com/bot.html)"
51.79.29.48 - - [10/May/2023:14:31:55 +0000] "POST / HTTP/1.1" 405 401 "-" "Mozilla/5.0 (X11; Linux x86_64) AppleWebKit/537.36 (KHTML, like Gecko) Chrome/81.0.4044.129 Safari/537.36"
51.79.29.48 - - [10/May/2023:14:31:56 +0000] "GET /.env HTTP/1.1" 404 419 "-" "Mozilla/5.0 (X11; Linux x86_64) AppleWebKit/537.36 (KHTML, like Gecko) Chrome/81.0.4044.129 Safari/537.36"
179.43.177.243 - - [10/May/2023:15:30:59 +0000] "GET / HTTP/1.1" 200 6584 "-" "Hello World"
192.241.198.38 - - [10/May/2023:15:40:00 +0000] "GET / HTTP/1.1" 200 2094 "-" "Mozilla/5.0 zgrab/0.x"
81.166.58.249 - - [10/May/2023:16:47:01 +0000] "GET /logo.jpg HTTP/1.1" 404 419 "http://35.226.208.247/" "Mozilla/5.0 (Windows NT 10.0; Win64; x64) AppleWebKit/537.36 (KHTML, like Gecko) Chrome/111.0.0.0 Safari/537.36 OPR/97.0.0.0 (Edition std-1)"
81.166.58.249 - - [10/May/2023:16:47:01 +0000] "GET /output.css HTTP/1.1" 404 419 "http://35.226.208.247/" "Mozilla/5.0 (Windows NT 10.0; Win64; x64) AppleWebKit/537.36 (KHTML, like Gecko) Chrome/111.0.0.0 Safari/537.36 OPR/97.0.0.0 (Edition std-1)"
81.166.58.249 - - [10/May/2023:16:47:01 +0000] "GET /pool.jpg HTTP/1.1" 404 419 "http://35.226.208.247/" "Mozilla/5.0 (Windows NT 10.0; Win64; x64) AppleWebKit/537.36 (KHTML, like Gecko) Chrome/111.0.0.0 Safari/537.36 OPR/97.0.0.0 (Edition std-1)"
81.166.58.249 - - [10/May/2023:16:47:01 +0000] "GET /logo.jpg HTTP/1.1" 404 418 "http://35.226.208.247/" "Mozilla/5.0 (Windows NT 10.0; Win64; x64) AppleWebKit/537.36 (KHTML, like Gecko) Chrome/111.0.0.0 Safari/537.36 OPR/97.0.0.0 (Edition std-1)"
179.43.177.243 - - [10/May/2023:17:06:20 +0000] "GET / HTTP/1.1" 200 6584 "-" "Hello World"
162.216.149.228 - - [10/May/2023:17:22:40 +0000] "GET / HTTP/1.1" 200 6584 "-" "Expanse, a Palo Alto Networks company, searches across the global IPv4 space multiple times per day to identify customers&#39; presences on the Internet. If you would like to be excluded from our scans, please send IP addresses/domains to: scaninfo@paloaltonetworks.com"
46.98.109.218 - - [10/May/2023:17:23:38 +0000] "GET / HTTP/1.1" 200 6584 "-" "Mozilla/5.0 (Windows NT 6.1; WOW64) AppleWebKit/537.36 (KHTML, like Gecko) Chrome/52.0.2743.116 Safari/537.36"
51.79.29.48 - - [10/May/2023:17:48:35 +0000] "POST / HTTP/1.1" 405 401 "-" "Mozilla/5.0 (X11; Linux x86_64) AppleWebKit/537.36 (KHTML, like Gecko) Chrome/81.0.4044.129 Safari/537.36"
51.79.29.48 - - [10/May/2023:17:48:35 +0000] "GET /.env HTTP/1.1" 404 419 "-" "Mozilla/5.0 (X11; Linux x86_64) AppleWebKit/537.36 (KHTML, like Gecko) Chrome/81.0.4044.129 Safari/537.36"
149.5.172.27 - - [10/May/2023:17:58:01 +0000] "GET /exactarget/ HTTP/1.1" 404 363 "-" "Mozilla/5.0 zgrab/0.x"
212.251.157.96 - - [10/May/2023:17:58:45 +0000] "GET / HTTP/1.1" 200 2150 "-" "Mozilla/5.0 (Windows NT 10.0; Win64; x64) AppleWebKit/537.36 (KHTML, like Gecko) Chrome/112.0.0.0 Safari/537.36"
66.249.72.10 - - [10/May/2023:18:12:14 +0000] "GET /geckodriver.log HTTP/1.1" 404 419 "-" "Mozilla/5.0 (Linux; Android 6.0.1; Nexus 5X Build/MMB29P) AppleWebKit/537.36 (KHTML, like Gecko) Chrome/112.0.5615.142 Mobile Safari/537.36 (compatible; Googlebot/2.1; +http://www.google.com/bot.html)"
182.43.148.98 - - [10/May/2023:18:20:18 +0000] "GET / HTTP/1.1" 200 2113 "-" "Mozilla/5.0 (iPhone; CPU iPhone OS 13_2_3 like Mac OS X) AppleWebKit/605.1.15 (KHTML, like Gecko) Version/13.0.3 Mobile/15E148 Safari/604.1"
141.98.6.151 - - [10/May/2023:18:20:40 +0000] "POST /boaform/admin/formLogin HTTP/1.1" 404 419 "http://35.226.208.247:80/admin/login.asp" "Mozilla/5.0 (X11; Ubuntu; Linux x86_64; rv:71.0) Gecko/20100101 Firefox/71.0"
52.173.194.9 - - [10/May/2023:18:37:39 +0000] "GET / HTTP/1.1" 200 2094 "-" "Mozilla/5.0 (Windows NT 10.0; Win64; x64) AppleWebKit/537.36 (KHTML, like Gecko) Chrome/112.0.0.0 Safari/537.36"
162.142.125.217 - - [10/May/2023:18:51:52 +0000] "GET / HTTP/1.1" 200 6584 "-" "-"
162.142.125.217 - - [10/May/2023:18:51:52 +0000] "GET / HTTP/1.1" 200 2094 "-" "Mozilla/5.0 (compatible; CensysInspect/1.1; +https://about.censys.io/)"
162.142.125.217 - - [10/May/2023:18:51:52 +0000] "GET /logo.jpg HTTP/1.1" 404 382 "-" "Mozilla/5.0 (compatible; CensysInspect/1.1; +https://about.censys.io/)"
162.142.125.217 - - [10/May/2023:18:51:52 +0000] "GET /favicon.ico HTTP/1.1" 404 382 "-" "Mozilla/5.0 (compatible; CensysInspect/1.1; +https://about.censys.io/)"
87.236.176.167 - - [10/May/2023:19:07:26 +0000] "GET / HTTP/1.1" 200 2113 "-" "Mozilla/5.0 (compatible; InternetMeasurement/1.0; +https://internet-measurement.com/)"
87.236.176.2 - - [10/May/2023:19:07:27 +0000] "GET /logo.jpg HTTP/1.1" 404 382 "-" "Mozilla/5.0 (compatible; InternetMeasurement/1.0; +https://internet-measurement.com/)"
206.189.7.178 - - [10/May/2023:19:07:28 +0000] "GET /logo.jpg HTTP/1.1" 404 382 "-" "Mozilla/5.0 (compatible; InternetMeasurement/1.0; +https://internet-measurement.com/)"
81.166.58.249 - - [10/May/2023:19:31:31 +0000] "GET /logo.jpg HTTP/1.1" 404 419 "http://35.226.208.247/" "Mozilla/5.0 (Windows NT 10.0; Win64; x64) AppleWebKit/537.36 (KHTML, like Gecko) Chrome/111.0.0.0 Safari/537.36 OPR/97.0.0.0 (Edition std-1)"
81.166.58.249 - - [10/May/2023:19:31:31 +0000] "GET /output.css HTTP/1.1" 404 419 "http://35.226.208.247/" "Mozilla/5.0 (Windows NT 10.0; Win64; x64) AppleWebKit/537.36 (KHTML, like Gecko) Chrome/111.0.0.0 Safari/537.36 OPR/97.0.0.0 (Edition std-1)"
81.166.58.249 - - [10/May/2023:19:31:31 +0000] "GET /pool.jpg HTTP/1.1" 404 418 "http://35.226.208.247/" "Mozilla/5.0 (Windows NT 10.0; Win64; x64) AppleWebKit/537.36 (KHTML, like Gecko) Chrome/111.0.0.0 Safari/537.36 OPR/97.0.0.0 (Edition std-1)"
81.166.58.249 - - [10/May/2023:19:31:31 +0000] "GET /logo.jpg HTTP/1.1" 404 418 "http://35.226.208.247/" "Mozilla/5.0 (Windows NT 10.0; Win64; x64) AppleWebKit/537.36 (KHTML, like Gecko) Chrome/111.0.0.0 Safari/537.36 OPR/97.0.0.0 (Edition std-1)"
193.35.18.251 - - [10/May/2023:19:33:41 +0000] "POST /boaform/admin/formLogin HTTP/1.1" 404 419 "http://35.226.208.247:80/admin/login.asp" "Mozilla/5.0 (X11; Ubuntu; Linux x86_64; rv:71.0) Gecko/20100101 Firefox/71.0"
208.100.26.232 - - [10/May/2023:19:33:47 +0000] "POST /sdk HTTP/1.1" 404 382 "-" "Mozilla/5.0 (Linux; Android 10; Pixel 2 XL Build/QQ3A.200705.002; wv) AppleWebKit/537.36 (KHTML, like Gecko) Version/4.0 Chrome/81.0.4044.138 Mobile Safari/537.36"
208.100.26.232 - - [10/May/2023:19:33:47 +0000] "GET /nmaplowercheck1683747226 HTTP/1.1" 404 382 "-" "Mozilla/5.0 (Linux; Android 10; Pixel 2 XL Build/QQ3A.200705.002; wv) AppleWebKit/537.36 (KHTML, like Gecko) Version/4.0 Chrome/81.0.4044.138 Mobile Safari/537.36"
208.100.26.232 - - [10/May/2023:19:33:48 +0000] "GET /evox/about HTTP/1.1" 404 382 "-" "Mozilla/5.0 (Linux; Android 10; Pixel 2 XL Build/QQ3A.200705.002; wv) AppleWebKit/537.36 (KHTML, like Gecko) Version/4.0 Chrome/81.0.4044.138 Mobile Safari/537.36"
208.100.26.232 - - [10/May/2023:19:33:48 +0000] "GET / HTTP/1.1" 200 6584 "-" "-"
208.100.26.232 - - [10/May/2023:19:33:48 +0000] "GET /HNAP1 HTTP/1.1" 404 382 "-" "Mozilla/5.0 (Linux; Android 10; Pixel 2 XL Build/QQ3A.200705.002; wv) AppleWebKit/537.36 (KHTML, like Gecko) Version/4.0 Chrome/81.0.4044.138 Mobile Safari/537.36"
208.100.26.232 - - [10/May/2023:19:33:49 +0000] "HEAD / HTTP/1.1" 200 192 "-" "Mozilla/5.0 (Linux; Android 10; Pixel 2 XL Build/QQ3A.200705.002; wv) AppleWebKit/537.36 (KHTML, like Gecko) Version/4.0 Chrome/81.0.4044.138 Mobile Safari/537.36"
179.43.177.243 - - [10/May/2023:19:42:13 +0000] "POST /boaform/admin/formLogin HTTP/1.1" 404 419 "http://35.226.208.247:80/admin/login.asp" "Mozilla/5.0 (X11; Ubuntu; Linux x86_64; rv:71.0) Gecko/20100101 Firefox/71.0"
20.225.73.213 - - [10/May/2023:19:50:19 +0000] "GET //.env HTTP/1.1" 404 363 "-" "Go-http-client/1.1"
103.116.52.146 - - [10/May/2023:21:24:19 +0000] "POST /boaform/admin/formLogin HTTP/1.1" 404 419 "http://35.226.208.247:80/admin/login.asp" "Mozilla/5.0 (X11; Ubuntu; Linux x86_64; rv:71.0) Gecko/20100101 Firefox/71.0"
95.214.27.191 - - [10/May/2023:21:34:08 +0000] "GET / HTTP/1.1" 200 2150 "-" "python-requests/2.25.1"
109.237.98.226 - - [10/May/2023:21:44:55 +0000] "GET /.env HTTP/1.1" 404 419 "-" "Mozilla/5.0 (X11; Linux x86_64) AppleWebKit/537.36 (KHTML, like Gecko) Chrome/81.0.4044.129 Safari/537.36"
95.214.27.114 - - [10/May/2023:21:47:54 +0000] "GET /muieblackcat HTTP/1.1" 404 382 "-" "-"
95.214.27.114 - - [10/May/2023:21:47:54 +0000] "GET //phpMyAdmin/scripts/setup.php HTTP/1.1" 404 382 "-" "-"
95.214.27.114 - - [10/May/2023:21:47:54 +0000] "GET //phpmyadmin/scripts/setup.php HTTP/1.1" 404 382 "-" "-"
95.214.27.114 - - [10/May/2023:21:47:54 +0000] "GET //pma/scripts/setup.php HTTP/1.1" 404 382 "-" "-"
95.214.27.114 - - [10/May/2023:21:47:54 +0000] "GET //myadmin/scripts/setup.php HTTP/1.1" 404 382 "-" "-"
95.214.27.114 - - [10/May/2023:21:47:55 +0000] "GET //MyAdmin/scripts/setup.php HTTP/1.1" 404 382 "-" "-"
167.248.133.126 - - [10/May/2023:21:48:48 +0000] "GET / HTTP/1.1" 200 6584 "-" "-"
167.248.133.126 - - [10/May/2023:21:48:48 +0000] "GET / HTTP/1.1" 200 2094 "-" "Mozilla/5.0 (compatible; CensysInspect/1.1; +https://about.censys.io/)"
167.248.133.126 - - [10/May/2023:21:48:48 +0000] "GET /logo.jpg HTTP/1.1" 404 382 "-" "Mozilla/5.0 (compatible; CensysInspect/1.1; +https://about.censys.io/)"
167.248.133.126 - - [10/May/2023:21:48:48 +0000] "GET /favicon.ico HTTP/1.1" 404 382 "-" "Mozilla/5.0 (compatible; CensysInspect/1.1; +https://about.censys.io/)"
193.35.18.65 - - [10/May/2023:21:53:51 +0000] "GET / HTTP/1.1" 200 6584 "-" "-"
193.35.18.65 - - [10/May/2023:21:53:52 +0000] "POST /HNAP1/ HTTP/1.1" 404 419 "-" "Mozila/5.0"
187.168.182.77 - - [10/May/2023:22:09:45 +0000] "GET / HTTP/1.1" 200 6584 "-" "Mozilla/5.0 (Windows NT 10.0; WOW64) AppleWebKit/537.36 (KHTML, like Gecko) Chrome/52.0.2743.116 Safari/537.36"
41.250.161.185 - - [10/May/2023:23:04:11 +0000] "GET /.env HTTP/1.1" 404 419 "-" "Mozilla/5.0 (Linux; U; Android 4.4.2; en-US; HM NOTE 1W Build/KOT49H) AppleWebKit/534.30 (KHTML, like Gecko) Version/4.0 UCBrowser/11.0.5.850 U3/0.8.0 Mobile Safari/534.30"
41.250.161.185 - - [10/May/2023:23:04:11 +0000] "POST / HTTP/1.1" 405 401 "-" "Mozilla/5.0 (Linux; U; Android 4.4.2; en-US; HM NOTE 1W Build/KOT49H) AppleWebKit/534.30 (KHTML, like Gecko) Version/4.0 UCBrowser/11.0.5.850 U3/0.8.0 Mobile Safari/534.30"
66.249.72.14 - - [10/May/2023:23:16:09 +0000] "GET /Pipfile.lock HTTP/1.1" 404 419 "-" "Mozilla/5.0 (Linux; Android 6.0.1; Nexus 5X Build/MMB29P) AppleWebKit/537.36 (KHTML, like Gecko) Chrome/112.0.5615.142 Mobile Safari/537.36 (compatible; Googlebot/2.1; +http://www.google.com/bot.html)"
66.249.72.10 - - [10/May/2023:23:16:22 +0000] "GET /logon HTTP/1.1" 200 1690 "-" "Mozilla/5.0 (Linux; Android 6.0.1; Nexus 5X Build/MMB29P) AppleWebKit/537.36 (KHTML, like Gecko) Chrome/112.0.5615.142 Mobile Safari/537.36 (compatible; Googlebot/2.1; +http://www.google.com/bot.html)"
66.249.72.14 - - [10/May/2023:23:17:02 +0000] "GET /package.json HTTP/1.1" 404 419 "-" "Mozilla/5.0 (Linux; Android 6.0.1; Nexus 5X Build/MMB29P) AppleWebKit/537.36 (KHTML, like Gecko) Chrome/112.0.5615.142 Mobile Safari/537.36 (compatible; Googlebot/2.1; +http://www.google.com/bot.html)"
182.43.148.98 - - [10/May/2023:23:21:37 +0000] "GET / HTTP/1.1" 200 2113 "-" "Mozilla/5.0 (iPhone; CPU iPhone OS 13_2_3 like Mac OS X) AppleWebKit/605.1.15 (KHTML, like Gecko) Version/13.0.3 Mobile/15E148 Safari/604.1"
192.241.222.28 - - [10/May/2023:23:37:28 +0000] "GET /druid/index.html HTTP/1.1" 404 363 "-" "Mozilla/5.0 zgrab/0.x"
173.252.127.24 - - [10/May/2023:23:40:59 +0000] "GET / HTTP/1.1" 200 2150 "http://pisscounter.com/" "Mozilla/5.0 (Windows NT 10.0; Win64; x64) AppleWebKit/537.36 (KHTML, like Gecko) Chrome/112.0.0.0 Safari/537.36"
173.252.127.10 - - [10/May/2023:23:40:59 +0000] "GET /static/logo.jpg HTTP/1.1" 200 20561 "http://35.226.208.247/" "Mozilla/5.0 (Windows NT 10.0; Win64; x64) AppleWebKit/537.36 (KHTML, like Gecko) Chrome/112.0.0.0 Safari/537.36"
173.252.127.10 - - [10/May/2023:23:40:59 +0000] "GET /static/output.css HTTP/1.1" 200 217807 "http://35.226.208.247/" "Mozilla/5.0 (Windows NT 10.0; Win64; x64) AppleWebKit/537.36 (KHTML, like Gecko) Chrome/112.0.0.0 Safari/537.36"
173.252.127.10 - - [10/May/2023:23:40:59 +0000] "GET /static/pool.jpg HTTP/1.1" 200 288140 "http://35.226.208.247/" "Mozilla/5.0 (Windows NT 10.0; Win64; x64) AppleWebKit/537.36 (KHTML, like Gecko) Chrome/112.0.0.0 Safari/537.36"
193.35.18.61 - - [10/May/2023:23:50:27 +0000] "POST /boaform/admin/formLogin HTTP/1.1" 404 419 "http://35.226.208.247:80/admin/login.asp" "Mozilla/5.0 (X11; Ubuntu; Linux x86_64; rv:71.0) Gecko/20100101 Firefox/71.0"
193.35.18.251 - - [10/May/2023:23:50:35 +0000] "POST /boaform/admin/formLogin HTTP/1.1" 404 419 "http://35.226.208.247:80/admin/login.asp" "Mozilla/5.0 (X11; Ubuntu; Linux x86_64; rv:71.0) Gecko/20100101 Firefox/71.0"
193.176.153.210 - - [11/May/2023:00:01:16 +0000] "POST /boaform/admin/formLogin HTTP/1.1" 404 419 "http://35.226.208.247:80/admin/login.asp" "Mozilla/5.0 (X11; Ubuntu; Linux x86_64; rv:71.0) Gecko/20100101 Firefox/71.0"
192.190.42.228 - - [11/May/2023:00:33:49 +0000] "GET /manager/html HTTP/1.1" 404 419 "-" "-"
193.35.18.60 - - [11/May/2023:00:55:57 +0000] "GET / HTTP/1.1" 200 6584 "-" "-"
193.35.18.60 - - [11/May/2023:00:56:02 +0000] "POST /HNAP1/ HTTP/1.1" 404 419 "-" "Mozila/5.0"
91.203.89.146 - - [11/May/2023:01:05:35 +0000] "GET / HTTP/1.1" 200 6584 "-" "Mozilla/5.0 (Macintosh; Intel Mac OS X 10_11_6) AppleWebKit/601.7.7 (KHTML, like Gecko) Version/9.1.2 Safari/601.7.7"
54.37.79.75 - - [11/May/2023:01:14:03 +0000] "POST / HTTP/1.1" 405 401 "-" "Mozilla/5.0 (X11; Linux x86_64) AppleWebKit/537.36 (KHTML, like Gecko) Chrome/81.0.4044.129 Safari/537.36"
54.37.79.75 - - [11/May/2023:01:14:03 +0000] "GET /.env HTTP/1.1" 404 419 "-" "Mozilla/5.0 (X11; Linux x86_64) AppleWebKit/537.36 (KHTML, like Gecko) Chrome/81.0.4044.129 Safari/537.36"
34.76.96.55 - - [11/May/2023:01:14:07 +0000] "GET / HTTP/1.1" 200 2150 "-" "python-requests/2.28.2"
66.249.72.6 - - [11/May/2023:01:36:14 +0000] "GET /robots.txt HTTP/1.1" 404 419 "-" "Mozilla/5.0 (compatible; Googlebot/2.1; +http://www.google.com/bot.html)"
66.249.72.14 - - [11/May/2023:01:36:14 +0000] "GET / HTTP/1.1" 200 2150 "-" "Mozilla/5.0 (Linux; Android 6.0.1; Nexus 5X Build/MMB29P) AppleWebKit/537.36 (KHTML, like Gecko) Chrome/112.0.5615.142 Mobile Safari/537.36 (compatible; Googlebot/2.1; +http://www.google.com/bot.html)"
66.249.72.6 - - [11/May/2023:02:07:45 +0000] "GET / HTTP/1.1" 200 2150 "-" "Mozilla/5.0 (compatible; Googlebot/2.1; +http://www.google.com/bot.html)"
152.89.196.144 - - [11/May/2023:02:58:45 +0000] "GET /?XDEBUG_SESSION_START=phpstorm HTTP/1.1" 200 2113 "-" "Mozilla/5.0 (Windows NT 10.0; Win64; x64) AppleWebKit/537.36 (KHTML, like Gecko) Chrome/78.0.3904.108 Safari/537.36"
66.249.69.196 - - [11/May/2023:04:00:46 +0000] "GET / HTTP/1.1" 200 2150 "-" "Mozilla/5.0 (compatible; Googlebot/2.1; +http://www.google.com/bot.html)"
103.178.228.17 - - [11/May/2023:04:03:18 +0000] "GET / HTTP/1.1" 200 2113 "-" "Mozilla/5.0 (X11; Ubuntu; Linux x86_64; rv:76.0) Gecko/20100101 Firefox/76.0"
205.210.31.156 - - [11/May/2023:04:11:48 +0000] "GET / HTTP/1.1" 200 6584 "-" "Expanse, a Palo Alto Networks company, searches across the global IPv4 space multiple times per day to identify customers&#39; presences on the Internet. If you would like to be excluded from our scans, please send IP addresses/domains to: scaninfo@paloaltonetworks.com"
152.89.196.144 - - [11/May/2023:04:17:05 +0000] "GET /actuator/gateway/routes HTTP/1.1" 404 382 "-" "Mozilla/5.0 (Windows NT 10.0; Win64; x64) AppleWebKit/537.36 (KHTML, like Gecko) Chrome/78.0.3904.108 Safari/537.36"
20.1.154.236 - - [11/May/2023:04:20:07 +0000] "GET /.env HTTP/1.1" 404 419 "-" "Mozilla/5.0 (X11; Linux x86_64) AppleWebKit/537.36 (KHTML, like Gecko) Chrome/81.0.4044.129 Safari/537.36"
20.1.154.236 - - [11/May/2023:04:20:08 +0000] "POST / HTTP/1.1" 405 401 "-" "Mozilla/5.0 (X11; Linux x86_64) AppleWebKit/537.36 (KHTML, like Gecko) Chrome/81.0.4044.129 Safari/537.36"
184.105.139.69 - - [11/May/2023:04:55:06 +0000] "GET / HTTP/1.1" 200 2094 "-" "Mozilla/5.0 (X11; Linux x86_64; rv:102.0) Gecko/20100101 Firefox/102.0"
184.105.139.69 - - [11/May/2023:04:57:15 +0000] "GET /favicon.ico HTTP/1.1" 404 363 "-" "Mozilla/5.0 (Windows NT 10.0; Win64; x64; rv:109.0) Gecko/20100101 Firefox/111.0"
103.149.192.48 - - [11/May/2023:04:57:34 +0000] "GET / HTTP/1.1" 200 2094 "-" "Mozilla/5.0 (Windows NT 10.0; Win64; x64) AppleWebKit/537.36 (KHTML, like Gecko) Chrome/79.0.3945.130 Safari/537.36"
184.105.139.69 - - [11/May/2023:04:58:24 +0000] "GET /geoserver/web/ HTTP/1.1" 404 363 "-" "Mozilla/5.0 (X11; Linux x86_64; rv:102.0) Gecko/20100101 Firefox/102.0"
54.37.79.75 - - [11/May/2023:05:17:08 +0000] "POST / HTTP/1.1" 405 401 "-" "Mozilla/5.0 (X11; Linux x86_64) AppleWebKit/537.36 (KHTML, like Gecko) Chrome/81.0.4044.129 Safari/537.36"
54.37.79.75 - - [11/May/2023:05:17:09 +0000] "GET /.env HTTP/1.1" 404 419 "-" "Mozilla/5.0 (X11; Linux x86_64) AppleWebKit/537.36 (KHTML, like Gecko) Chrome/81.0.4044.129 Safari/537.36"
54.37.79.75 - - [11/May/2023:06:25:37 +0000] "POST / HTTP/1.1" 405 401 "-" "Mozilla/5.0 (X11; Linux x86_64) AppleWebKit/537.36 (KHTML, like Gecko) Chrome/81.0.4044.129 Safari/537.36"
54.37.79.75 - - [11/May/2023:06:25:37 +0000] "GET /.env HTTP/1.1" 404 419 "-" "Mozilla/5.0 (X11; Linux x86_64) AppleWebKit/537.36 (KHTML, like Gecko) Chrome/81.0.4044.129 Safari/537.36"
162.142.125.14 - - [11/May/2023:06:43:02 +0000] "GET / HTTP/1.1" 200 6584 "-" "-"
162.142.125.14 - - [11/May/2023:06:43:02 +0000] "GET / HTTP/1.1" 200 2094 "-" "Mozilla/5.0 (compatible; CensysInspect/1.1; +https://about.censys.io/)"
162.142.125.14 - - [11/May/2023:06:43:02 +0000] "GET /logo.jpg HTTP/1.1" 404 382 "-" "Mozilla/5.0 (compatible; CensysInspect/1.1; +https://about.censys.io/)"
162.142.125.14 - - [11/May/2023:06:43:02 +0000] "GET /favicon.ico HTTP/1.1" 404 382 "-" "Mozilla/5.0 (compatible; CensysInspect/1.1; +https://about.censys.io/)"
195.9.14.86 - - [11/May/2023:06:43:32 +0000] "GET / HTTP/1.1" 200 6584 "-" "Mozilla/5.0 (Windows NT 6.1; WOW64) AppleWebKit/537.36 (KHTML, like Gecko) Chrome/51.0.2704.103 Safari/537.36"
43.131.91.178 - - [11/May/2023:06:54:01 +0000] "GET / HTTP/1.1" 200 6584 "-" "curl/7.64.1"
209.141.36.231 - - [11/May/2023:06:54:09 +0000] "GET / HTTP/1.1" 200 2150 "-" "Mozilla/5.0 (Macintosh; Intel Mac OS X 10_15_7) AppleWebKit/537.36 (KHTML, like Gecko) Chrome/96.0.4664.110 Safari/537.36"
209.141.36.231 - - [11/May/2023:06:54:10 +0000] "GET / HTTP/1.1" 200 2094 "-" "Mozilla/5.0 (Macintosh; Intel Mac OS X 11_0_0) AppleWebKit/537.36 (KHTML, like Gecko) Chrome/87.0.4280.88 Safari/537.36"
209.141.55.120 - - [11/May/2023:06:54:16 +0000] "GET /logo.jpg HTTP/1.1" 404 419 "-" "Mozilla/5.0 (Macintosh; Intel Mac OS X 10_15_7) AppleWebKit/537.36 (KHTML, like Gecko) Chrome/96.0.4664.110 Safari/537.36"
103.187.191.168 - - [11/May/2023:07:09:56 +0000] "GET /nmaplowercheck1683788994 HTTP/1.1" 404 382 "-" "Mozilla/5.0 (compatible; Nmap Scripting Engine; https://nmap.org/book/nse.html)"
103.187.191.161 - - [11/May/2023:07:09:56 +0000] "POST /sdk HTTP/1.1" 404 382 "-" "Mozilla/5.0 (compatible; Nmap Scripting Engine; https://nmap.org/book/nse.html)"
103.187.191.161 - - [11/May/2023:07:09:56 +0000] "GET /evox/about HTTP/1.1" 404 382 "-" "Mozilla/5.0 (compatible; Nmap Scripting Engine; https://nmap.org/book/nse.html)"
103.187.191.161 - - [11/May/2023:07:09:57 +0000] "GET /HNAP1 HTTP/1.1" 404 382 "-" "Mozilla/5.0 (compatible; Nmap Scripting Engine; https://nmap.org/book/nse.html)"
103.187.191.161 - - [11/May/2023:07:09:59 +0000] "GET / HTTP/1.1" 200 6584 "-" "-"
172.104.11.51 - - [11/May/2023:07:27:14 +0000] "GET / HTTP/1.1" 200 2094 "-" "Mozilla/5.0 (Macintosh; Intel Mac OS X 13_1) AppleWebKit/537.36 (KHTML, like Gecko) Chrome/108.0.0.0 Safari/537.36"
66.249.72.14 - - [11/May/2023:07:32:22 +0000] "GET /db.py HTTP/1.1" 404 419 "-" "Mozilla/5.0 (Linux; Android 6.0.1; Nexus 5X Build/MMB29P) AppleWebKit/537.36 (KHTML, like Gecko) Chrome/112.0.5615.142 Mobile Safari/537.36 (compatible; Googlebot/2.1; +http://www.google.com/bot.html)"
179.43.177.243 - - [11/May/2023:07:53:02 +0000] "GET / HTTP/1.1" 200 6584 "-" "Hello World"
161.35.157.58 - - [11/May/2023:08:01:23 +0000] "GET / HTTP/1.1" 200 6584 "-" "Mozilla/5.0 (Windows NT 10.0; Win64; x64; rv:79.0) Gecko/20100101 Firefox/79.0"
159.89.115.218 - - [11/May/2023:08:12:43 +0000] "GET / HTTP/1.1" 200 2094 "-" "Mozilla/5.0 (Windows NT 10.0; Win64; x64) AppleWebKit/537.36 (KHTML, like Gecko) Chrome/108.0.0.0 Safari/537.36"
159.89.115.218 - - [11/May/2023:08:12:43 +0000] "GET /client/get_targets HTTP/1.1" 404 363 "-" "Mozilla/5.0 (Windows NT 10.0; Win64; x64) AppleWebKit/537.36 (KHTML, like Gecko) Chrome/108.0.0.0 Safari/537.36"
159.89.115.218 - - [11/May/2023:08:12:43 +0000] "GET /upl.php HTTP/1.1" 404 363 "-" "Mozilla/5.0"
159.89.115.218 - - [11/May/2023:08:12:43 +0000] "GET /geoip/ HTTP/1.1" 404 363 "-" "Mozilla/5.0 (Windows NT 10.0; Win64; x64) AppleWebKit/537.36 (KHTML, like Gecko) Chrome/108.0.0.0 Safari/537.36"
159.89.115.218 - - [11/May/2023:08:12:43 +0000] "GET / HTTP/1.1" 200 2094 "-" "Mozilla/5.0 (iPhone; CPU iPhone OS 13_3_1 like Mac OS X) AppleWebKit/605.1.15 (KHTML, like Gecko) Version/13.0.5 Mobile/15E148 Snapchat/10.77.0.54 (like Safari/604.1)"
159.89.115.218 - - [11/May/2023:08:12:43 +0000] "GET /favicon.ico HTTP/1.1" 404 363 "-" "Mozilla/5.0 (Windows NT 10.0; Win64; x64) AppleWebKit/537.36 (KHTML, like Gecko) Chrome/108.0.0.0 Safari/537.36"
54.37.79.75 - - [11/May/2023:09:02:57 +0000] "POST / HTTP/1.1" 405 401 "-" "Mozilla/5.0 (X11; Linux x86_64) AppleWebKit/537.36 (KHTML, like Gecko) Chrome/81.0.4044.129 Safari/537.36"
54.37.79.75 - - [11/May/2023:09:02:57 +0000] "GET /.env HTTP/1.1" 404 419 "-" "Mozilla/5.0 (X11; Linux x86_64) AppleWebKit/537.36 (KHTML, like Gecko) Chrome/81.0.4044.129 Safari/537.36"
45.95.169.240 - - [11/May/2023:09:27:44 +0000] "GET / HTTP/1.1" 200 2113 "-" "Mozilla/5.0 (X11; Ubuntu; Linux x86_64; rv:76.0) Gecko/20100101 Firefox/76.0"
45.95.169.240 - - [11/May/2023:09:27:57 +0000] "POST /dvr/cmd HTTP/1.1" 404 363 "-" "Abcd"
45.95.169.240 - - [11/May/2023:09:28:09 +0000] "POST /cn/cmd HTTP/1.1" 404 363 "-" "Abcd"
54.37.79.75 - - [11/May/2023:09:48:28 +0000] "POST / HTTP/1.1" 405 401 "-" "Mozilla/5.0 (X11; Linux x86_64) AppleWebKit/537.36 (KHTML, like Gecko) Chrome/81.0.4044.129 Safari/537.36"
54.37.79.75 - - [11/May/2023:09:48:29 +0000] "GET /.env HTTP/1.1" 404 419 "-" "Mozilla/5.0 (X11; Linux x86_64) AppleWebKit/537.36 (KHTML, like Gecko) Chrome/81.0.4044.129 Safari/537.36"
193.215.182.66 - - [11/May/2023:10:07:18 +0000] "GET / HTTP/1.1" 200 2150 "-" "Mozilla/5.0 (Windows NT 10.0; Win64; x64) AppleWebKit/537.36 (KHTML, like Gecko) Chrome/112.0.0.0 Safari/537.36"
193.215.182.66 - - [11/May/2023:10:07:18 +0000] "GET /static/logo.jpg HTTP/1.1" 304 250 "http://35.226.208.247/" "Mozilla/5.0 (Windows NT 10.0; Win64; x64) AppleWebKit/537.36 (KHTML, like Gecko) Chrome/112.0.0.0 Safari/537.36"
193.215.182.66 - - [11/May/2023:10:07:18 +0000] "GET /static/output.css HTTP/1.1" 200 217806 "http://35.226.208.247/" "Mozilla/5.0 (Windows NT 10.0; Win64; x64) AppleWebKit/537.36 (KHTML, like Gecko) Chrome/112.0.0.0 Safari/537.36"
193.215.182.66 - - [11/May/2023:10:07:19 +0000] "GET /static/pool.jpg HTTP/1.1" 304 250 "http://35.226.208.247/" "Mozilla/5.0 (Windows NT 10.0; Win64; x64) AppleWebKit/537.36 (KHTML, like Gecko) Chrome/112.0.0.0 Safari/537.36"
193.215.182.66 - - [11/May/2023:10:07:19 +0000] "GET /logo.jpg HTTP/1.1" 404 418 "http://35.226.208.247/" "Mozilla/5.0 (Windows NT 10.0; Win64; x64) AppleWebKit/537.36 (KHTML, like Gecko) Chrome/112.0.0.0 Safari/537.36"
193.215.182.66 - - [11/May/2023:10:07:19 +0000] "GET /logo.jpg HTTP/1.1" 404 418 "http://35.226.208.247/" "Mozilla/5.0 (Windows NT 10.0; Win64; x64) AppleWebKit/537.36 (KHTML, like Gecko) Chrome/112.0.0.0 Safari/537.36"
193.215.182.66 - - [11/May/2023:10:10:05 +0000] "GET / HTTP/1.1" 200 2150 "http://pisscounter.com/" "Mozilla/5.0 (Windows NT 10.0; Win64; x64) AppleWebKit/537.36 (KHTML, like Gecko) Chrome/112.0.0.0 Safari/537.36"
193.215.182.66 - - [11/May/2023:10:10:05 +0000] "GET /static/output.css HTTP/1.1" 200 217806 "http://35.226.208.247/" "Mozilla/5.0 (Windows NT 10.0; Win64; x64) AppleWebKit/537.36 (KHTML, like Gecko) Chrome/112.0.0.0 Safari/537.36"
193.215.182.66 - - [11/May/2023:10:10:06 +0000] "GET /logo.jpg HTTP/1.1" 404 418 "http://35.226.208.247/" "Mozilla/5.0 (Windows NT 10.0; Win64; x64) AppleWebKit/537.36 (KHTML, like Gecko) Chrome/112.0.0.0 Safari/537.36"
193.215.182.66 - - [11/May/2023:10:10:15 +0000] "GET /logon HTTP/1.1" 200 1690 "http://35.226.208.247/" "Mozilla/5.0 (Windows NT 10.0; Win64; x64) AppleWebKit/537.36 (KHTML, like Gecko) Chrome/112.0.0.0 Safari/537.36"
193.215.182.66 - - [11/May/2023:10:10:17 +0000] "GET /enternew HTTP/1.1" 200 1576 "http://35.226.208.247/logon" "Mozilla/5.0 (Windows NT 10.0; Win64; x64) AppleWebKit/537.36 (KHTML, like Gecko) Chrome/112.0.0.0 Safari/537.36"
193.215.182.66 - - [11/May/2023:10:10:21 +0000] "POST /addrec HTTP/1.1" 500 452 "http://35.226.208.247/enternew" "Mozilla/5.0 (Windows NT 10.0; Win64; x64) AppleWebKit/537.36 (KHTML, like Gecko) Chrome/112.0.0.0 Safari/537.36"
54.37.79.75 - - [11/May/2023:10:43:35 +0000] "POST / HTTP/1.1" 405 401 "-" "Mozilla/5.0 (X11; Linux x86_64) AppleWebKit/537.36 (KHTML, like Gecko) Chrome/81.0.4044.129 Safari/537.36"
54.37.79.75 - - [11/May/2023:10:43:35 +0000] "GET /.env HTTP/1.1" 404 419 "-" "Mozilla/5.0 (X11; Linux x86_64) AppleWebKit/537.36 (KHTML, like Gecko) Chrome/81.0.4044.129 Safari/537.36"
66.249.72.6 - - [11/May/2023:11:22:18 +0000] "GET /static/ HTTP/1.1" 200 791 "-" "Mozilla/5.0 (Linux; Android 6.0.1; Nexus 5X Build/MMB29P) AppleWebKit/537.36 (KHTML, like Gecko) Chrome/112.0.5615.142 Mobile Safari/537.36 (compatible; Googlebot/2.1; +http://www.google.com/bot.html)"
103.187.191.165 - - [11/May/2023:11:26:55 +0000] "GET / HTTP/1.1" 200 2094 "-" "Mozilla/5.0 (Windows NT 10.0; Win64; x64) AppleWebKit/537.36 (KHTML, like Gecko) Chrome/109.0.0.0 Safari/537.36"
66.249.72.14 - - [11/May/2023:11:41:10 +0000] "GET /README.md HTTP/1.1" 404 419 "-" "Mozilla/5.0 (Linux; Android 6.0.1; Nexus 5X Build/MMB29P) AppleWebKit/537.36 (KHTML, like Gecko) Chrome/112.0.5615.142 Mobile Safari/537.36 (compatible; Googlebot/2.1; +http://www.google.com/bot.html)"
66.249.72.14 - - [11/May/2023:11:46:58 +0000] "GET /about.html HTTP/1.1" 404 419 "-" "Mozilla/5.0 (Linux; Android 6.0.1; Nexus 5X Build/MMB29P) AppleWebKit/537.36 (KHTML, like Gecko) Chrome/112.0.5615.142 Mobile Safari/537.36 (compatible; Googlebot/2.1; +http://www.google.com/bot.html)"
82.147.56.14 - - [11/May/2023:11:47:28 +0000] "GET / HTTP/1.1" 200 2150 "http://pisscounter.com/" "Mozilla/5.0 (Macintosh; Intel Mac OS X 10_15_7) AppleWebKit/537.36 (KHTML, like Gecko) Chrome/113.0.0.0 Safari/537.36"
82.147.56.14 - - [11/May/2023:11:47:29 +0000] "GET /static/logo.jpg HTTP/1.1" 200 20561 "http://35.226.208.247/" "Mozilla/5.0 (Macintosh; Intel Mac OS X 10_15_7) AppleWebKit/537.36 (KHTML, like Gecko) Chrome/113.0.0.0 Safari/537.36"
82.147.56.14 - - [11/May/2023:11:47:29 +0000] "GET /static/output.css HTTP/1.1" 200 217806 "http://35.226.208.247/" "Mozilla/5.0 (Macintosh; Intel Mac OS X 10_15_7) AppleWebKit/537.36 (KHTML, like Gecko) Chrome/113.0.0.0 Safari/537.36"
82.147.56.14 - - [11/May/2023:11:47:29 +0000] "GET /static/pool.jpg HTTP/1.1" 200 288141 "http://35.226.208.247/" "Mozilla/5.0 (Macintosh; Intel Mac OS X 10_15_7) AppleWebKit/537.36 (KHTML, like Gecko) Chrome/113.0.0.0 Safari/537.36"
82.147.56.14 - - [11/May/2023:11:47:41 +0000] "GET /enternew HTTP/1.1" 200 1577 "http://35.226.208.247/" "Mozilla/5.0 (Macintosh; Intel Mac OS X 10_15_7) AppleWebKit/537.36 (KHTML, like Gecko) Chrome/113.0.0.0 Safari/537.36"
82.147.56.14 - - [11/May/2023:11:47:42 +0000] "GET /about HTTP/1.1" 200 2235 "http://35.226.208.247/enternew" "Mozilla/5.0 (Macintosh; Intel Mac OS X 10_15_7) AppleWebKit/537.36 (KHTML, like Gecko) Chrome/113.0.0.0 Safari/537.36"
82.147.56.14 - - [11/May/2023:11:47:42 +0000] "GET /static/logo.jpg HTTP/1.1" 200 20561 "http://35.226.208.247/about" "Mozilla/5.0 (Macintosh; Intel Mac OS X 10_15_7) AppleWebKit/537.36 (KHTML, like Gecko) Chrome/113.0.0.0 Safari/537.36"
82.147.56.14 - - [11/May/2023:11:47:42 +0000] "GET /static/output.css HTTP/1.1" 200 217806 "http://35.226.208.247/about" "Mozilla/5.0 (Macintosh; Intel Mac OS X 10_15_7) AppleWebKit/537.36 (KHTML, like Gecko) Chrome/113.0.0.0 Safari/537.36"
82.147.56.14 - - [11/May/2023:11:47:43 +0000] "GET /logo.jpg HTTP/1.1" 404 418 "http://35.226.208.247/about" "Mozilla/5.0 (Macintosh; Intel Mac OS X 10_15_7) AppleWebKit/537.36 (KHTML, like Gecko) Chrome/113.0.0.0 Safari/537.36"
82.147.56.14 - - [11/May/2023:11:48:16 +0000] "POST /addrec HTTP/1.1" 500 452 "http://35.226.208.247/enternew" "Mozilla/5.0 (Macintosh; Intel Mac OS X 10_15_7) AppleWebKit/537.36 (KHTML, like Gecko) Chrome/113.0.0.0 Safari/537.36"
82.147.56.14 - - [11/May/2023:11:50:11 +0000] "GET / HTTP/1.1" 200 2150 "http://35.226.208.247/" "Mozilla/5.0 (Macintosh; Intel Mac OS X 10_15_7) AppleWebKit/537.36 (KHTML, like Gecko) Chrome/113.0.0.0 Safari/537.36"
82.147.56.14 - - [11/May/2023:11:50:11 +0000] "GET / HTTP/1.1" 200 2150 "http://35.226.208.247/" "Mozilla/5.0 (Macintosh; Intel Mac OS X 10_15_7) AppleWebKit/537.36 (KHTML, like Gecko) Chrome/113.0.0.0 Safari/537.36"
82.147.56.14 - - [11/May/2023:11:50:14 +0000] "GET /about HTTP/1.1" 200 2234 "http://35.226.208.247/" "Mozilla/5.0 (Macintosh; Intel Mac OS X 10_15_7) AppleWebKit/537.36 (KHTML, like Gecko) Chrome/113.0.0.0 Safari/537.36"
82.147.56.14 - - [11/May/2023:11:50:24 +0000] "GET / HTTP/1.1" 200 2150 "http://35.226.208.247/about" "Mozilla/5.0 (Macintosh; Intel Mac OS X 10_15_7) AppleWebKit/537.36 (KHTML, like Gecko) Chrome/113.0.0.0 Safari/537.36"
95.214.27.191 - - [11/May/2023:12:04:18 +0000] "GET / HTTP/1.1" 200 2150 "-" "python-requests/2.25.1"
54.37.79.75 - - [11/May/2023:12:41:46 +0000] "POST / HTTP/1.1" 405 401 "-" "Mozilla/5.0 (X11; Linux x86_64) AppleWebKit/537.36 (KHTML, like Gecko) Chrome/81.0.4044.129 Safari/537.36"
54.37.79.75 - - [11/May/2023:12:41:47 +0000] "GET /.env HTTP/1.1" 404 419 "-" "Mozilla/5.0 (X11; Linux x86_64) AppleWebKit/537.36 (KHTML, like Gecko) Chrome/81.0.4044.129 Safari/537.36"
179.43.177.243 - - [11/May/2023:12:51:48 +0000] "POST /boaform/admin/formLogin HTTP/1.1" 404 419 "http://35.226.208.247:80/admin/login.asp" "Mozilla/5.0 (X11; Ubuntu; Linux x86_64; rv:71.0) Gecko/20100101 Firefox/71.0"
81.166.58.249 - - [11/May/2023:13:24:08 +0000] "GET /logo.jpg HTTP/1.1" 404 419 "http://35.226.208.247/" "Mozilla/5.0 (Windows NT 10.0; Win64; x64) AppleWebKit/537.36 (KHTML, like Gecko) Chrome/112.0.0.0 Safari/537.36 OPR/98.0.0.0 (Edition std-1)"
81.166.58.249 - - [11/May/2023:13:24:08 +0000] "GET /output.css HTTP/1.1" 404 419 "http://35.226.208.247/" "Mozilla/5.0 (Windows NT 10.0; Win64; x64) AppleWebKit/537.36 (KHTML, like Gecko) Chrome/112.0.0.0 Safari/537.36 OPR/98.0.0.0 (Edition std-1)"
81.166.58.249 - - [11/May/2023:13:24:08 +0000] "GET /pool.jpg HTTP/1.1" 404 419 "http://35.226.208.247/" "Mozilla/5.0 (Windows NT 10.0; Win64; x64) AppleWebKit/537.36 (KHTML, like Gecko) Chrome/112.0.0.0 Safari/537.36 OPR/98.0.0.0 (Edition std-1)"
81.166.58.249 - - [11/May/2023:13:24:08 +0000] "GET /logo.jpg HTTP/1.1" 404 418 "http://35.226.208.247/" "Mozilla/5.0 (Windows NT 10.0; Win64; x64) AppleWebKit/537.36 (KHTML, like Gecko) Chrome/112.0.0.0 Safari/537.36 OPR/98.0.0.0 (Edition std-1)"
146.19.215.41 - - [11/May/2023:13:30:29 +0000] "GET /.env HTTP/1.1" 404 419 "-" "python-requests/2.30.0"
146.19.215.41 - - [11/May/2023:13:30:34 +0000] "POST / HTTP/1.1" 405 401 "-" "python-requests/2.30.0"
54.37.79.75 - - [11/May/2023:13:59:56 +0000] "POST / HTTP/1.1" 405 401 "-" "Mozilla/5.0 (X11; Linux x86_64) AppleWebKit/537.36 (KHTML, like Gecko) Chrome/81.0.4044.129 Safari/537.36"
54.37.79.75 - - [11/May/2023:13:59:57 +0000] "GET /.env HTTP/1.1" 404 419 "-" "Mozilla/5.0 (X11; Linux x86_64) AppleWebKit/537.36 (KHTML, like Gecko) Chrome/81.0.4044.129 Safari/537.36"
66.249.72.10 - - [11/May/2023:14:02:51 +0000] "GET /robots.txt HTTP/1.1" 404 419 "-" "Mozilla/5.0 (compatible; Googlebot/2.1; +http://www.google.com/bot.html)"
66.249.72.10 - - [11/May/2023:14:02:51 +0000] "GET /pisscounter.conf HTTP/1.1" 404 418 "-" "Mozilla/5.0 (Linux; Android 6.0.1; Nexus 5X Build/MMB29P) AppleWebKit/537.36 (KHTML, like Gecko) Chrome/112.0.5615.142 Mobile Safari/537.36 (compatible; Googlebot/2.1; +http://www.google.com/bot.html)"
20.245.100.243 - - [11/May/2023:14:04:35 +0000] "GET /.env HTTP/1.1" 404 419 "-" "Mozilla/5.0 (X11; Linux x86_64) AppleWebKit/537.36 (KHTML, like Gecko) Chrome/81.0.4044.129 Safari/537.36"
20.245.100.243 - - [11/May/2023:14:04:35 +0000] "POST / HTTP/1.1" 405 401 "-" "Mozilla/5.0 (X11; Linux x86_64) AppleWebKit/537.36 (KHTML, like Gecko) Chrome/81.0.4044.129 Safari/537.36"
87.121.221.49 - - [11/May/2023:14:13:01 +0000] "POST /boaform/admin/formLogin HTTP/1.1" 404 419 "http://35.226.208.247:80/admin/login.asp" "Mozilla/5.0 (X11; Ubuntu; Linux x86_64; rv:71.0) Gecko/20100101 Firefox/71.0"
54.37.79.75 - - [11/May/2023:14:21:38 +0000] "POST / HTTP/1.1" 405 401 "-" "Mozilla/5.0 (X11; Linux x86_64) AppleWebKit/537.36 (KHTML, like Gecko) Chrome/81.0.4044.129 Safari/537.36"
54.37.79.75 - - [11/May/2023:14:21:39 +0000] "GET /.env HTTP/1.1" 404 419 "-" "Mozilla/5.0 (X11; Linux x86_64) AppleWebKit/537.36 (KHTML, like Gecko) Chrome/81.0.4044.129 Safari/537.36"
185.98.3.220 - - [11/May/2023:14:47:58 +0000] "GET / HTTP/1.1" 200 6603 "-" "Mozilla/5.0 (Windows NT 6.1; Win64; x64; rv:77.0) Gecko/20100101 Firefox/77.0"
66.175.234.123 - - [11/May/2023:15:01:04 +0000] "GET /login?from=%2F HTTP/1.1" 500 452 "-" "libwww-perl/6.67"
198.199.106.198 - - [11/May/2023:15:44:15 +0000] "GET / HTTP/1.1" 200 2094 "-" "Mozilla/5.0 zgrab/0.x"
80.66.77.238 - - [11/May/2023:15:50:08 +0000] "GET / HTTP/1.1" 200 2094 "-" "Mozilla/5.0 zgrab/0.x"
183.136.225.32 - - [11/May/2023:15:56:28 +0000] "GET / HTTP/1.1" 200 6640 "-" "Mozilla/5.0 (Macintosh; Intel Mac OS X 10.11; rv:47.0) Gecko/20100101 Firefox/47.0"
54.37.79.75 - - [11/May/2023:15:59:28 +0000] "POST / HTTP/1.1" 405 401 "-" "Mozilla/5.0 (X11; Linux x86_64) AppleWebKit/537.36 (KHTML, like Gecko) Chrome/81.0.4044.129 Safari/537.36"
54.37.79.75 - - [11/May/2023:15:59:28 +0000] "GET /.env HTTP/1.1" 404 419 "-" "Mozilla/5.0 (X11; Linux x86_64) AppleWebKit/537.36 (KHTML, like Gecko) Chrome/81.0.4044.129 Safari/537.36"
69.164.217.245 - - [11/May/2023:16:03:21 +0000] "GET / HTTP/1.1" 200 2094 "-" "Mozilla/5.0 zgrab/0.x"
183.136.225.32 - - [11/May/2023:16:04:35 +0000] "GET /logo.jpg HTTP/1.1" 404 382 "-" "Mozilla/5.0 (Windows NT 6.1; WOW64) AppleWebKit/537.36 (KHTML, like Gecko) Chrome/63.0.3239.132 Safari/537.36 QIHU 360SE"
183.136.225.32 - - [11/May/2023:16:05:03 +0000] "GET /favicon.ico HTTP/1.1" 404 382 "-" "Mozilla/5.0 (Windows NT 6.1; WOW64) AppleWebKit/537.36 (KHTML, like Gecko) Chrome/63.0.3239.132 Safari/537.36 QIHU 360SE"
183.136.225.32 - - [11/May/2023:16:05:15 +0000] "GET /robots.txt HTTP/1.1" 404 382 "-" "Mozilla/5.0 (Windows NT 6.1; WOW64) AppleWebKit/537.36 (KHTML, like Gecko) Chrome/63.0.3239.132 Safari/537.36 QIHU 360SE"
176.97.210.100 - - [11/May/2023:16:36:29 +0000] "GET / HTTP/1.1" 200 2113 "-" "Linux Gnu (cow)"
179.73.178.237 - - [11/May/2023:16:41:39 +0000] "GET / HTTP/1.1" 200 6584 "-" "Mozilla/5.0 (Windows NT 10.0; WOW64) AppleWebKit/537.36 (KHTML, like Gecko) Chrome/51.0.2704.103 Safari/537.36"
201.220.151.94 - - [11/May/2023:16:47:18 +0000] "GET / HTTP/1.1" 200 6584 "-" "Mozilla/5.0 (Windows NT 6.1; WOW64) AppleWebKit/537.36 (KHTML, like Gecko) Chrome/51.0.2704.103 Safari/537.36"
54.37.79.75 - - [11/May/2023:17:01:53 +0000] "POST / HTTP/1.1" 405 401 "-" "Mozilla/5.0 (X11; Linux x86_64) AppleWebKit/537.36 (KHTML, like Gecko) Chrome/81.0.4044.129 Safari/537.36"
54.37.79.75 - - [11/May/2023:17:01:53 +0000] "GET /.env HTTP/1.1" 404 419 "-" "Mozilla/5.0 (X11; Linux x86_64) AppleWebKit/537.36 (KHTML, like Gecko) Chrome/81.0.4044.129 Safari/537.36"
162.142.125.215 - - [11/May/2023:17:16:20 +0000] "GET / HTTP/1.1" 200 6584 "-" "-"
162.142.125.215 - - [11/May/2023:17:16:20 +0000] "GET / HTTP/1.1" 200 2094 "-" "Mozilla/5.0 (compatible; CensysInspect/1.1; +https://about.censys.io/)"
162.142.125.215 - - [11/May/2023:17:16:21 +0000] "GET /logo.jpg HTTP/1.1" 404 382 "-" "Mozilla/5.0 (compatible; CensysInspect/1.1; +https://about.censys.io/)"
162.142.125.215 - - [11/May/2023:17:16:21 +0000] "GET /favicon.ico HTTP/1.1" 404 382 "-" "Mozilla/5.0 (compatible; CensysInspect/1.1; +https://about.censys.io/)"
54.37.79.75 - - [11/May/2023:17:38:59 +0000] "POST / HTTP/1.1" 405 401 "-" "Mozilla/5.0 (X11; Linux x86_64) AppleWebKit/537.36 (KHTML, like Gecko) Chrome/81.0.4044.129 Safari/537.36"
54.37.79.75 - - [11/May/2023:17:38:59 +0000] "GET /.env HTTP/1.1" 404 419 "-" "Mozilla/5.0 (X11; Linux x86_64) AppleWebKit/537.36 (KHTML, like Gecko) Chrome/81.0.4044.129 Safari/537.36"
223.247.179.42 - - [11/May/2023:18:07:14 +0000] "GET / HTTP/1.1" 200 2113 "-" "Mozilla/5.0 (iPhone; CPU iPhone OS 13_2_3 like Mac OS X) AppleWebKit/605.1.15 (KHTML, like Gecko) Version/13.0.3 Mobile/15E148 Safari/604.1"
66.249.72.6 - - [11/May/2023:18:13:55 +0000] "GET /logon HTTP/1.1" 200 1690 "-" "Mozilla/5.0 (Linux; Android 6.0.1; Nexus 5X Build/MMB29P) AppleWebKit/537.36 (KHTML, like Gecko) Chrome/112.0.5615.142 Mobile Safari/537.36 (compatible; Googlebot/2.1; +http://www.google.com/bot.html)"
154.12.227.91 - - [11/May/2023:18:28:11 +0000] "HEAD / HTTP/1.1" 200 251 "-" "python-requests/2.22.0"
154.12.227.91 - - [11/May/2023:18:28:11 +0000] "GET /.env HTTP/1.1" 404 419 "-" "Mozilla/5.0 (X11; Linux x86_64) AppleWebKit/537.36 (KHTML, like Gecko) Chrome/81.0.4044.129 Safari/537.36"
154.12.227.91 - - [11/May/2023:18:28:12 +0000] "POST /.env HTTP/1.1" 404 419 "-" "Mozilla/5.0 (X11; Linux x86_64) AppleWebKit/537.36 (KHTML, like Gecko) Chrome/81.0.4044.129 Safari/537.36"
154.12.227.91 - - [11/May/2023:18:28:14 +0000] "GET /conf/.env HTTP/1.1" 404 419 "-" "Mozilla/5.0 (X11; Linux x86_64) AppleWebKit/537.36 (KHTML, like Gecko) Chrome/81.0.4044.129 Safari/537.36"
154.12.227.91 - - [11/May/2023:18:28:14 +0000] "POST /conf/.env HTTP/1.1" 404 419 "-" "Mozilla/5.0 (X11; Linux x86_64) AppleWebKit/537.36 (KHTML, like Gecko) Chrome/81.0.4044.129 Safari/537.36"
154.12.227.91 - - [11/May/2023:18:28:17 +0000] "GET /wp-content/.env HTTP/1.1" 404 419 "-" "Mozilla/5.0 (X11; Linux x86_64) AppleWebKit/537.36 (KHTML, like Gecko) Chrome/81.0.4044.129 Safari/537.36"
154.12.227.91 - - [11/May/2023:18:28:17 +0000] "POST /wp-content/.env HTTP/1.1" 404 419 "-" "Mozilla/5.0 (X11; Linux x86_64) AppleWebKit/537.36 (KHTML, like Gecko) Chrome/81.0.4044.129 Safari/537.36"
154.12.227.91 - - [11/May/2023:18:28:21 +0000] "GET /wp-admin/.env HTTP/1.1" 404 419 "-" "Mozilla/5.0 (X11; Linux x86_64) AppleWebKit/537.36 (KHTML, like Gecko) Chrome/81.0.4044.129 Safari/537.36"
154.12.227.91 - - [11/May/2023:18:28:21 +0000] "POST /wp-admin/.env HTTP/1.1" 404 419 "-" "Mozilla/5.0 (X11; Linux x86_64) AppleWebKit/537.36 (KHTML, like Gecko) Chrome/81.0.4044.129 Safari/537.36"
154.12.227.91 - - [11/May/2023:18:28:28 +0000] "GET /library/.env HTTP/1.1" 404 419 "-" "Mozilla/5.0 (X11; Linux x86_64) AppleWebKit/537.36 (KHTML, like Gecko) Chrome/81.0.4044.129 Safari/537.36"
154.12.227.91 - - [11/May/2023:18:28:28 +0000] "POST /library/.env HTTP/1.1" 404 419 "-" "Mozilla/5.0 (X11; Linux x86_64) AppleWebKit/537.36 (KHTML, like Gecko) Chrome/81.0.4044.129 Safari/537.36"
154.12.227.91 - - [11/May/2023:18:28:36 +0000] "GET /new/.env HTTP/1.1" 404 419 "-" "Mozilla/5.0 (X11; Linux x86_64) AppleWebKit/537.36 (KHTML, like Gecko) Chrome/81.0.4044.129 Safari/537.36"
154.12.227.91 - - [11/May/2023:18:28:36 +0000] "POST /new/.env HTTP/1.1" 404 419 "-" "Mozilla/5.0 (X11; Linux x86_64) AppleWebKit/537.36 (KHTML, like Gecko) Chrome/81.0.4044.129 Safari/537.36"
154.12.227.91 - - [11/May/2023:18:28:41 +0000] "GET /vendor/.env HTTP/1.1" 404 419 "-" "Mozilla/5.0 (X11; Linux x86_64) AppleWebKit/537.36 (KHTML, like Gecko) Chrome/81.0.4044.129 Safari/537.36"
154.12.227.91 - - [11/May/2023:18:28:41 +0000] "POST /vendor/.env HTTP/1.1" 404 419 "-" "Mozilla/5.0 (X11; Linux x86_64) AppleWebKit/537.36 (KHTML, like Gecko) Chrome/81.0.4044.129 Safari/537.36"
154.12.227.91 - - [11/May/2023:18:28:44 +0000] "GET /old/.env HTTP/1.1" 404 419 "-" "Mozilla/5.0 (X11; Linux x86_64) AppleWebKit/537.36 (KHTML, like Gecko) Chrome/81.0.4044.129 Safari/537.36"
154.12.227.91 - - [11/May/2023:18:28:45 +0000] "POST /old/.env HTTP/1.1" 404 419 "-" "Mozilla/5.0 (X11; Linux x86_64) AppleWebKit/537.36 (KHTML, like Gecko) Chrome/81.0.4044.129 Safari/537.36"
154.12.227.91 - - [11/May/2023:18:28:47 +0000] "GET /local/.env HTTP/1.1" 404 419 "-" "Mozilla/5.0 (X11; Linux x86_64) AppleWebKit/537.36 (KHTML, like Gecko) Chrome/81.0.4044.129 Safari/537.36"
154.12.227.91 - - [11/May/2023:18:28:48 +0000] "POST /local/.env HTTP/1.1" 404 419 "-" "Mozilla/5.0 (X11; Linux x86_64) AppleWebKit/537.36 (KHTML, like Gecko) Chrome/81.0.4044.129 Safari/537.36"
154.12.227.91 - - [11/May/2023:18:28:51 +0000] "GET /api/.env HTTP/1.1" 404 419 "-" "Mozilla/5.0 (X11; Linux x86_64) AppleWebKit/537.36 (KHTML, like Gecko) Chrome/81.0.4044.129 Safari/537.36"
154.12.227.91 - - [11/May/2023:18:28:52 +0000] "POST /api/.env HTTP/1.1" 404 419 "-" "Mozilla/5.0 (X11; Linux x86_64) AppleWebKit/537.36 (KHTML, like Gecko) Chrome/81.0.4044.129 Safari/537.36"
154.12.227.91 - - [11/May/2023:18:28:54 +0000] "GET /blog/.env HTTP/1.1" 404 419 "-" "Mozilla/5.0 (X11; Linux x86_64) AppleWebKit/537.36 (KHTML, like Gecko) Chrome/81.0.4044.129 Safari/537.36"
154.12.227.91 - - [11/May/2023:18:28:54 +0000] "POST /blog/.env HTTP/1.1" 404 419 "-" "Mozilla/5.0 (X11; Linux x86_64) AppleWebKit/537.36 (KHTML, like Gecko) Chrome/81.0.4044.129 Safari/537.36"
154.12.227.91 - - [11/May/2023:18:28:57 +0000] "GET /crm/.env HTTP/1.1" 404 419 "-" "Mozilla/5.0 (X11; Linux x86_64) AppleWebKit/537.36 (KHTML, like Gecko) Chrome/81.0.4044.129 Safari/537.36"
154.12.227.91 - - [11/May/2023:18:28:58 +0000] "POST /crm/.env HTTP/1.1" 404 419 "-" "Mozilla/5.0 (X11; Linux x86_64) AppleWebKit/537.36 (KHTML, like Gecko) Chrome/81.0.4044.129 Safari/537.36"
154.12.227.91 - - [11/May/2023:18:28:59 +0000] "GET /admin/.env HTTP/1.1" 404 419 "-" "Mozilla/5.0 (X11; Linux x86_64) AppleWebKit/537.36 (KHTML, like Gecko) Chrome/81.0.4044.129 Safari/537.36"
154.12.227.91 - - [11/May/2023:18:28:59 +0000] "POST /admin/.env HTTP/1.1" 404 419 "-" "Mozilla/5.0 (X11; Linux x86_64) AppleWebKit/537.36 (KHTML, like Gecko) Chrome/81.0.4044.129 Safari/537.36"
154.12.227.91 - - [11/May/2023:18:29:01 +0000] "GET /laravel/.env HTTP/1.1" 404 419 "-" "Mozilla/5.0 (X11; Linux x86_64) AppleWebKit/537.36 (KHTML, like Gecko) Chrome/81.0.4044.129 Safari/537.36"
154.12.227.91 - - [11/May/2023:18:29:01 +0000] "POST /laravel/.env HTTP/1.1" 404 419 "-" "Mozilla/5.0 (X11; Linux x86_64) AppleWebKit/537.36 (KHTML, like Gecko) Chrome/81.0.4044.129 Safari/537.36"
154.12.227.91 - - [11/May/2023:18:29:04 +0000] "GET /app/.env HTTP/1.1" 404 419 "-" "Mozilla/5.0 (X11; Linux x86_64) AppleWebKit/537.36 (KHTML, like Gecko) Chrome/81.0.4044.129 Safari/537.36"
154.12.227.91 - - [11/May/2023:18:29:04 +0000] "POST /app/.env HTTP/1.1" 404 419 "-" "Mozilla/5.0 (X11; Linux x86_64) AppleWebKit/537.36 (KHTML, like Gecko) Chrome/81.0.4044.129 Safari/537.36"
154.12.227.91 - - [11/May/2023:18:29:05 +0000] "GET /app/config/.env HTTP/1.1" 404 419 "-" "Mozilla/5.0 (X11; Linux x86_64) AppleWebKit/537.36 (KHTML, like Gecko) Chrome/81.0.4044.129 Safari/537.36"
154.12.227.91 - - [11/May/2023:18:29:06 +0000] "POST /app/config/.env HTTP/1.1" 404 419 "-" "Mozilla/5.0 (X11; Linux x86_64) AppleWebKit/537.36 (KHTML, like Gecko) Chrome/81.0.4044.129 Safari/537.36"
154.12.227.91 - - [11/May/2023:18:29:07 +0000] "GET /apps/.env HTTP/1.1" 404 419 "-" "Mozilla/5.0 (X11; Linux x86_64) AppleWebKit/537.36 (KHTML, like Gecko) Chrome/81.0.4044.129 Safari/537.36"
154.12.227.91 - - [11/May/2023:18:29:07 +0000] "POST /apps/.env HTTP/1.1" 404 419 "-" "Mozilla/5.0 (X11; Linux x86_64) AppleWebKit/537.36 (KHTML, like Gecko) Chrome/81.0.4044.129 Safari/537.36"
154.12.227.91 - - [11/May/2023:18:29:18 +0000] "GET /audio/.env HTTP/1.1" 404 419 "-" "Mozilla/5.0 (X11; Linux x86_64) AppleWebKit/537.36 (KHTML, like Gecko) Chrome/81.0.4044.129 Safari/537.36"
154.12.227.91 - - [11/May/2023:18:29:18 +0000] "POST /audio/.env HTTP/1.1" 404 419 "-" "Mozilla/5.0 (X11; Linux x86_64) AppleWebKit/537.36 (KHTML, like Gecko) Chrome/81.0.4044.129 Safari/537.36"
154.12.227.91 - - [11/May/2023:18:29:19 +0000] "GET /cgi-bin/.env HTTP/1.1" 404 419 "-" "Mozilla/5.0 (X11; Linux x86_64) AppleWebKit/537.36 (KHTML, like Gecko) Chrome/81.0.4044.129 Safari/537.36"
154.12.227.91 - - [11/May/2023:18:29:20 +0000] "POST /cgi-bin/.env HTTP/1.1" 404 419 "-" "Mozilla/5.0 (X11; Linux x86_64) AppleWebKit/537.36 (KHTML, like Gecko) Chrome/81.0.4044.129 Safari/537.36"
154.12.227.91 - - [11/May/2023:18:29:22 +0000] "GET /backend/.env HTTP/1.1" 404 419 "-" "Mozilla/5.0 (X11; Linux x86_64) AppleWebKit/537.36 (KHTML, like Gecko) Chrome/81.0.4044.129 Safari/537.36"
154.12.227.91 - - [11/May/2023:18:29:22 +0000] "POST /backend/.env HTTP/1.1" 404 419 "-" "Mozilla/5.0 (X11; Linux x86_64) AppleWebKit/537.36 (KHTML, like Gecko) Chrome/81.0.4044.129 Safari/537.36"
154.12.227.91 - - [11/May/2023:18:29:24 +0000] "GET /src/.env HTTP/1.1" 404 419 "-" "Mozilla/5.0 (X11; Linux x86_64) AppleWebKit/537.36 (KHTML, like Gecko) Chrome/81.0.4044.129 Safari/537.36"
154.12.227.91 - - [11/May/2023:18:29:24 +0000] "POST /src/.env HTTP/1.1" 404 419 "-" "Mozilla/5.0 (X11; Linux x86_64) AppleWebKit/537.36 (KHTML, like Gecko) Chrome/81.0.4044.129 Safari/537.36"
154.12.227.91 - - [11/May/2023:18:29:28 +0000] "GET /base/.env HTTP/1.1" 404 419 "-" "Mozilla/5.0 (X11; Linux x86_64) AppleWebKit/537.36 (KHTML, like Gecko) Chrome/81.0.4044.129 Safari/537.36"
154.12.227.91 - - [11/May/2023:18:29:28 +0000] "POST /base/.env HTTP/1.1" 404 419 "-" "Mozilla/5.0 (X11; Linux x86_64) AppleWebKit/537.36 (KHTML, like Gecko) Chrome/81.0.4044.129 Safari/537.36"
154.12.227.91 - - [11/May/2023:18:29:29 +0000] "GET /core/.env HTTP/1.1" 404 419 "-" "Mozilla/5.0 (X11; Linux x86_64) AppleWebKit/537.36 (KHTML, like Gecko) Chrome/81.0.4044.129 Safari/537.36"
154.12.227.91 - - [11/May/2023:18:29:29 +0000] "POST /core/.env HTTP/1.1" 404 419 "-" "Mozilla/5.0 (X11; Linux x86_64) AppleWebKit/537.36 (KHTML, like Gecko) Chrome/81.0.4044.129 Safari/537.36"
154.12.227.91 - - [11/May/2023:18:29:31 +0000] "GET /vendor/laravel/.env HTTP/1.1" 404 419 "-" "Mozilla/5.0 (X11; Linux x86_64) AppleWebKit/537.36 (KHTML, like Gecko) Chrome/81.0.4044.129 Safari/537.36"
154.12.227.91 - - [11/May/2023:18:29:31 +0000] "POST /vendor/laravel/.env HTTP/1.1" 404 419 "-" "Mozilla/5.0 (X11; Linux x86_64) AppleWebKit/537.36 (KHTML, like Gecko) Chrome/81.0.4044.129 Safari/537.36"
154.12.227.91 - - [11/May/2023:18:29:33 +0000] "GET /storage/.env HTTP/1.1" 404 419 "-" "Mozilla/5.0 (X11; Linux x86_64) AppleWebKit/537.36 (KHTML, like Gecko) Chrome/81.0.4044.129 Safari/537.36"
154.12.227.91 - - [11/May/2023:18:29:33 +0000] "POST /storage/.env HTTP/1.1" 404 419 "-" "Mozilla/5.0 (X11; Linux x86_64) AppleWebKit/537.36 (KHTML, like Gecko) Chrome/81.0.4044.129 Safari/537.36"
154.12.227.91 - - [11/May/2023:18:29:35 +0000] "GET /protected/.env HTTP/1.1" 404 419 "-" "Mozilla/5.0 (X11; Linux x86_64) AppleWebKit/537.36 (KHTML, like Gecko) Chrome/81.0.4044.129 Safari/537.36"
154.12.227.91 - - [11/May/2023:18:29:35 +0000] "POST /protected/.env HTTP/1.1" 404 419 "-" "Mozilla/5.0 (X11; Linux x86_64) AppleWebKit/537.36 (KHTML, like Gecko) Chrome/81.0.4044.129 Safari/537.36"
