20.245.100.243 - - [14/May/2023:13:24:25 +0000] "POST / HTTP/1.1" 405 401 "-" "Mozilla/5.0 (X11; Linux x86_64) AppleWebKit/537.36 (KHTML, like Gecko) Chrome/81.0.4044.129 Safari/537.36"
201.76.109.105 - - [14/May/2023:14:04:50 +0000] "GET / HTTP/1.1" 200 6584 "-" "Mozilla/5.0 (Windows NT 10.0; WOW64) AppleWebKit/537.36 (KHTML, like Gecko) Chrome/52.0.2743.116 Safari/537.36"
54.37.79.75 - - [14/May/2023:14:39:00 +0000] "POST / HTTP/1.1" 405 401 "-" "Mozilla/5.0 (X11; Linux x86_64) AppleWebKit/537.36 (KHTML, like Gecko) Chrome/81.0.4044.129 Safari/537.36"
54.37.79.75 - - [14/May/2023:14:39:00 +0000] "GET /.env HTTP/1.1" 404 419 "-" "Mozilla/5.0 (X11; Linux x86_64) AppleWebKit/537.36 (KHTML, like Gecko) Chrome/81.0.4044.129 Safari/537.36"
54.37.79.75 - - [14/May/2023:15:00:51 +0000] "POST / HTTP/1.1" 405 401 "-" "Mozilla/5.0 (X11; Linux x86_64) AppleWebKit/537.36 (KHTML, like Gecko) Chrome/81.0.4044.129 Safari/537.36"
54.37.79.75 - - [14/May/2023:15:00:52 +0000] "GET /.env HTTP/1.1" 404 419 "-" "Mozilla/5.0 (X11; Linux x86_64) AppleWebKit/537.36 (KHTML, like Gecko) Chrome/81.0.4044.129 Safari/537.36"
87.121.221.49 - - [14/May/2023:15:10:05 +0000] "POST /boaform/admin/formLogin HTTP/1.1" 404 419 "http://35.226.208.247:80/admin/login.asp" "Mozilla/5.0 (X11; Ubuntu; Linux x86_64; rv:71.0) Gecko/20100101 Firefox/71.0"
162.243.132.7 - - [14/May/2023:15:37:18 +0000] "GET / HTTP/1.1" 200 2094 "-" "Mozilla/5.0 zgrab/0.x"
54.37.79.75 - - [14/May/2023:16:53:55 +0000] "POST / HTTP/1.1" 405 401 "-" "Mozilla/5.0 (X11; Linux x86_64) AppleWebKit/537.36 (KHTML, like Gecko) Chrome/81.0.4044.129 Safari/537.36"
54.37.79.75 - - [14/May/2023:16:53:55 +0000] "GET /.env HTTP/1.1" 404 419 "-" "Mozilla/5.0 (X11; Linux x86_64) AppleWebKit/537.36 (KHTML, like Gecko) Chrome/81.0.4044.129 Safari/537.36"
66.249.72.6 - - [14/May/2023:17:44:51 +0000] "GET / HTTP/1.1" 200 2150 "-" "Mozilla/5.0 (Linux; Android 6.0.1; Nexus 5X Build/MMB29P) AppleWebKit/537.36 (KHTML, like Gecko) Chrome/112.0.5615.142 Mobile Safari/537.36 (compatible; Googlebot/2.1; +http://www.google.com/bot.html)"
20.245.100.243 - - [14/May/2023:17:56:38 +0000] "GET /.env HTTP/1.1" 404 419 "-" "Mozilla/5.0 (X11; Linux x86_64) AppleWebKit/537.36 (KHTML, like Gecko) Chrome/81.0.4044.129 Safari/537.36"
20.245.100.243 - - [14/May/2023:17:56:38 +0000] "POST / HTTP/1.1" 405 401 "-" "Mozilla/5.0 (X11; Linux x86_64) AppleWebKit/537.36 (KHTML, like Gecko) Chrome/81.0.4044.129 Safari/537.36"
20.55.58.5 - - [14/May/2023:18:00:29 +0000] "GET /.env HTTP/1.1" 404 419 "-" "Mozilla/5.0 (X11; Linux x86_64) AppleWebKit/537.36 (KHTML, like Gecko) Chrome/81.0.4044.129 Safari/537.36"
20.55.58.5 - - [14/May/2023:18:00:29 +0000] "POST / HTTP/1.1" 405 401 "-" "Mozilla/5.0 (X11; Linux x86_64) AppleWebKit/537.36 (KHTML, like Gecko) Chrome/81.0.4044.129 Safari/537.36"
54.37.79.75 - - [14/May/2023:18:07:26 +0000] "POST / HTTP/1.1" 405 401 "-" "Mozilla/5.0 (X11; Linux x86_64) AppleWebKit/537.36 (KHTML, like Gecko) Chrome/81.0.4044.129 Safari/537.36"
54.37.79.75 - - [14/May/2023:18:07:27 +0000] "GET /.env HTTP/1.1" 404 419 "-" "Mozilla/5.0 (X11; Linux x86_64) AppleWebKit/537.36 (KHTML, like Gecko) Chrome/81.0.4044.129 Safari/537.36"
66.249.72.10 - - [14/May/2023:18:07:48 +0000] "GET /about.html HTTP/1.1" 404 419 "-" "Mozilla/5.0 (Linux; Android 6.0.1; Nexus 5X Build/MMB29P) AppleWebKit/537.36 (KHTML, like Gecko) Chrome/112.0.5615.142 Mobile Safari/537.36 (compatible; Googlebot/2.1; +http://www.google.com/bot.html)"
66.249.72.6 - - [14/May/2023:18:07:49 +0000] "GET /db.py HTTP/1.1" 404 419 "-" "Mozilla/5.0 (Linux; Android 6.0.1; Nexus 5X Build/MMB29P) AppleWebKit/537.36 (KHTML, like Gecko) Chrome/112.0.5615.142 Mobile Safari/537.36 (compatible; Googlebot/2.1; +http://www.google.com/bot.html)"
117.33.227.207 - - [14/May/2023:18:21:00 +0000] "GET / HTTP/1.1" 200 2113 "-" "Mozilla/5.0 (iPhone; CPU iPhone OS 13_2_3 like Mac OS X) AppleWebKit/605.1.15 (KHTML, like Gecko) Version/13.0.3 Mobile/15E148 Safari/604.1"
54.37.79.75 - - [14/May/2023:18:39:55 +0000] "POST / HTTP/1.1" 405 401 "-" "Mozilla/5.0 (X11; Linux x86_64) AppleWebKit/537.36 (KHTML, like Gecko) Chrome/81.0.4044.129 Safari/537.36"
54.37.79.75 - - [14/May/2023:18:39:55 +0000] "GET /.env HTTP/1.1" 404 419 "-" "Mozilla/5.0 (X11; Linux x86_64) AppleWebKit/537.36 (KHTML, like Gecko) Chrome/81.0.4044.129 Safari/537.36"
66.249.72.14 - - [14/May/2023:18:44:18 +0000] "GET /logon HTTP/1.1" 200 1690 "-" "Mozilla/5.0 (Linux; Android 6.0.1; Nexus 5X Build/MMB29P) AppleWebKit/537.36 (KHTML, like Gecko) Chrome/112.0.5615.142 Mobile Safari/537.36 (compatible; Googlebot/2.1; +http://www.google.com/bot.html)"
20.1.154.236 - - [14/May/2023:18:58:41 +0000] "GET /.env HTTP/1.1" 404 419 "-" "Mozilla/5.0 (X11; Linux x86_64) AppleWebKit/537.36 (KHTML, like Gecko) Chrome/81.0.4044.129 Safari/537.36"
20.1.154.236 - - [14/May/2023:18:58:41 +0000] "POST / HTTP/1.1" 405 401 "-" "Mozilla/5.0 (X11; Linux x86_64) AppleWebKit/537.36 (KHTML, like Gecko) Chrome/81.0.4044.129 Safari/537.36"
45.128.232.121 - - [14/May/2023:19:00:35 +0000] "POST /boaform/admin/formLogin HTTP/1.1" 404 419 "http://35.226.208.247:80/admin/login.asp" "Mozilla/5.0 (X11; Ubuntu; Linux x86_64; rv:71.0) Gecko/20100101 Firefox/71.0"
117.192.219.33 - - [14/May/2023:19:01:45 +0000] "GET / HTTP/1.1" 200 6584 "-" "Mozilla/5.0 (Windows NT 6.1; WOW64) AppleWebKit/537.36 (KHTML, like Gecko) Chrome/51.0.2704.103 Safari/537.36"
66.249.72.14 - - [14/May/2023:19:29:08 +0000] "GET /pisscounter.conf HTTP/1.1" 404 419 "-" "Mozilla/5.0 (Linux; Android 6.0.1; Nexus 5X Build/MMB29P) AppleWebKit/537.36 (KHTML, like Gecko) Chrome/112.0.5615.142 Mobile Safari/537.36 (compatible; Googlebot/2.1; +http://www.google.com/bot.html)"
81.166.58.249 - - [14/May/2023:19:41:07 +0000] "GET /pool.jpg HTTP/1.1" 404 363 "http://35.226.208.247/" "Mozilla/5.0 (Windows NT 10.0; Win64; x64) AppleWebKit/537.36 (KHTML, like Gecko) Chrome/112.0.0.0 Safari/537.36 OPR/98.0.0.0 (Edition std-1)"
81.166.58.249 - - [14/May/2023:19:41:07 +0000] "GET /logo.jpg HTTP/1.1" 404 363 "http://35.226.208.247/" "Mozilla/5.0 (Windows NT 10.0; Win64; x64) AppleWebKit/537.36 (KHTML, like Gecko) Chrome/112.0.0.0 Safari/537.36 OPR/98.0.0.0 (Edition std-1)"
81.166.58.249 - - [14/May/2023:19:41:07 +0000] "GET /output.css HTTP/1.1" 404 363 "http://35.226.208.247/" "Mozilla/5.0 (Windows NT 10.0; Win64; x64) AppleWebKit/537.36 (KHTML, like Gecko) Chrome/112.0.0.0 Safari/537.36 OPR/98.0.0.0 (Edition std-1)"
81.166.58.249 - - [14/May/2023:19:41:07 +0000] "GET /logo.jpg HTTP/1.1" 404 363 "http://35.226.208.247/" "Mozilla/5.0 (Windows NT 10.0; Win64; x64) AppleWebKit/537.36 (KHTML, like Gecko) Chrome/112.0.0.0 Safari/537.36 OPR/98.0.0.0 (Edition std-1)"
54.37.79.75 - - [14/May/2023:20:32:48 +0000] "POST / HTTP/1.1" 405 401 "-" "Mozilla/5.0 (X11; Linux x86_64) AppleWebKit/537.36 (KHTML, like Gecko) Chrome/81.0.4044.129 Safari/537.36"
54.37.79.75 - - [14/May/2023:20:32:48 +0000] "GET /.env HTTP/1.1" 404 419 "-" "Mozilla/5.0 (X11; Linux x86_64) AppleWebKit/537.36 (KHTML, like Gecko) Chrome/81.0.4044.129 Safari/537.36"
20.55.58.5 - - [14/May/2023:21:00:32 +0000] "GET /.env HTTP/1.1" 404 419 "-" "Mozilla/5.0 (X11; Linux x86_64) AppleWebKit/537.36 (KHTML, like Gecko) Chrome/81.0.4044.129 Safari/537.36"
20.55.58.5 - - [14/May/2023:21:00:32 +0000] "POST / HTTP/1.1" 405 401 "-" "Mozilla/5.0 (X11; Linux x86_64) AppleWebKit/537.36 (KHTML, like Gecko) Chrome/81.0.4044.129 Safari/537.36"
185.233.19.6 - - [14/May/2023:21:01:31 +0000] "GET / HTTP/1.1" 200 6584 "-" "-"
54.37.79.75 - - [14/May/2023:21:29:56 +0000] "POST / HTTP/1.1" 405 401 "-" "Mozilla/5.0 (X11; Linux x86_64) AppleWebKit/537.36 (KHTML, like Gecko) Chrome/81.0.4044.129 Safari/537.36"
54.37.79.75 - - [14/May/2023:21:29:56 +0000] "GET /.env HTTP/1.1" 404 419 "-" "Mozilla/5.0 (X11; Linux x86_64) AppleWebKit/537.36 (KHTML, like Gecko) Chrome/81.0.4044.129 Safari/537.36"
66.249.72.6 - - [14/May/2023:21:39:19 +0000] "GET /logon HTTP/1.1" 200 1690 "-" "Mozilla/5.0 (compatible; Googlebot/2.1; +http://www.google.com/bot.html)"
20.245.100.243 - - [14/May/2023:21:55:56 +0000] "GET /.env HTTP/1.1" 404 419 "-" "Mozilla/5.0 (X11; Linux x86_64) AppleWebKit/537.36 (KHTML, like Gecko) Chrome/81.0.4044.129 Safari/537.36"
20.245.100.243 - - [14/May/2023:21:55:57 +0000] "POST / HTTP/1.1" 405 401 "-" "Mozilla/5.0 (X11; Linux x86_64) AppleWebKit/537.36 (KHTML, like Gecko) Chrome/81.0.4044.129 Safari/537.36"
167.248.133.33 - - [14/May/2023:22:01:39 +0000] "GET / HTTP/1.1" 200 6584 "-" "-"
167.248.133.33 - - [14/May/2023:22:01:39 +0000] "GET / HTTP/1.1" 200 2094 "-" "Mozilla/5.0 (compatible; CensysInspect/1.1; +https://about.censys.io/)"
167.248.133.33 - - [14/May/2023:22:01:39 +0000] "GET /logo.jpg HTTP/1.1" 404 382 "-" "Mozilla/5.0 (compatible; CensysInspect/1.1; +https://about.censys.io/)"
167.248.133.33 - - [14/May/2023:22:01:39 +0000] "GET /favicon.ico HTTP/1.1" 404 382 "-" "Mozilla/5.0 (compatible; CensysInspect/1.1; +https://about.censys.io/)"
64.62.197.238 - - [14/May/2023:22:04:53 +0000] "GET / HTTP/1.1" 200 2094 "-" "Mozilla/5.0 (X11; Linux x86_64) AppleWebKit/537.36 (KHTML, like Gecko) Chrome/110.0.0.0 Safari/537.36"
64.62.197.238 - - [14/May/2023:22:06:34 +0000] "GET /favicon.ico HTTP/1.1" 404 363 "-" "Mozilla/5.0 (Macintosh; Intel Mac OS X 10.15; rv:109.0) Gecko/20100101 Firefox/110.0"
64.62.197.241 - - [14/May/2023:22:07:49 +0000] "GET /geoserver/web/ HTTP/1.1" 404 363 "-" "Mozilla/5.0 (X11; Linux x86_64) AppleWebKit/537.36 (KHTML, like Gecko) Chrome/110.0.0.0 Safari/537.36"
35.203.210.197 - - [14/May/2023:22:13:05 +0000] "GET / HTTP/1.1" 200 6584 "-" "Expanse, a Palo Alto Networks company, searches across the global IPv4 space multiple times per day to identify customers&#39; presences on the Internet. If you would like to be excluded from our scans, please send IP addresses/domains to: scaninfo@paloaltonetworks.com"
54.37.79.75 - - [14/May/2023:22:41:32 +0000] "POST / HTTP/1.1" 405 401 "-" "Mozilla/5.0 (X11; Linux x86_64) AppleWebKit/537.36 (KHTML, like Gecko) Chrome/81.0.4044.129 Safari/537.36"
54.37.79.75 - - [14/May/2023:22:41:32 +0000] "GET /.env HTTP/1.1" 404 419 "-" "Mozilla/5.0 (X11; Linux x86_64) AppleWebKit/537.36 (KHTML, like Gecko) Chrome/81.0.4044.129 Safari/537.36"
179.43.177.243 - - [14/May/2023:23:18:14 +0000] "GET / HTTP/1.1" 200 6584 "-" "Hello World"
66.249.72.10 - - [14/May/2023:23:18:21 +0000] "GET /package-lock.json HTTP/1.1" 404 419 "-" "Mozilla/5.0 (Linux; Android 6.0.1; Nexus 5X Build/MMB29P) AppleWebKit/537.36 (KHTML, like Gecko) Chrome/112.0.5615.142 Mobile Safari/537.36 (compatible; Googlebot/2.1; +http://www.google.com/bot.html)"
59.36.163.204 - - [14/May/2023:23:22:56 +0000] "GET / HTTP/1.1" 200 2113 "-" "Mozilla/5.0 (iPhone; CPU iPhone OS 13_2_3 like Mac OS X) AppleWebKit/605.1.15 (KHTML, like Gecko) Version/13.0.3 Mobile/15E148 Safari/604.1"
162.142.125.12 - - [14/May/2023:23:26:09 +0000] "GET / HTTP/1.1" 200 6584 "-" "-"
162.142.125.12 - - [14/May/2023:23:26:09 +0000] "GET / HTTP/1.1" 200 2094 "-" "Mozilla/5.0 (compatible; CensysInspect/1.1; +https://about.censys.io/)"
162.142.125.12 - - [14/May/2023:23:26:09 +0000] "GET /logo.jpg HTTP/1.1" 404 382 "-" "Mozilla/5.0 (compatible; CensysInspect/1.1; +https://about.censys.io/)"
162.142.125.12 - - [14/May/2023:23:26:09 +0000] "GET /favicon.ico HTTP/1.1" 404 382 "-" "Mozilla/5.0 (compatible; CensysInspect/1.1; +https://about.censys.io/)"
179.43.163.132 - - [14/May/2023:23:31:52 +0000] "GET / HTTP/1.1" 200 6584 "-" "-"
179.43.163.132 - - [14/May/2023:23:31:53 +0000] "POST /HNAP1/ HTTP/1.1" 404 419 "-" "Mozila/5.0"
179.43.177.243 - - [14/May/2023:23:52:03 +0000] "GET / HTTP/1.1" 200 6584 "-" "Hello World"
54.37.79.75 - - [14/May/2023:23:58:32 +0000] "POST / HTTP/1.1" 405 401 "-" "Mozilla/5.0 (X11; Linux x86_64) AppleWebKit/537.36 (KHTML, like Gecko) Chrome/81.0.4044.129 Safari/537.36"
54.37.79.75 - - [14/May/2023:23:58:32 +0000] "GET /.env HTTP/1.1" 404 419 "-" "Mozilla/5.0 (X11; Linux x86_64) AppleWebKit/537.36 (KHTML, like Gecko) Chrome/81.0.4044.129 Safari/537.36"
34.76.96.55 - - [15/May/2023:00:29:17 +0000] "GET / HTTP/1.1" 200 2150 "-" "python-requests/2.28.2"
54.37.79.75 - - [15/May/2023:00:30:42 +0000] "POST / HTTP/1.1" 405 401 "-" "Mozilla/5.0 (X11; Linux x86_64) AppleWebKit/537.36 (KHTML, like Gecko) Chrome/81.0.4044.129 Safari/537.36"
54.37.79.75 - - [15/May/2023:00:30:42 +0000] "GET /.env HTTP/1.1" 404 419 "-" "Mozilla/5.0 (X11; Linux x86_64) AppleWebKit/537.36 (KHTML, like Gecko) Chrome/81.0.4044.129 Safari/537.36"
36.85.33.57 - - [15/May/2023:00:54:14 +0000] "GET / HTTP/1.1" 200 6584 "-" "Mozilla/5.0 (Windows NT 6.1; WOW64) AppleWebKit/537.36 (KHTML, like Gecko) Chrome/51.0.2704.103 Safari/537.36"
207.246.90.86 - - [15/May/2023:01:01:23 +0000] "GET / HTTP/1.1" 200 6584 "-" "curl/7.29.0"
152.89.196.144 - - [15/May/2023:01:06:38 +0000] "POST /vendor/phpunit/phpunit/src/Util/PHP/eval-stdin.php HTTP/1.1" 404 382 "-" "Mozilla/5.0 (Windows NT 10.0; Win64; x64) AppleWebKit/537.36 (KHTML, like Gecko) Chrome/78.0.3904.108 Safari/537.36"
112.73.92.167 - - [15/May/2023:01:23:43 +0000] "GET / HTTP/1.1" 200 2094 "-" "Mozilla/5.0 (Macintosh; Intel Mac OS X 10_12_2) AppleWebKit/537.36 (KHTML, like Gecko) Chrome/55.0.2883.95 Safari/537.36"
152.89.196.144 - - [15/May/2023:01:38:50 +0000] "GET /vendor/phpunit/phpunit/src/Util/PHP/eval-stdin.php HTTP/1.1" 404 382 "-" "Mozilla/5.0 (Windows NT 10.0; Win64; x64) AppleWebKit/537.36 (KHTML, like Gecko) Chrome/78.0.3904.108 Safari/537.36"
54.37.79.75 - - [15/May/2023:01:49:53 +0000] "POST / HTTP/1.1" 405 401 "-" "Mozilla/5.0 (X11; Linux x86_64) AppleWebKit/537.36 (KHTML, like Gecko) Chrome/81.0.4044.129 Safari/537.36"
54.37.79.75 - - [15/May/2023:01:49:53 +0000] "GET /.env HTTP/1.1" 404 419 "-" "Mozilla/5.0 (X11; Linux x86_64) AppleWebKit/537.36 (KHTML, like Gecko) Chrome/81.0.4044.129 Safari/537.36"
152.89.196.144 - - [15/May/2023:02:01:36 +0000] "GET /solr/admin/info/system?wt=json HTTP/1.1" 404 382 "-" "Mozilla/5.0 (Windows NT 10.0; Win64; x64) AppleWebKit/537.36 (KHTML, like Gecko) Chrome/78.0.3904.108 Safari/537.36"
152.89.196.144 - - [15/May/2023:02:39:20 +0000] "GET /index.php?s=/Index/\\think\\app/invokefunction&function=call_user_func_array&vars[0]=md5&vars[1][]=HelloThinkPHP21 HTTP/1.1" 404 382 "-" "Mozilla/5.0 (Windows NT 10.0; Win64; x64) AppleWebKit/537.36 (KHTML, like Gecko) Chrome/78.0.3904.108 Safari/537.36"
152.89.196.144 - - [15/May/2023:02:45:33 +0000] "GET /?a=fetch&content=<php>die(@md5(HelloThinkCMF))</php> HTTP/1.1" 200 2113 "-" "Mozilla/5.0 (Windows NT 10.0; Win64; x64) AppleWebKit/537.36 (KHTML, like Gecko) Chrome/78.0.3904.108 Safari/537.36"
35.88.44.5 - - [15/May/2023:02:59:06 +0000] "GET / HTTP/1.1" 200 2113 "-" "Mozilla/5.0 (Macintosh; Intel Mac OS X 10_11_5) AppleWebKit/537.36 (KHTML, like Gecko) Chrome/50.0.2661.102 Safari/537.36"
71.6.232.27 - - [15/May/2023:03:02:20 +0000] "GET / HTTP/1.1" 200 2094 "-" "Mozilla/5.0 (Windows NT 10.0; Win64; x64) AppleWebKit/537.36 (KHTML, like Gecko) Chrome/74.0.3729.131 Safari/537.36"
54.37.79.75 - - [15/May/2023:03:13:54 +0000] "POST / HTTP/1.1" 405 401 "-" "Mozilla/5.0 (X11; Linux x86_64) AppleWebKit/537.36 (KHTML, like Gecko) Chrome/81.0.4044.129 Safari/537.36"
54.37.79.75 - - [15/May/2023:03:13:55 +0000] "GET /.env HTTP/1.1" 404 419 "-" "Mozilla/5.0 (X11; Linux x86_64) AppleWebKit/537.36 (KHTML, like Gecko) Chrome/81.0.4044.129 Safari/537.36"
152.89.196.144 - - [15/May/2023:03:14:06 +0000] "GET /?XDEBUG_SESSION_START=phpstorm HTTP/1.1" 200 2113 "-" "Mozilla/5.0 (Windows NT 10.0; Win64; x64) AppleWebKit/537.36 (KHTML, like Gecko) Chrome/78.0.3904.108 Safari/537.36"
179.43.177.243 - - [15/May/2023:03:30:52 +0000] "POST /boaform/admin/formLogin HTTP/1.1" 404 419 "http://35.226.208.247:80/admin/login.asp" "Mozilla/5.0 (X11; Ubuntu; Linux x86_64; rv:71.0) Gecko/20100101 Firefox/71.0"
20.55.58.5 - - [15/May/2023:03:46:33 +0000] "GET /.env HTTP/1.1" 404 419 "-" "Mozilla/5.0 (X11; Linux x86_64) AppleWebKit/537.36 (KHTML, like Gecko) Chrome/81.0.4044.129 Safari/537.36"
20.55.58.5 - - [15/May/2023:03:46:33 +0000] "POST / HTTP/1.1" 405 401 "-" "Mozilla/5.0 (X11; Linux x86_64) AppleWebKit/537.36 (KHTML, like Gecko) Chrome/81.0.4044.129 Safari/537.36"
152.89.196.144 - - [15/May/2023:03:49:34 +0000] "GET /console/ HTTP/1.1" 404 382 "-" "Mozilla/5.0 (Windows NT 10.0; Win64; x64) AppleWebKit/537.36 (KHTML, like Gecko) Chrome/78.0.3904.108 Safari/537.36"
205.210.31.131 - - [15/May/2023:04:05:40 +0000] "GET / HTTP/1.1" 200 6584 "-" "Expanse, a Palo Alto Networks company, searches across the global IPv4 space multiple times per day to identify customers&#39; presences on the Internet. If you would like to be excluded from our scans, please send IP addresses/domains to: scaninfo@paloaltonetworks.com"
152.89.196.144 - - [15/May/2023:04:24:47 +0000] "POST /Autodiscover/Autodiscover.xml HTTP/1.1" 404 382 "-" "Mozilla/5.0 (Windows NT 10.0; Win64; x64) AppleWebKit/537.36 (KHTML, like Gecko) Chrome/78.0.3904.108 Safari/537.36"
54.37.79.75 - - [15/May/2023:04:38:51 +0000] "POST / HTTP/1.1" 405 401 "-" "Mozilla/5.0 (X11; Linux x86_64) AppleWebKit/537.36 (KHTML, like Gecko) Chrome/81.0.4044.129 Safari/537.36"
54.37.79.75 - - [15/May/2023:04:38:51 +0000] "GET /.env HTTP/1.1" 404 419 "-" "Mozilla/5.0 (X11; Linux x86_64) AppleWebKit/537.36 (KHTML, like Gecko) Chrome/81.0.4044.129 Safari/537.36"
54.37.79.75 - - [15/May/2023:04:44:13 +0000] "POST / HTTP/1.1" 405 401 "-" "Mozilla/5.0 (X11; Linux x86_64) AppleWebKit/537.36 (KHTML, like Gecko) Chrome/81.0.4044.129 Safari/537.36"
54.37.79.75 - - [15/May/2023:04:44:14 +0000] "GET /.env HTTP/1.1" 404 419 "-" "Mozilla/5.0 (X11; Linux x86_64) AppleWebKit/537.36 (KHTML, like Gecko) Chrome/81.0.4044.129 Safari/537.36"
152.89.196.144 - - [15/May/2023:04:48:41 +0000] "GET /_ignition/execute-solution HTTP/1.1" 404 382 "-" "Mozilla/5.0 (Windows NT 10.0; Win64; x64) AppleWebKit/537.36 (KHTML, like Gecko) Chrome/78.0.3904.108 Safari/537.36"
45.95.169.240 - - [15/May/2023:05:17:11 +0000] "POST /boaform/admin/formLogin HTTP/1.1" 404 419 "http://35.226.208.247:80/admin/login.asp" "Mozilla/5.0 (X11; Ubuntu; Linux x86_64; rv:71.0) Gecko/20100101 Firefox/71.0"
152.89.196.144 - - [15/May/2023:05:18:29 +0000] "GET / HTTP/1.1" 200 2113 "-" "Mozilla/5.0 (Windows NT 10.0; Win64; x64) AppleWebKit/537.36 (KHTML, like Gecko) Chrome/78.0.3904.108 Safari/537.36"
37.114.40.163 - - [15/May/2023:05:27:16 +0000] "POST /boaform/admin/formLogin HTTP/1.1" 404 419 "http://35.226.208.247:80/admin/login.asp" "Mozilla/5.0 (X11; Ubuntu; Linux x86_64; rv:71.0) Gecko/20100101 Firefox/71.0"
152.89.196.144 - - [15/May/2023:05:28:37 +0000] "POST /cgi-bin/.%2e/.%2e/.%2e/.%2e/bin/sh HTTP/1.1" 400 488 "-" "Mozilla/5.0 (Windows NT 10.0; Win64; x64) AppleWebKit/537.36 (KHTML, like Gecko) Chrome/78.0.3904.108 Safari/537.36"
152.89.196.144 - - [15/May/2023:05:55:13 +0000] "GET / HTTP/1.1" 200 2113 "-" "Mozilla/5.0 (Windows NT 10.0; Win64; x64) AppleWebKit/537.36 (KHTML, like Gecko) Chrome/78.0.3904.108 Safari/537.36"
45.128.232.121 - - [15/May/2023:06:29:17 +0000] "POST /boaform/admin/formLogin HTTP/1.1" 404 419 "http://35.226.208.247:80/admin/login.asp" "Mozilla/5.0 (X11; Ubuntu; Linux x86_64; rv:71.0) Gecko/20100101 Firefox/71.0"
152.89.196.144 - - [15/May/2023:06:35:16 +0000] "GET /actuator/gateway/routes HTTP/1.1" 404 382 "-" "Mozilla/5.0 (Windows NT 10.0; Win64; x64) AppleWebKit/537.36 (KHTML, like Gecko) Chrome/78.0.3904.108 Safari/537.36"
64.62.197.227 - - [15/May/2023:06:35:37 +0000] "GET / HTTP/1.1" 200 2094 "-" "Mozilla/5.0 (Windows NT 10.0; Win64; x64) AppleWebKit/537.36 (KHTML, like Gecko) Chrome/110.0.0.0 Safari/537.36 Edg/110.0.1587.41"
64.62.197.238 - - [15/May/2023:06:36:56 +0000] "GET /favicon.ico HTTP/1.1" 404 363 "-" "Mozilla/5.0 (Macintosh; Intel Mac OS X 10_15_7) AppleWebKit/605.1.15 (KHTML, like Gecko) Version/15.6.1 Safari/605.1.15"
64.62.197.232 - - [15/May/2023:06:37:42 +0000] "GET /geoserver/web/ HTTP/1.1" 404 363 "-" "Mozilla/5.0 (Windows NT 10.0; Win64; x64) AppleWebKit/537.36 (KHTML, like Gecko) Chrome/110.0.0.0 Safari/537.36 Edg/110.0.1587.41"
193.215.182.66 - - [15/May/2023:06:38:31 +0000] "GET / HTTP/1.1" 200 2150 "http://pisscounter.com/" "Mozilla/5.0 (Windows NT 10.0; Win64; x64) AppleWebKit/537.36 (KHTML, like Gecko) Chrome/113.0.0.0 Safari/537.36"
193.215.182.66 - - [15/May/2023:06:38:32 +0000] "GET /static/logo.jpg HTTP/1.1" 304 249 "http://35.226.208.247/" "Mozilla/5.0 (Windows NT 10.0; Win64; x64) AppleWebKit/537.36 (KHTML, like Gecko) Chrome/113.0.0.0 Safari/537.36"
193.215.182.66 - - [15/May/2023:06:38:32 +0000] "GET /static/pool.jpg HTTP/1.1" 304 250 "http://35.226.208.247/" "Mozilla/5.0 (Windows NT 10.0; Win64; x64) AppleWebKit/537.36 (KHTML, like Gecko) Chrome/113.0.0.0 Safari/537.36"
193.215.182.66 - - [15/May/2023:06:38:32 +0000] "GET /static/output.css HTTP/1.1" 200 217807 "http://35.226.208.247/" "Mozilla/5.0 (Windows NT 10.0; Win64; x64) AppleWebKit/537.36 (KHTML, like Gecko) Chrome/113.0.0.0 Safari/537.36"
193.215.182.66 - - [15/May/2023:06:38:32 +0000] "GET /logo.jpg HTTP/1.1" 404 418 "http://35.226.208.247/" "Mozilla/5.0 (Windows NT 10.0; Win64; x64) AppleWebKit/537.36 (KHTML, like Gecko) Chrome/113.0.0.0 Safari/537.36"
193.215.182.66 - - [15/May/2023:06:38:34 +0000] "GET /logon HTTP/1.1" 200 1689 "http://35.226.208.247/" "Mozilla/5.0 (Windows NT 10.0; Win64; x64) AppleWebKit/537.36 (KHTML, like Gecko) Chrome/113.0.0.0 Safari/537.36"
193.215.182.66 - - [15/May/2023:06:38:35 +0000] "GET /about HTTP/1.1" 200 2234 "http://35.226.208.247/logon" "Mozilla/5.0 (Windows NT 10.0; Win64; x64) AppleWebKit/537.36 (KHTML, like Gecko) Chrome/113.0.0.0 Safari/537.36"
193.215.182.66 - - [15/May/2023:06:38:35 +0000] "GET /logo.jpg HTTP/1.1" 404 418 "http://35.226.208.247/about" "Mozilla/5.0 (Windows NT 10.0; Win64; x64) AppleWebKit/537.36 (KHTML, like Gecko) Chrome/113.0.0.0 Safari/537.36"
54.37.79.75 - - [15/May/2023:06:44:49 +0000] "POST / HTTP/1.1" 405 401 "-" "Mozilla/5.0 (X11; Linux x86_64) AppleWebKit/537.36 (KHTML, like Gecko) Chrome/81.0.4044.129 Safari/537.36"
54.37.79.75 - - [15/May/2023:06:44:49 +0000] "GET /.env HTTP/1.1" 404 419 "-" "Mozilla/5.0 (X11; Linux x86_64) AppleWebKit/537.36 (KHTML, like Gecko) Chrome/81.0.4044.129 Safari/537.36"
152.89.196.144 - - [15/May/2023:06:57:28 +0000] "GET /geoserver HTTP/1.1" 404 382 "-" "Mozilla/5.0 (Windows NT 10.0; Win64; x64) AppleWebKit/537.36 (KHTML, like Gecko) Chrome/78.0.3904.108 Safari/537.36"
183.136.225.42 - - [15/May/2023:07:46:01 +0000] "GET / HTTP/1.1" 200 6640 "-" "Mozilla/5.0 (Macintosh; Intel Mac OS X 10.11; rv:47.0) Gecko/20100101 Firefox/47.0"
183.136.225.42 - - [15/May/2023:07:46:02 +0000] "GET /logo.jpg HTTP/1.1" 404 382 "-" "Mozilla/5.0 (Windows NT 6.1; WOW64) AppleWebKit/537.36 (KHTML, like Gecko) Chrome/63.0.3239.132 Safari/537.36 QIHU 360SE"
183.136.225.42 - - [15/May/2023:07:46:02 +0000] "GET / HTTP/1.1" 200 2113 "-" "Mozilla/5.0 (Windows NT 6.1; WOW64) AppleWebKit/537.36 (KHTML, like Gecko) Chrome/63.0.3239.132 Safari/537.36 QIHU 360SE"
183.136.225.42 - - [15/May/2023:07:46:03 +0000] "GET /logo.jpg HTTP/1.1" 404 382 "-" "Mozilla/5.0 (Windows NT 6.1; WOW64) AppleWebKit/537.36 (KHTML, like Gecko) Chrome/63.0.3239.132 Safari/537.36 QIHU 360SE"
183.136.225.42 - - [15/May/2023:07:46:03 +0000] "GET /favicon.ico HTTP/1.1" 404 382 "-" "Mozilla/5.0 (Windows NT 6.1; WOW64) AppleWebKit/537.36 (KHTML, like Gecko) Chrome/63.0.3239.132 Safari/537.36 QIHU 360SE"
104.248.229.49 - - [15/May/2023:07:58:36 +0000] "GET /aaa9 HTTP/1.1" 404 363 "-" "Mozilla/5.0 zgrab/0.x"
104.248.229.49 - - [15/May/2023:07:58:45 +0000] "GET /aab8 HTTP/1.1" 404 363 "-" "Mozilla/5.0 zgrab/0.x"
104.248.229.49 - - [15/May/2023:07:59:02 +0000] "GET / HTTP/1.1" 200 2094 "-" "Mozilla/5.0 zgrab/0.x"
23.98.133.164 - - [15/May/2023:08:06:40 +0000] "GET /.env HTTP/1.1" 404 419 "-" "Mozilla/5.0 (X11; Linux x86_64) AppleWebKit/537.36 (KHTML, like Gecko) Chrome/81.0.4044.129 Safari/537.36"
23.98.133.164 - - [15/May/2023:08:06:40 +0000] "POST / HTTP/1.1" 405 401 "-" "Mozilla/5.0 (X11; Linux x86_64) AppleWebKit/537.36 (KHTML, like Gecko) Chrome/81.0.4044.129 Safari/537.36"
35.230.181.163 - - [15/May/2023:08:26:16 +0000] "OPTIONS / HTTP/1.0" 200 216 "-" "-"
51.79.29.48 - - [15/May/2023:08:46:25 +0000] "POST / HTTP/1.1" 405 401 "-" "Mozilla/5.0 (X11; Linux x86_64) AppleWebKit/537.36 (KHTML, like Gecko) Chrome/81.0.4044.129 Safari/537.36"
51.79.29.48 - - [15/May/2023:08:46:25 +0000] "GET /.env HTTP/1.1" 404 419 "-" "Mozilla/5.0 (X11; Linux x86_64) AppleWebKit/537.36 (KHTML, like Gecko) Chrome/81.0.4044.129 Safari/537.36"
81.166.58.249 - - [15/May/2023:09:11:12 +0000] "GET /output.css HTTP/1.1" 404 419 "http://35.226.208.247/" "Mozilla/5.0 (Windows NT 10.0; Win64; x64) AppleWebKit/537.36 (KHTML, like Gecko) Chrome/112.0.0.0 Safari/537.36 OPR/98.0.0.0 (Edition std-1)"
81.166.58.249 - - [15/May/2023:09:11:12 +0000] "GET /pool.jpg HTTP/1.1" 404 419 "http://35.226.208.247/" "Mozilla/5.0 (Windows NT 10.0; Win64; x64) AppleWebKit/537.36 (KHTML, like Gecko) Chrome/112.0.0.0 Safari/537.36 OPR/98.0.0.0 (Edition std-1)"
81.166.58.249 - - [15/May/2023:09:11:12 +0000] "GET /logo.jpg HTTP/1.1" 404 418 "http://35.226.208.247/" "Mozilla/5.0 (Windows NT 10.0; Win64; x64) AppleWebKit/537.36 (KHTML, like Gecko) Chrome/112.0.0.0 Safari/537.36 OPR/98.0.0.0 (Edition std-1)"
81.166.58.249 - - [15/May/2023:09:11:12 +0000] "GET /logo.jpg HTTP/1.1" 404 418 "http://35.226.208.247/" "Mozilla/5.0 (Windows NT 10.0; Win64; x64) AppleWebKit/537.36 (KHTML, like Gecko) Chrome/112.0.0.0 Safari/537.36 OPR/98.0.0.0 (Edition std-1)"
183.136.225.32 - - [15/May/2023:09:27:00 +0000] "GET / HTTP/1.1" 200 6640 "-" "Mozilla/5.0 (Macintosh; Intel Mac OS X 10.11; rv:47.0) Gecko/20100101 Firefox/47.0"
66.249.69.203 - - [15/May/2023:09:38:19 +0000] "GET /robots.txt HTTP/1.1" 404 419 "-" "Mozilla/5.0 (compatible; Googlebot/2.1; +http://www.google.com/bot.html)"
66.249.69.203 - - [15/May/2023:09:38:19 +0000] "GET /logon HTTP/1.1" 200 1689 "-" "Mozilla/5.0 (Linux; Android 6.0.1; Nexus 5X Build/MMB29P) AppleWebKit/537.36 (KHTML, like Gecko) Chrome/112.0.5615.142 Mobile Safari/537.36 (compatible; Googlebot/2.1; +http://www.google.com/bot.html)"
183.136.225.32 - - [15/May/2023:09:38:52 +0000] "GET /logo.jpg HTTP/1.1" 404 382 "-" "Mozilla/5.0 (Windows NT 6.1; WOW64) AppleWebKit/537.36 (KHTML, like Gecko) Chrome/63.0.3239.132 Safari/537.36 QIHU 360SE"
188.161.207.41 - - [15/May/2023:10:13:35 +0000] "GET /agent/timeclock.php HTTP/1.1" 404 419 "-" "Mozilla/5.0 (Windows NT 10.0; Win64; x64) AppleWebKit/537.36 (KHTML, like Gecko) Chrome/96.0.4664.45 Safari/537.36"
188.161.207.41 - - [15/May/2023:10:13:37 +0000] "GET /agc/timeclock.php HTTP/1.1" 404 419 "-" "Mozilla/5.0 (Windows NT 10.0; Win64; x64) AppleWebKit/537.36 (KHTML, like Gecko) Chrome/96.0.4664.45 Safari/537.36"
51.79.29.48 - - [15/May/2023:10:17:44 +0000] "POST / HTTP/1.1" 405 401 "-" "Mozilla/5.0 (X11; Linux x86_64) AppleWebKit/537.36 (KHTML, like Gecko) Chrome/81.0.4044.129 Safari/537.36"
51.79.29.48 - - [15/May/2023:10:17:44 +0000] "GET /.env HTTP/1.1" 404 419 "-" "Mozilla/5.0 (X11; Linux x86_64) AppleWebKit/537.36 (KHTML, like Gecko) Chrome/81.0.4044.129 Safari/537.36"
66.249.69.205 - - [15/May/2023:11:21:41 +0000] "GET /__pycache__/ HTTP/1.1" 404 419 "-" "Mozilla/5.0 (Linux; Android 6.0.1; Nexus 5X Build/MMB29P) AppleWebKit/537.36 (KHTML, like Gecko) Chrome/112.0.5615.142 Mobile Safari/537.36 (compatible; Googlebot/2.1; +http://www.google.com/bot.html)"
23.251.102.74 - - [15/May/2023:11:38:26 +0000] "GET / HTTP/1.1" 200 2094 "-" "Mozilla/5.0 (Windows NT 10.0; Win64; x64) AppleWebKit/537.36 (KHTML, like Gecko) Chrome/60.0.3112.113 Safari/537.36"
66.249.69.203 - - [15/May/2023:11:44:30 +0000] "GET / HTTP/1.1" 200 2150 "-" "Mozilla/5.0 (compatible; Googlebot/2.1; +http://www.google.com/bot.html)"
150.129.136.36 - - [15/May/2023:11:50:51 +0000] "GET / HTTP/1.1" 200 6584 "-" "-"
188.124.56.207 - - [15/May/2023:11:56:57 +0000] "GET / HTTP/1.1" 200 6640 "-" "Java/1.8.0_212"
188.124.56.207 - - [15/May/2023:11:56:57 +0000] "GET /api.json HTTP/1.1" 404 418 "-" "Java/1.8.0_212"
51.79.29.48 - - [15/May/2023:12:11:11 +0000] "POST / HTTP/1.1" 405 401 "-" "Mozilla/5.0 (X11; Linux x86_64) AppleWebKit/537.36 (KHTML, like Gecko) Chrome/81.0.4044.129 Safari/537.36"
51.79.29.48 - - [15/May/2023:12:11:11 +0000] "GET /.env HTTP/1.1" 404 419 "-" "Mozilla/5.0 (X11; Linux x86_64) AppleWebKit/537.36 (KHTML, like Gecko) Chrome/81.0.4044.129 Safari/537.36"
81.166.58.249 - - [15/May/2023:12:14:41 +0000] "GET /pool.jpg HTTP/1.1" 404 419 "http://35.226.208.247/" "Mozilla/5.0 (Windows NT 10.0; Win64; x64) AppleWebKit/537.36 (KHTML, like Gecko) Chrome/112.0.0.0 Safari/537.36 OPR/98.0.0.0 (Edition std-1)"
81.166.58.249 - - [15/May/2023:12:14:41 +0000] "GET /output.css HTTP/1.1" 404 419 "http://35.226.208.247/" "Mozilla/5.0 (Windows NT 10.0; Win64; x64) AppleWebKit/537.36 (KHTML, like Gecko) Chrome/112.0.0.0 Safari/537.36 OPR/98.0.0.0 (Edition std-1)"
81.166.58.249 - - [15/May/2023:12:14:41 +0000] "GET /logo.jpg HTTP/1.1" 404 419 "http://35.226.208.247/" "Mozilla/5.0 (Windows NT 10.0; Win64; x64) AppleWebKit/537.36 (KHTML, like Gecko) Chrome/112.0.0.0 Safari/537.36 OPR/98.0.0.0 (Edition std-1)"
81.166.58.249 - - [15/May/2023:12:14:41 +0000] "GET /logo.jpg HTTP/1.1" 404 418 "http://35.226.208.247/" "Mozilla/5.0 (Windows NT 10.0; Win64; x64) AppleWebKit/537.36 (KHTML, like Gecko) Chrome/112.0.0.0 Safari/537.36 OPR/98.0.0.0 (Edition std-1)"
4.154.83.105 - - [15/May/2023:12:18:33 +0000] "GET /.env HTTP/1.1" 404 419 "-" "Mozilla/5.0 (X11; Linux x86_64) AppleWebKit/537.36 (KHTML, like Gecko) Chrome/81.0.4044.129 Safari/537.36"
4.154.83.105 - - [15/May/2023:12:18:33 +0000] "POST / HTTP/1.1" 405 401 "-" "Mozilla/5.0 (X11; Linux x86_64) AppleWebKit/537.36 (KHTML, like Gecko) Chrome/81.0.4044.129 Safari/537.36"
81.166.58.249 - - [15/May/2023:12:47:01 +0000] "GET /output.css HTTP/1.1" 404 363 "http://35.226.208.247/" "Mozilla/5.0 (Windows NT 10.0; Win64; x64) AppleWebKit/537.36 (KHTML, like Gecko) Chrome/112.0.0.0 Safari/537.36 OPR/98.0.0.0 (Edition std-1)"
81.166.58.249 - - [15/May/2023:12:47:01 +0000] "GET /logo.jpg HTTP/1.1" 404 363 "http://35.226.208.247/" "Mozilla/5.0 (Windows NT 10.0; Win64; x64) AppleWebKit/537.36 (KHTML, like Gecko) Chrome/112.0.0.0 Safari/537.36 OPR/98.0.0.0 (Edition std-1)"
81.166.58.249 - - [15/May/2023:12:47:01 +0000] "GET /pool.jpg HTTP/1.1" 404 363 "http://35.226.208.247/" "Mozilla/5.0 (Windows NT 10.0; Win64; x64) AppleWebKit/537.36 (KHTML, like Gecko) Chrome/112.0.0.0 Safari/537.36 OPR/98.0.0.0 (Edition std-1)"
81.166.58.249 - - [15/May/2023:12:47:02 +0000] "GET /logo.jpg HTTP/1.1" 404 363 "http://35.226.208.247/" "Mozilla/5.0 (Windows NT 10.0; Win64; x64) AppleWebKit/537.36 (KHTML, like Gecko) Chrome/112.0.0.0 Safari/537.36 OPR/98.0.0.0 (Edition std-1)"
51.79.29.48 - - [15/May/2023:12:52:24 +0000] "POST / HTTP/1.1" 405 401 "-" "Mozilla/5.0 (X11; Linux x86_64) AppleWebKit/537.36 (KHTML, like Gecko) Chrome/81.0.4044.129 Safari/537.36"
51.79.29.48 - - [15/May/2023:12:52:25 +0000] "GET /.env HTTP/1.1" 404 419 "-" "Mozilla/5.0 (X11; Linux x86_64) AppleWebKit/537.36 (KHTML, like Gecko) Chrome/81.0.4044.129 Safari/537.36"
103.89.88.147 - - [15/May/2023:13:32:48 +0000] "GET /.env HTTP/1.1" 404 419 "-" "Mozilla/5.0 (X11; Linux x86_64) AppleWebKit/537.36 (KHTML, like Gecko) Chrome/81.0.4044.129 Safari/537.36"
103.89.88.147 - - [15/May/2023:13:32:49 +0000] "POST / HTTP/1.1" 405 401 "-" "Mozilla/5.0 (X11; Linux x86_64) AppleWebKit/537.36 (KHTML, like Gecko) Chrome/81.0.4044.129 Safari/537.36"
66.249.69.9 - - [15/May/2023:14:18:26 +0000] "GET / HTTP/1.1" 200 2150 "-" "Mozilla/5.0 (Linux; Android 6.0.1; Nexus 5X Build/MMB29P) AppleWebKit/537.36 (KHTML, like Gecko) Chrome/112.0.5615.142 Mobile Safari/537.36 (compatible; Googlebot/2.1; +http://www.google.com/bot.html)"
192.155.90.220 - - [15/May/2023:14:59:12 +0000] "GET / HTTP/1.1" 200 2094 "-" "Mozilla/5.0 (Macintosh; Intel Mac OS X 13_1) AppleWebKit/537.36 (KHTML, like Gecko) Chrome/108.0.0.0 Safari/537.36"
51.79.29.48 - - [15/May/2023:15:32:39 +0000] "POST / HTTP/1.1" 405 401 "-" "Mozilla/5.0 (X11; Linux x86_64) AppleWebKit/537.36 (KHTML, like Gecko) Chrome/81.0.4044.129 Safari/537.36"
51.79.29.48 - - [15/May/2023:15:32:39 +0000] "GET /.env HTTP/1.1" 404 419 "-" "Mozilla/5.0 (X11; Linux x86_64) AppleWebKit/537.36 (KHTML, like Gecko) Chrome/81.0.4044.129 Safari/537.36"
192.241.237.15 - - [15/May/2023:15:34:06 +0000] "GET / HTTP/1.1" 200 2094 "-" "Mozilla/5.0 zgrab/0.x"
179.43.177.243 - - [15/May/2023:15:55:57 +0000] "GET / HTTP/1.1" 200 6584 "-" "Hello World"
45.128.232.121 - - [15/May/2023:16:15:56 +0000] "POST /boaform/admin/formLogin HTTP/1.1" 404 419 "http://35.226.208.247:80/admin/login.asp" "Mozilla/5.0 (X11; Ubuntu; Linux x86_64; rv:71.0) Gecko/20100101 Firefox/71.0"
51.79.29.48 - - [15/May/2023:17:42:45 +0000] "POST / HTTP/1.1" 405 401 "-" "Mozilla/5.0 (X11; Linux x86_64) AppleWebKit/537.36 (KHTML, like Gecko) Chrome/81.0.4044.129 Safari/537.36"
51.79.29.48 - - [15/May/2023:17:42:45 +0000] "GET /.env HTTP/1.1" 404 419 "-" "Mozilla/5.0 (X11; Linux x86_64) AppleWebKit/537.36 (KHTML, like Gecko) Chrome/81.0.4044.129 Safari/537.36"
46.15.145.44 - - [15/May/2023:17:49:35 +0000] "GET / HTTP/1.1" 200 2150 "http://pisscounter.com/" "Mozilla/5.0 (iPhone; CPU iPhone OS 16_4_1 like Mac OS X) AppleWebKit/605.1.15 (KHTML, like Gecko) Version/16.4 Mobile/15E148 Safari/604.1"
141.98.6.151 - - [15/May/2023:18:13:54 +0000] "POST /boaform/admin/formLogin HTTP/1.1" 404 419 "http://35.226.208.247:80/admin/login.asp" "Mozilla/5.0 (X11; Ubuntu; Linux x86_64; rv:71.0) Gecko/20100101 Firefox/71.0"
109.237.98.226 - - [15/May/2023:18:15:27 +0000] "GET /.env HTTP/1.1" 404 419 "-" "Mozilla/5.0 (X11; Linux x86_64) AppleWebKit/537.36 (KHTML, like Gecko) Chrome/81.0.4044.129 Safari/537.36"
113.125.140.19 - - [15/May/2023:18:23:25 +0000] "GET / HTTP/1.1" 200 2113 "-" "Mozilla/5.0 (iPhone; CPU iPhone OS 13_2_3 like Mac OS X) AppleWebKit/605.1.15 (KHTML, like Gecko) Version/13.0.3 Mobile/15E148 Safari/604.1"
51.79.29.48 - - [15/May/2023:18:25:26 +0000] "POST / HTTP/1.1" 405 401 "-" "Mozilla/5.0 (X11; Linux x86_64) AppleWebKit/537.36 (KHTML, like Gecko) Chrome/81.0.4044.129 Safari/537.36"
51.79.29.48 - - [15/May/2023:18:25:27 +0000] "GET /.env HTTP/1.1" 404 419 "-" "Mozilla/5.0 (X11; Linux x86_64) AppleWebKit/537.36 (KHTML, like Gecko) Chrome/81.0.4044.129 Safari/537.36"
67.220.86.11 - - [15/May/2023:19:01:44 +0000] "GET / HTTP/1.1" 200 2113 "-" "Mozilla/5.0 (Linux; Android 12; ASUS_I005DA) AppleWebKit/537.36 (KHTML, like Gecko) Chrome/100.0.4896.127 Mobile Safari/537.36 EdgA/100.0.1185.50"
81.166.58.249 - - [15/May/2023:19:04:13 +0000] "GET /logo.jpg HTTP/1.1" 404 419 "http://35.226.208.247/" "Mozilla/5.0 (Windows NT 10.0; Win64; x64) AppleWebKit/537.36 (KHTML, like Gecko) Chrome/112.0.0.0 Safari/537.36 OPR/98.0.0.0 (Edition std-1)"
81.166.58.249 - - [15/May/2023:19:04:13 +0000] "GET /output.css HTTP/1.1" 404 419 "http://35.226.208.247/" "Mozilla/5.0 (Windows NT 10.0; Win64; x64) AppleWebKit/537.36 (KHTML, like Gecko) Chrome/112.0.0.0 Safari/537.36 OPR/98.0.0.0 (Edition std-1)"
81.166.58.249 - - [15/May/2023:19:04:13 +0000] "GET /pool.jpg HTTP/1.1" 404 418 "http://35.226.208.247/" "Mozilla/5.0 (Windows NT 10.0; Win64; x64) AppleWebKit/537.36 (KHTML, like Gecko) Chrome/112.0.0.0 Safari/537.36 OPR/98.0.0.0 (Edition std-1)"
81.166.58.249 - - [15/May/2023:19:04:13 +0000] "GET /logo.jpg HTTP/1.1" 404 418 "http://35.226.208.247/" "Mozilla/5.0 (Windows NT 10.0; Win64; x64) AppleWebKit/537.36 (KHTML, like Gecko) Chrome/112.0.0.0 Safari/537.36 OPR/98.0.0.0 (Edition std-1)"
66.249.72.6 - - [15/May/2023:19:19:27 +0000] "GET /db.py HTTP/1.1" 404 419 "-" "Mozilla/5.0 (Linux; Android 6.0.1; Nexus 5X Build/MMB29P) AppleWebKit/537.36 (KHTML, like Gecko) Chrome/112.0.5615.142 Mobile Safari/537.36 (compatible; Googlebot/2.1; +http://www.google.com/bot.html)"
66.240.236.116 - - [15/May/2023:19:43:04 +0000] "GET / HTTP/1.1" 200 2094 "-" "Mozilla/5.0 zgrab/0.x"
177.70.220.108 - - [15/May/2023:19:48:04 +0000] "GET / HTTP/1.1" 200 6584 "-" "Mozilla/5.0 (Windows NT 10.0; WOW64) AppleWebKit/537.36 (KHTML, like Gecko) Chrome/52.0.2743.116 Safari/537.36"
45.128.232.121 - - [15/May/2023:19:49:35 +0000] "POST /boaform/admin/formLogin HTTP/1.1" 404 419 "http://35.226.208.247:80/admin/login.asp" "Mozilla/5.0 (X11; Ubuntu; Linux x86_64; rv:71.0) Gecko/20100101 Firefox/71.0"
66.249.72.10 - - [15/May/2023:20:06:35 +0000] "GET /about.html HTTP/1.1" 404 419 "-" "Mozilla/5.0 (Linux; Android 6.0.1; Nexus 5X Build/MMB29P) AppleWebKit/537.36 (KHTML, like Gecko) Chrome/112.0.5615.142 Mobile Safari/537.36 (compatible; Googlebot/2.1; +http://www.google.com/bot.html)"
67.220.86.123 - - [15/May/2023:20:51:11 +0000] "GET / HTTP/1.1" 200 2113 "-" "Mozilla/5.0 (Android; Linux armv7l; rv:2.0.1) Gecko/20100101 Firefox/4.0.1 Fennec/2.0.1"
51.79.29.48 - - [15/May/2023:21:19:43 +0000] "POST / HTTP/1.1" 405 401 "-" "Mozilla/5.0 (X11; Linux x86_64) AppleWebKit/537.36 (KHTML, like Gecko) Chrome/81.0.4044.129 Safari/537.36"
51.79.29.48 - - [15/May/2023:21:19:43 +0000] "GET /.env HTTP/1.1" 404 419 "-" "Mozilla/5.0 (X11; Linux x86_64) AppleWebKit/537.36 (KHTML, like Gecko) Chrome/81.0.4044.129 Safari/537.36"
67.220.86.123 - - [15/May/2023:21:38:55 +0000] "GET / HTTP/1.1" 200 2113 "-" "Mozilla/5.0 (Macintosh; Intel Mac OS X 10_15_7) AppleWebKit/537.36 (KHTML, like Gecko) Chrome/100.0.4896.60 Safari/537.36 Edg/100.0.1185.29"
198.235.24.24 - - [15/May/2023:22:07:04 +0000] "GET / HTTP/1.1" 200 6584 "-" "Expanse, a Palo Alto Networks company, searches across the global IPv4 space multiple times per day to identify customers&#39; presences on the Internet. If you would like to be excluded from our scans, please send IP addresses/domains to: scaninfo@paloaltonetworks.com"
51.79.29.48 - - [15/May/2023:22:14:35 +0000] "POST / HTTP/1.1" 405 401 "-" "Mozilla/5.0 (X11; Linux x86_64) AppleWebKit/537.36 (KHTML, like Gecko) Chrome/81.0.4044.129 Safari/537.36"
51.79.29.48 - - [15/May/2023:22:14:35 +0000] "GET /.env HTTP/1.1" 404 419 "-" "Mozilla/5.0 (X11; Linux x86_64) AppleWebKit/537.36 (KHTML, like Gecko) Chrome/81.0.4044.129 Safari/537.36"
20.55.58.5 - - [15/May/2023:22:35:25 +0000] "GET /.env HTTP/1.1" 404 419 "-" "Mozilla/5.0 (X11; Linux x86_64) AppleWebKit/537.36 (KHTML, like Gecko) Chrome/81.0.4044.129 Safari/537.36"
20.55.58.5 - - [15/May/2023:22:35:25 +0000] "POST / HTTP/1.1" 405 401 "-" "Mozilla/5.0 (X11; Linux x86_64) AppleWebKit/537.36 (KHTML, like Gecko) Chrome/81.0.4044.129 Safari/537.36"
4.154.83.105 - - [15/May/2023:23:08:19 +0000] "GET /.env HTTP/1.1" 404 419 "-" "Mozilla/5.0 (X11; Linux x86_64) AppleWebKit/537.36 (KHTML, like Gecko) Chrome/81.0.4044.129 Safari/537.36"
4.154.83.105 - - [15/May/2023:23:08:19 +0000] "POST / HTTP/1.1" 405 401 "-" "Mozilla/5.0 (X11; Linux x86_64) AppleWebKit/537.36 (KHTML, like Gecko) Chrome/81.0.4044.129 Safari/537.36"
117.33.227.207 - - [15/May/2023:23:21:32 +0000] "GET / HTTP/1.1" 200 2113 "-" "Mozilla/5.0 (iPhone; CPU iPhone OS 13_2_3 like Mac OS X) AppleWebKit/605.1.15 (KHTML, like Gecko) Version/13.0.3 Mobile/15E148 Safari/604.1"
66.249.72.6 - - [15/May/2023:23:42:29 +0000] "GET /robots.txt HTTP/1.1" 404 419 "-" "Mozilla/5.0 (compatible; Googlebot/2.1; +http://www.google.com/bot.html)"
66.249.72.10 - - [15/May/2023:23:42:29 +0000] "GET /logon HTTP/1.1" 200 1690 "-" "Mozilla/5.0 (compatible; Googlebot/2.1; +http://www.google.com/bot.html)"
51.79.29.48 - - [15/May/2023:23:58:56 +0000] "POST / HTTP/1.1" 405 401 "-" "Mozilla/5.0 (X11; Linux x86_64) AppleWebKit/537.36 (KHTML, like Gecko) Chrome/81.0.4044.129 Safari/537.36"
51.79.29.48 - - [15/May/2023:23:58:56 +0000] "GET /.env HTTP/1.1" 404 419 "-" "Mozilla/5.0 (X11; Linux x86_64) AppleWebKit/537.36 (KHTML, like Gecko) Chrome/81.0.4044.129 Safari/537.36"
197.248.21.75 - - [16/May/2023:00:04:54 +0000] "GET / HTTP/1.1" 200 6584 "-" "Mozilla/5.0 (Windows NT 10.0; WOW64) AppleWebKit/537.36 (KHTML, like Gecko) Chrome/51.0.2704.103 Safari/537.36"
66.249.72.6 - - [16/May/2023:00:07:58 +0000] "GET /static/space.jpg HTTP/1.1" 200 1113305 "-" "Googlebot-Image/1.0"
35.187.98.121 - - [16/May/2023:00:13:33 +0000] "GET / HTTP/1.1" 200 2150 "-" "python-requests/2.28.2"
162.216.150.103 - - [16/May/2023:00:15:47 +0000] "GET / HTTP/1.1" 200 6584 "-" "Expanse, a Palo Alto Networks company, searches across the global IPv4 space multiple times per day to identify customers&#39; presences on the Internet. If you would like to be excluded from our scans, please send IP addresses/domains to: scaninfo@paloaltonetworks.com"
23.98.133.164 - - [16/May/2023:00:51:15 +0000] "GET /.env HTTP/1.1" 404 419 "-" "Mozilla/5.0 (X11; Linux x86_64) AppleWebKit/537.36 (KHTML, like Gecko) Chrome/81.0.4044.129 Safari/537.36"
23.98.133.164 - - [16/May/2023:00:51:15 +0000] "POST / HTTP/1.1" 405 401 "-" "Mozilla/5.0 (X11; Linux x86_64) AppleWebKit/537.36 (KHTML, like Gecko) Chrome/81.0.4044.129 Safari/537.36"
124.156.219.253 - - [16/May/2023:01:33:08 +0000] "GET / HTTP/1.1" 200 2094 "-" "'Mozilla/5.0"
20.55.58.5 - - [16/May/2023:01:56:23 +0000] "GET /.env HTTP/1.1" 404 419 "-" "Mozilla/5.0 (X11; Linux x86_64) AppleWebKit/537.36 (KHTML, like Gecko) Chrome/81.0.4044.129 Safari/537.36"
20.55.58.5 - - [16/May/2023:01:56:23 +0000] "POST / HTTP/1.1" 405 401 "-" "Mozilla/5.0 (X11; Linux x86_64) AppleWebKit/537.36 (KHTML, like Gecko) Chrome/81.0.4044.129 Safari/537.36"
128.14.141.34 - - [16/May/2023:02:07:52 +0000] "GET /Telerik.Web.UI.WebResource.axd?type=rau HTTP/1.1" 404 363 "-" "Mozilla/5.0 (Windows NT 10.0; Win64; x64) AppleWebKit/537.36 (KHTML, like Gecko) Chrome/60.0.3112.113 Safari/537.36"
152.89.196.144 - - [16/May/2023:02:08:08 +0000] "GET /?XDEBUG_SESSION_START=phpstorm HTTP/1.1" 200 2113 "-" "Mozilla/5.0 (Windows NT 10.0; Win64; x64) AppleWebKit/537.36 (KHTML, like Gecko) Chrome/78.0.3904.108 Safari/537.36"
66.249.72.10 - - [16/May/2023:02:28:56 +0000] "GET /templates/logo.jpg HTTP/1.1" 404 419 "-" "Googlebot-Image/1.0"
66.249.72.10 - - [16/May/2023:03:38:05 +0000] "GET /pisscounter.conf HTTP/1.1" 404 419 "-" "Mozilla/5.0 (Linux; Android 6.0.1; Nexus 5X Build/MMB29P) AppleWebKit/537.36 (KHTML, like Gecko) Chrome/112.0.5615.142 Mobile Safari/537.36 (compatible; Googlebot/2.1; +http://www.google.com/bot.html)"
152.89.196.144 - - [16/May/2023:03:42:55 +0000] "GET /actuator/gateway/routes HTTP/1.1" 404 382 "-" "Mozilla/5.0 (Windows NT 10.0; Win64; x64) AppleWebKit/537.36 (KHTML, like Gecko) Chrome/78.0.3904.108 Safari/537.36"
51.79.29.48 - - [16/May/2023:03:48:52 +0000] "POST / HTTP/1.1" 405 401 "-" "Mozilla/5.0 (X11; Linux x86_64) AppleWebKit/537.36 (KHTML, like Gecko) Chrome/81.0.4044.129 Safari/537.36"
51.79.29.48 - - [16/May/2023:03:48:52 +0000] "GET /.env HTTP/1.1" 404 419 "-" "Mozilla/5.0 (X11; Linux x86_64) AppleWebKit/537.36 (KHTML, like Gecko) Chrome/81.0.4044.129 Safari/537.36"
87.121.221.49 - - [16/May/2023:04:23:51 +0000] "POST /boaform/admin/formLogin HTTP/1.1" 404 419 "http://35.226.208.247:80/admin/login.asp" "Mozilla/5.0 (X11; Ubuntu; Linux x86_64; rv:71.0) Gecko/20100101 Firefox/71.0"
161.35.233.14 - - [16/May/2023:04:47:42 +0000] "GET /explore HTTP/1.1" 404 382 "-" "Mozilla/5.0 (Windows NT 6.1; WOW64) AppleWebKit/537.36 (KHTML, like Gecko) Chrome/74.0.3729.108 Safari/537.36"
36.225.143.251 - - [16/May/2023:04:49:12 +0000] "POST / HTTP/1.1" 405 401 "-" "Mozilla/5.0 (Windows NT 10.0; Win64; x64) AppleWebKit/537.36 (KHTML, like Gecko) Chrome/83.0.4103.106 Safari/537.36"
221.11.4.158 - - [16/May/2023:06:14:26 +0000] "GET / HTTP/1.0" 200 6603 "-" "-"
124.239.133.128 - - [16/May/2023:06:15:25 +0000] "GET / HTTP/1.1" 200 6603 "-" "Mozilla/5.0 (Windows NT 6.1) AppleWebKit/537.36 (KHTML, like Gecko) Chrome/49.0.2623.112 Safari/537.36"
124.239.133.128 - - [16/May/2023:06:15:26 +0000] "GET /logo.jpg HTTP/1.1" 404 382 "-" "Mozilla/5.0 (Windows NT 6.1) AppleWebKit/537.36 (KHTML, like Gecko) Chrome/49.0.2623.112 Safari/537.36"
124.239.133.128 - - [16/May/2023:06:15:26 +0000] "GET /favicon.ico HTTP/1.1" 404 382 "-" "Mozilla/5.0 (Windows NT 6.1) AppleWebKit/537.36 (KHTML, like Gecko) Chrome/49.0.2623.112 Safari/537.36"
45.128.232.121 - - [16/May/2023:07:12:55 +0000] "POST /boaform/admin/formLogin HTTP/1.1" 404 419 "http://35.226.208.247:80/admin/login.asp" "Mozilla/5.0 (X11; Ubuntu; Linux x86_64; rv:71.0) Gecko/20100101 Firefox/71.0"
54.37.79.75 - - [16/May/2023:07:24:23 +0000] "POST / HTTP/1.1" 405 401 "-" "Mozilla/5.0 (X11; Linux x86_64) AppleWebKit/537.36 (KHTML, like Gecko) Chrome/81.0.4044.129 Safari/537.36"
54.37.79.75 - - [16/May/2023:07:24:23 +0000] "GET /.env HTTP/1.1" 404 419 "-" "Mozilla/5.0 (X11; Linux x86_64) AppleWebKit/537.36 (KHTML, like Gecko) Chrome/81.0.4044.129 Safari/537.36"
20.55.58.5 - - [16/May/2023:07:38:21 +0000] "GET /.env HTTP/1.1" 404 419 "-" "Mozilla/5.0 (X11; Linux x86_64) AppleWebKit/537.36 (KHTML, like Gecko) Chrome/81.0.4044.129 Safari/537.36"
20.55.58.5 - - [16/May/2023:07:38:21 +0000] "POST / HTTP/1.1" 405 401 "-" "Mozilla/5.0 (X11; Linux x86_64) AppleWebKit/537.36 (KHTML, like Gecko) Chrome/81.0.4044.129 Safari/537.36"
23.98.133.164 - - [16/May/2023:08:18:24 +0000] "GET /.env HTTP/1.1" 404 419 "-" "Mozilla/5.0 (X11; Linux x86_64) AppleWebKit/537.36 (KHTML, like Gecko) Chrome/81.0.4044.129 Safari/537.36"
23.98.133.164 - - [16/May/2023:08:18:24 +0000] "POST / HTTP/1.1" 405 401 "-" "Mozilla/5.0 (X11; Linux x86_64) AppleWebKit/537.36 (KHTML, like Gecko) Chrome/81.0.4044.129 Safari/537.36"
128.14.209.162 - - [16/May/2023:08:37:02 +0000] "GET / HTTP/1.1" 200 2094 "-" "Mozilla/5.0 (Windows NT 10.0; Win64; x64) AppleWebKit/537.36 (KHTML, like Gecko) Chrome/60.0.3112.113 Safari/537.36"
143.255.242.140 - - [16/May/2023:08:49:43 +0000] "GET / HTTP/1.1" 200 6584 "-" "Mozilla/5.0 (Windows NT 6.1; WOW64) AppleWebKit/537.36 (KHTML, like Gecko) Chrome/51.0.2704.103 Safari/537.36"
80.76.51.246 - - [16/May/2023:08:56:08 +0000] "GET /.env HTTP/1.1" 404 419 "-" "Mozilla/5.0 (Linux; U; Android 4.4.2; en-US; HM NOTE 1W Build/KOT49H) AppleWebKit/534.30 (KHTML, like Gecko) Version/4.0 UCBrowser/11.0.5.850 U3/0.8.0 Mobile Safari/534.30"
80.76.51.246 - - [16/May/2023:08:56:08 +0000] "POST / HTTP/1.1" 405 401 "-" "Mozilla/5.0 (Linux; U; Android 4.4.2; en-US; HM NOTE 1W Build/KOT49H) AppleWebKit/534.30 (KHTML, like Gecko) Version/4.0 UCBrowser/11.0.5.850 U3/0.8.0 Mobile Safari/534.30"
54.37.79.75 - - [16/May/2023:09:30:42 +0000] "POST / HTTP/1.1" 405 401 "-" "Mozilla/5.0 (X11; Linux x86_64) AppleWebKit/537.36 (KHTML, like Gecko) Chrome/81.0.4044.129 Safari/537.36"
54.37.79.75 - - [16/May/2023:09:30:42 +0000] "GET /.env HTTP/1.1" 404 419 "-" "Mozilla/5.0 (X11; Linux x86_64) AppleWebKit/537.36 (KHTML, like Gecko) Chrome/81.0.4044.129 Safari/537.36"
54.37.79.75 - - [16/May/2023:10:33:50 +0000] "POST / HTTP/1.1" 405 401 "-" "Mozilla/5.0 (X11; Linux x86_64) AppleWebKit/537.36 (KHTML, like Gecko) Chrome/81.0.4044.129 Safari/537.36"
54.37.79.75 - - [16/May/2023:10:33:50 +0000] "GET /.env HTTP/1.1" 404 419 "-" "Mozilla/5.0 (X11; Linux x86_64) AppleWebKit/537.36 (KHTML, like Gecko) Chrome/81.0.4044.129 Safari/537.36"
20.55.58.5 - - [16/May/2023:11:05:06 +0000] "GET /.env HTTP/1.1" 404 419 "-" "Mozilla/5.0 (X11; Linux x86_64) AppleWebKit/537.36 (KHTML, like Gecko) Chrome/81.0.4044.129 Safari/537.36"
20.55.58.5 - - [16/May/2023:11:05:06 +0000] "POST / HTTP/1.1" 405 401 "-" "Mozilla/5.0 (X11; Linux x86_64) AppleWebKit/537.36 (KHTML, like Gecko) Chrome/81.0.4044.129 Safari/537.36"
54.37.79.75 - - [16/May/2023:11:51:20 +0000] "POST / HTTP/1.1" 405 401 "-" "Mozilla/5.0 (X11; Linux x86_64) AppleWebKit/537.36 (KHTML, like Gecko) Chrome/81.0.4044.129 Safari/537.36"
54.37.79.75 - - [16/May/2023:11:51:21 +0000] "GET /.env HTTP/1.1" 404 419 "-" "Mozilla/5.0 (X11; Linux x86_64) AppleWebKit/537.36 (KHTML, like Gecko) Chrome/81.0.4044.129 Safari/537.36"
20.1.154.236 - - [16/May/2023:12:09:17 +0000] "GET /.env HTTP/1.1" 404 419 "-" "Mozilla/5.0 (X11; Linux x86_64) AppleWebKit/537.36 (KHTML, like Gecko) Chrome/81.0.4044.129 Safari/537.36"
20.1.154.236 - - [16/May/2023:12:09:17 +0000] "POST / HTTP/1.1" 405 401 "-" "Mozilla/5.0 (X11; Linux x86_64) AppleWebKit/537.36 (KHTML, like Gecko) Chrome/81.0.4044.129 Safari/537.36"
81.166.58.249 - - [16/May/2023:12:10:45 +0000] "GET /output.css HTTP/1.1" 404 419 "http://35.226.208.247/" "Mozilla/5.0 (Windows NT 10.0; Win64; x64) AppleWebKit/537.36 (KHTML, like Gecko) Chrome/112.0.0.0 Safari/537.36 OPR/98.0.0.0 (Edition std-1)"
81.166.58.249 - - [16/May/2023:12:10:45 +0000] "GET /logo.jpg HTTP/1.1" 404 419 "http://35.226.208.247/" "Mozilla/5.0 (Windows NT 10.0; Win64; x64) AppleWebKit/537.36 (KHTML, like Gecko) Chrome/112.0.0.0 Safari/537.36 OPR/98.0.0.0 (Edition std-1)"
81.166.58.249 - - [16/May/2023:12:10:45 +0000] "GET /pool.jpg HTTP/1.1" 404 419 "http://35.226.208.247/" "Mozilla/5.0 (Windows NT 10.0; Win64; x64) AppleWebKit/537.36 (KHTML, like Gecko) Chrome/112.0.0.0 Safari/537.36 OPR/98.0.0.0 (Edition std-1)"
81.166.58.249 - - [16/May/2023:12:10:45 +0000] "GET /logo.jpg HTTP/1.1" 404 418 "http://35.226.208.247/" "Mozilla/5.0 (Windows NT 10.0; Win64; x64) AppleWebKit/537.36 (KHTML, like Gecko) Chrome/112.0.0.0 Safari/537.36 OPR/98.0.0.0 (Edition std-1)"
65.49.20.68 - - [16/May/2023:12:16:17 +0000] "GET / HTTP/1.1" 200 2094 "-" "Mozilla/5.0 (Macintosh; Intel Mac OS X 10_15_7) AppleWebKit/605.1.15 (KHTML, like Gecko) Version/15.6.1 Safari/605.1.15"
65.49.20.68 - - [16/May/2023:12:17:24 +0000] "GET /favicon.ico HTTP/1.1" 404 363 "-" "Mozilla/5.0 (Windows NT 10.0; Win64; x64) AppleWebKit/537.36 (KHTML, like Gecko) Chrome/108.0.0.0 YaBrowser/23.1.2.987 Yowser/2.5 Safari/537.36"
162.243.134.59 - - [16/May/2023:12:17:52 +0000] "GET /actuator/health HTTP/1.1" 404 363 "-" "Mozilla/5.0 zgrab/0.x"
65.49.20.68 - - [16/May/2023:12:18:12 +0000] "GET /geoserver/web/ HTTP/1.1" 404 363 "-" "Mozilla/5.0 (Macintosh; Intel Mac OS X 10_15_7) AppleWebKit/605.1.15 (KHTML, like Gecko) Version/15.6.1 Safari/605.1.15"
